2025-10-31 11:13:38.848 Df installcoordinationd[96396:97989f] [com.apple.installcoordination:daemon] -[IXSClientConnection _client_coordinatorWithUUID:didUpdateProgress:forPhase:overallProgress:]: Dispatching _client_coordinatorWithUUID:uuid didUpdateProgress:percentComplete forPhase:phase overallProgress:overallProgress to <IXSClientConnection<0x6000026152c0> client:CoreSimulatorBridge (pid 96313) uuid:7CCCBE15-6580-4902-84DF-135C62CF0422>
2025-10-31 11:13:38.848 Df runningboardd[96287:97bbc3] [com.apple.runningboard:ttl] Invalidating assertion 96287-96282-595 (target:osservice<com.apple.PosterBoard>) from originator [osservice<com.apple.SpringBoard>:96282]
2025-10-31 11:13:38.848 Df PosterBoard[96346:97aebf] [com.apple.PosterFoundation:Extensions] (0x600002919dc0) didUpdateExtensions:NO
2025-10-31 11:13:38.848 Df SpringBoard[96282:97bbd6] [com.apple.UserNotificationsUI:Extensions] Loaded extension com.apple.health.HealthMedicationsUI.HealthMedicationsNotificationContentExtension for categories [ MedicationsHealthAppPlugin.NotMissed, MedicationsHealthAppPlugin.NotMissed.Singular, MedicationsHealthAppPlugin.NotMissedFollowUp, MedicationsHealthAppPlugin.NotMissedFollowUp.Singular ] with attributes: {
    NSExtensionPointName = "com.apple.usernotifications.content-extension";
    NSExtensionPointVersion = "1.0";
    NSExtensionVersion = "1.0";
    UNNotificationExtensionCategory =     (
        "MedicationsHealthAppPlugin.NotMissed",
        "MedicationsHealthAppPlugin.NotMissed.Singular",
        "MedicationsHealthAppPlugin.NotMissedFollowUp",
        "MedicationsHealthAppPlugin.NotMissedFollowUp.Singular"
    );
    UNNotificationExtensionCustomSectionIdentifier = "com.apple.Health";
    UNNotificationExtensionDefaultContentHidden = 0;
    UNNotificationExtensionInitialContentSizeRatio = "0.01";
    UNNotificationExtensionOverridesDefaultTitle = 1;
}
2025-10-31 11:13:38.849 Df CoreSimulatorBridge[96313:97c1f2] [com.apple.installcoordination:framework] -[IXAppInstallCoordinator _clientDelegate_didUpdateProgress:forPhase:overallProgress:]: <IXUpdatingAppInstallCoordinator<0x600001712a00> identity:[com.example.tryingPatrolMarathonIos.RunnerUITests.xctrunner/Invalid] uuid:1488EA9F-B7A8-4618-AB93-649707592AE5 creator:InstallCoordination Simple SPI>: Got did update progress delegate with percentComplete 20.000000 phase IXCoordinatorProgressPhaseInstalling overallProgress 68.000000
2025-10-31 11:13:38.848 Df installcoordinationd[96396:97989f] [com.apple.installcoordination:daemon] -[IXSClientConnection _client_coordinatorWithUUID:didUpdateProgress:forPhase:overallProgress:]: Client SpringBoard (pid 96282) was not interested in coordinator UUID 1488EA9F-B7A8-4618-AB93-649707592AE5
2025-10-31 11:13:38.848 Df PosterBoard[96346:97aebf] [com.apple.PosterBoardServices:Common] PRSServer received connection invalidation: <(null):0x6000021236b0>
2025-10-31 11:13:38.850 Df chronod[96336:97bb96] [com.apple.chrono:extensions] Found effective container bundle identifier: com.apple.Preferences
2025-10-31 11:13:38.849 Df CoreSimulatorBridge[96313:97c1f2] [com.apple.installcoordination:framework] -[IXAppInstallCoordinator _clientDelegate_didUpdateProgress:forPhase:overallProgress:]_block_invoke: <IXUpdatingAppInstallCoordinator<0x600001712a00> identity:[com.example.tryingPatrolMarathonIos.RunnerUITests.xctrunner/Invalid] uuid:1488EA9F-B7A8-4618-AB93-649707592AE5 creator:InstallCoordination Simple SPI>: Calling selector coordinator:didUpdateProgress:forPhase:overallProgress: on observer <_IXSimpleInstallerDelegate 0x0x600000c2d0e0>
2025-10-31 11:13:38.851 Df containermanagerd_system[96333:97bbad] [com.apple.containermanager:fs] stat [/Users/osekine/Library/Developer/CoreSimulator/Devices/BCE1DF2D-4C6B-468E-9AC6-0F143386FCDE/data/Containers/Bundle/Application/CCE4D77A-4365-417A-AD87-28141FFD1BD5/.com.apple.mobile_container_manager.metadata.plist]: 1/0/0644/501/20
2025-10-31 11:13:38.848 Df installcoordinationd[96396:97989f] [com.apple.installcoordination:daemon] -[IXSClientConnection _client_coordinatorWithUUID:didUpdateProgress:forPhase:overallProgress:]: Client appstored (pid 96374) was not interested in coordinator UUID 1488EA9F-B7A8-4618-AB93-649707592AE5
2025-10-31 11:13:38.849 Df PosterBoard[96346:97aebf] [com.apple.PosterBoardServices:Common] Removing Connection: <(null):0x6000021236b0>
2025-10-31 11:13:38.849 Df SpringBoard[96282:97bbd6] [com.apple.UserNotificationsUI:Extensions] Loaded extension com.apple.SeymourServices.SeymourNotifications for categories [ fitcored-engagement-category ] with attributes: {
    NSExtensionPointName = "com.apple.usernotifications.content-extension";
    NSExtensionPointVersion = "1.0";
    NSExtensionVersion = "1.0";
    UNNotificationExtensionCategory =     (
        "fitcored-engagement-category"
    );
    UNNotificationExtensionCustomSectionIdentifier = "com.apple.Fitness";
    UNNotificationExtensionDefaultContentHidden = 1;
    UNNotificationExtensionInitialContentSizeRatio = "0.1";
    UNNotificationExtensionUserInteractionEnabled = 1;
}
2025-10-31 11:13:38.851 Df installd[96463:97ae14] [com.apple.containermanager:xpc] Query; euid = 501, uid = 501, class = 1, identifier = [com.example.tryingPatrolMarathonIos.RunnerUITests.xctrunner](1), flags = 300000002
2025-10-31 11:13:38.851 Df containermanagerd_system[96333:97bbad] [com.apple.containermanager:query] Query result: count = 1, error = (null)
2025-10-31 11:13:38.849 Df installcoordinationd[96396:97989f] [com.apple.installcoordination:daemon] -[IXSClientConnection _client_coordinatorWithUUID:didUpdateProgress:forPhase:overallProgress:]: Dispatching _client_coordinatorWithUUID:uuid didUpdateProgress:percentComplete forPhase:phase overallProgress:overallProgress to <IXSClientConnection<0x6000026152c0> client:CoreSimulatorBridge (pid 96313) uuid:7CCCBE15-6580-4902-84DF-135C62CF0422>
2025-10-31 11:13:38.849 Df PosterBoard[96346:97aebf] [com.apple.PosterBoardServices:Common] PRSServer received connection invalidation: <(null):0x600002136170>
2025-10-31 11:13:38.851 Df installd[96463:97ae14] [com.apple.containermanager:unspecified] container_query_get_single_result: success
2025-10-31 11:13:38.851 Df containermanagerd_system[96333:97bbad] [com.apple.containermanager:xpc] [501] command=39, client=<com.apple.installd/(null), u=<501/20/501/2/501>, uid=501, pid=96463, sandboxed=0, platform=7 (1/1/1) [(null)], cached>, error=(null)
2025-10-31 11:13:38.849 Df PosterBoard[96346:97aebf] [com.apple.PosterBoardServices:Common] Removing Connection: <(null):0x600002136170>
2025-10-31 11:13:38.850 Df SpringBoard[96282:97bbd6] [com.apple.UserNotificationsUI:Extensions] Loaded extension com.apple.SleepHealthUI.SleepNotificationContentExtension for categories [ BedtimeReminderCategory, WindDownReminderCategory, FocusIntroCategory ] with attributes: {
    NSExtensionPointName = "com.apple.usernotifications.content-extension";
    NSExtensionPointVersion = "1.0";
    NSExtensionVersion = "1.0";
    UNNotificationExtensionCategory =     (
        BedtimeReminderCategory,
        WindDownReminderCategory,
        FocusIntroCategory
    );
    UNNotificationExtensionCustomSectionIdentifier = "com.apple.Health";
    UNNotificationExtensionInitialContentSizeRatio = "0.001";
}
2025-10-31 11:13:38.852 Df pkd[96350:97bca4] [com.apple.PlugInKit:discovery] [d ADA25B66-6D11-4EEF-BDAD-8194E94917B5] Final plugin count: 2
2025-10-31 11:13:38.851 Df SpringBoard[96282:977b1f] [com.apple.SpringBoard:Icon] 0x600002c20400-SBApplicationIcon Data source did change: <SBApplicationPlaceholder: 0x600000c38c60; bundleIdentifier: com.example.tryingPatrolMarathonIos.RunnerUITests.xctrunner; displayName: RunnerUITests-Runner; progress: 62%; state: Installing; canPromote?: YES> (SBApplicationPlaceholder)
2025-10-31 11:13:38.853 Df sharingd[96306:97c211] [com.apple.PlugInKit:discovery] [d ADA25B66-6D11-4EEF-BDAD-8194E94917B5] <PKHost:0x600001707bc0> Completed discovery. Final # of matches: 2
2025-10-31 11:13:38.853 Df sharingd[96306:97bb98] [com.apple.PlugInKit:discovery] <PKDiscoveryDriver:0x600002610e40> delivering update to host (2 plugins)
2025-10-31 11:13:38.851 Df SpringBoard[96282:97bbd6] [com.apple.UserNotificationsUI:Extensions] Loaded extension com.apple.news.marketingnotificationextension for categories [ extension-marketing ] with attributes: {
    NSExtensionPointName = "com.apple.usernotifications.content-extension";
    NSExtensionPointVersion = "1.0";
    NSExtensionVersion = "1.0";
    UNNotificationExtensionCategory =     (
        "extension-marketing"
    );
    UNNotificationExtensionDefaultContentHidden = 1;
    UNNotificationExtensionInitialContentSizeRatio = "0.1";
}
2025-10-31 11:13:38.852 Df SpringBoard[96282:97bbd6] [com.apple.UserNotificationsUI:Extensions] Loaded extension com.apple.ShazamKit.ShazamNotificationContentExtension for categories [ com.apple.ShazamNotifications.category.actionable ] with attributes: {
    NSExtensionPointName = "com.apple.usernotifications.content-extension";
    NSExtensionPointVersion = "1.0";
    NSExtensionVersion = "1.0";
    UNNotificationExtensionCategory = "com.apple.ShazamNotifications.category.actionable";
    UNNotificationExtensionCustomSectionIdentifier = "com.apple.ShazamNotifications";
    UNNotificationExtensionDefaultContentHidden = 1;
    UNNotificationExtensionInitialContentSizeRatio = 1;
}
2025-10-31 11:13:38.853 Df SpringBoard[96282:97bbd6] [com.apple.UserNotificationsUI:Extensions] Loaded extension com.apple.BarcodeSupport.BarcodeNotificationExtension2 for categories [ barcodeNotificationDefaultViewCategory ] with attributes: {
    NSExtensionPointName = "com.apple.usernotifications.content-extension";
    NSExtensionPointVersion = "1.0";
    NSExtensionVersion = 1001;
    UNNotificationExtensionCategory = barcodeNotificationDefaultViewCategory;
    UNNotificationExtensionCustomSectionIdentifier =     (
        "com.apple.barcodesupport.qrcode",
        "com.apple.barcodesupport.nfc"
    );
    UNNotificationExtensionDefaultContentHidden = 0;
    UNNotificationExtensionInitialContentSizeRatio = "0.0001";
}
2025-10-31 11:13:38.853 Df sharingd[96306:97bb98] [com.apple.extensionkit:NSExtension] discovered extensions: attributes {
    NSExtensionActivationRule =     {
        extensionItems =         (
                        {
                attachments =                 (
                                        {
                        registeredTypeIdentifiers =                         (
                            "public.image"
                        );
                    },
                                        {
                        registeredTypeIdentifiers =                         (
                            "public.plain-text"
                        );
                    },
                                        {
                        registeredTypeIdentifiers =                         (
                            "public.url"
                        );
                    }
                );
            }
        );
    };
    NSExtensionPointName =     (
        "com.apple.share-services",
        "com.apple.ui-services",
        "com.apple.services"
    );
}, extensionSet {(
    <EXConcreteExtension:
2025-10-31 11:13:38.853 Df sharingd[96306:97bb98] [com.apple.ShareSheet:ShareSheet] ExtensionsCache: 2 new extensions from NSExtension for cache key = [public.image|public.plain-text|public.url/com.apple.services|com.apple.share-services|com.apple.ui-services]
2025-10-31 11:13:38.853 Df SpringBoard[96282:97bbd6] [com.apple.UserNotificationsUI:Extensions] Loaded extension com.apple.mobiletimer-framework.MobileTimerNotificationExtension for categories [ AlarmSnoozeCountdown ] with attributes: {
    NSExtensionPointName = "com.apple.usernotifications.content-extension";
    NSExtensionPointVersion = "1.0";
    NSExtensionVersion = "1.0";
    UNNotificationExtensionCategory = AlarmSnoozeCountdown;
    UNNotificationExtensionCustomSectionIdentifier = "com.apple.mobiletimer";
    UNNotificationExtensionDefaultContentHidden = 1;
    UNNotificationExtensionInitialContentSizeRatio = "0.7";
}
2025-10-31 11:13:38.854 Df installd[96463:97ae14] [com.apple.containermanager:xpc] Query; euid = 501, uid = 501, class = 1, identifier = [com.example.tryingPatrolMarathonIos.RunnerUITests.xctrunner](1), flags = 300000002
2025-10-31 11:13:38.854 Df installcoordinationd[96396:97c209] [com.apple.installcoordination:daemon] -[IXSCoordinatorProgress setTotalUnitsCompleted:]: Progress for coordinator: [com.example.tryingPatrolMarathonIos.RunnerUITests.xctrunner/Invalid], Phase: IXCoordinatorProgressPhaseInstalling, Percentage: 20.000000: Attempt to set units completed on finished progress: 20
2025-10-31 11:13:38.853 Df SpringBoard[96282:97bbd6] [com.apple.UserNotificationsUI:Extensions] Loaded extension com.apple.mobileslideshow.photosmemoriesnotificationupdates for categories [ memoriesUpdates ] with attributes: {
    NSExtensionPointName = "com.apple.usernotifications.content-extension";
    NSExtensionPointVersion = "1.0";
    NSExtensionVersion = "1.0";
    SFBUISNotificationExtensionDefaultScrollViewNotProvided = 1;
    UNNotificationExtensionCategory =     (
        memoriesUpdates
    );
    UNNotificationExtensionInitialContentSizeRatio = 1;
}
2025-10-31 11:13:38.854 Df containermanagerd_system[96333:97bbad] [com.apple.containermanager:fs] stat [/Users/osekine/Library/Developer/CoreSimulator/Devices/BCE1DF2D-4C6B-468E-9AC6-0F143386FCDE/data/Containers/Bundle/Application/CCE4D77A-4365-417A-AD87-28141FFD1BD5/.com.apple.mobile_container_manager.metadata.plist]: 1/0/0644/501/20
2025-10-31 11:13:38.854 Df containermanagerd_system[96333:97bbad] [com.apple.containermanager:query] Query result: count = 1, error = (null)
2025-10-31 11:13:38.854 Df installd[96463:97ae14] [com.apple.containermanager:unspecified] container_query_get_single_result: success
2025-10-31 11:13:38.854 Df containermanagerd_system[96333:97bbad] [com.apple.containermanager:xpc] [501] command=39, client=<com.apple.installd/(null), u=<501/20/501/2/501>, uid=501, pid=96463, sandboxed=0, platform=7 (1/1/1) [(null)], cached>, error=(null)
2025-10-31 11:13:38.855 Df chronod[96336:97bb96] [com.apple.chrono:extensions] No direct container found for extension: com.apple.TelephonyUtilities.IntelligenceIntents - looking for effective container bundle identifier.
2025-10-31 11:13:38.855 Df chronod[96336:97bb96] [com.apple.chrono:extensions] Found effective container bundle identifier: com.apple.Preferences
2025-10-31 11:13:38.855 Df chronod[96336:97bb96] [com.apple.chrono:extensions] No direct container found for extension: com.apple.DefaultAppsSettingsIntents - looking for effective container bundle identifier.
2025-10-31 11:13:38.855 Df chronod[96336:97bb96] [com.apple.chrono:extensions] Found effective container bundle identifier: com.apple.Preferences
2025-10-31 11:13:38.856 Df runningboardd[96287:97bbc3] [com.apple.runningboard:assertion] Removed last relative-start-date-defining assertion for process osservice<com.apple.PosterBoard>
2025-10-31 11:13:38.856 Df runningboardd[96287:97bb99] [com.apple.runningboard:ttl] [osservice<com.apple.PosterBoard>:96346] Suspending task.
2025-10-31 11:13:38.856 Df runningboardd[96287:97bbc3] [com.apple.runningboard:monitor] Calculated state for osservice<com.apple.PosterBoard>: running-suspended (role: None) (endowments: (null))
2025-10-31 11:13:38.856 Df SpringBoard[96282:97bbbd] [com.apple.runningboard:monitor] Received state update for 96346 (osservice<com.apple.PosterBoard>, running-suspended-NotVisible
2025-10-31 11:13:38.856 Df mediaremoted[96291:97bbe9] [com.apple.runningboard:monitor] Received state update for 96346 (osservice<com.apple.PosterBoard>, running-suspended-NotVisible
2025-10-31 11:13:38.857 Df locationd[96308:97b369] [com.apple.runningboard:monitor] Received state update for 96346 (osservice<com.apple.PosterBoard>, running-suspended-NotVisible
2025-10-31 11:13:38.857 Df locationd[96308:97bbdf] [com.apple.locationd.Core:Core] {"msg":"invoking applicationStateChange handler", "StateChangeData":{
    BKSApplicationStateAppIsFrontmost = 0;
    BKSApplicationStateExtensionKey = 0;
    SBApplicationStateDisplayIDKey = "com.apple.PosterBoard";
    SBApplicationStateKey = 2;
    SBApplicationStateProcessIDKey = 96346;
    SBMostElevatedStateForProcessID = 2;
}}
2025-10-31 11:13:38.857 Df SpringBoard[96282:97bba6] [com.apple.FrontBoard:Process] [osservice<com.apple.PosterBoard>:96346] Setting process task state to: Suspended
2025-10-31 11:13:38.857 Df chronod[96336:97bb96] [com.apple.chrono:extensions] No direct container found for extension: com.apple.AirDropSettingsIntents - looking for effective container bundle identifier.
2025-10-31 11:13:38.857 Df installd[96463:97ae14] (MobileSystemServices) 0x16da5b000 -[MIInstaller _installInstallable:containingSymlink:error:]: Installing <MIInstallableBundlePatch ID=com.example.tryingPatrolMarathonIos.RunnerUITests.xctrunner; Persona=com.apple.containermanager.primary-persona, Version=1, ShortVersion=1.0>
2025-10-31 11:13:38.857 Df locationd[96308:97bbdf] [com.apple.locationd.Core:Core] {"msg":"RBS #AppMonitor process monitor update handler invoked", "pid":96346, "bundleID":com.apple.PosterBoard, "state":3}
2025-10-31 11:13:38.858 Df installcoordinationd[96396:97ac1b] [com.apple.installcoordination:daemon] -[IXSClientConnection _client_coordinatorWithUUID:didUpdateProgress:forPhase:overallProgress:]: Client SpringBoard (pid 96282) was not interested in coordinator UUID 1488EA9F-B7A8-4618-AB93-649707592AE5
2025-10-31 11:13:38.857 Df installd[96463:97ae14] [com.apple.appinstallation:TransactionLog] com.example.tryingPatrolMarathonIos.RunnerUITests.xctrunner/com.apple.containermanager.primary-persona:7:1:1:1:Start : Install (Patch Update)
2025-10-31 11:13:38.857 Df SpringBoard[96282:977b1f] [com.apple.SpringBoard:Common] Application process state changed for com.apple.PosterBoard: <SBApplicationProcessState: 0x6000004f3ec0; pid: 96346; taskState: Suspended; visibility: Unknown>
2025-10-31 11:13:38.858 Df CoreSimulatorBridge[96313:97c1f2] [com.apple.installcoordination:framework] -[IXAppInstallCoordinator _clientDelegate_didUpdateProgress:forPhase:overallProgress:]: <IXUpdatingAppInstallCoordinator<0x600001712a00> identity:[com.example.tryingPatrolMarathonIos.RunnerUITests.xctrunner/Invalid] uuid:1488EA9F-B7A8-4618-AB93-649707592AE5 creator:InstallCoordination Simple SPI>: Got did update progress delegate with percentComplete 30.000000 phase IXCoordinatorProgressPhaseInstalling overallProgress 72.000000
2025-10-31 11:13:38.857 Df chronod[96336:97bb96] [com.apple.chrono:extensions] Found effective container bundle identifier: com.apple.Preferences
2025-10-31 11:13:38.857 Df locationd[96308:97c21c] [com.apple.locationd.Core:Core] {"msg":"Not Posting Application State Change Notification via legacy path", "notification":BackgroundTaskSuspended, "pid":96346, "bundleId":com.apple.PosterBoard}
2025-10-31 11:13:38.858 Df installcoordinationd[96396:97ac1b] [com.apple.installcoordination:daemon] -[IXSClientConnection _client_coordinatorWithUUID:didUpdateProgress:forPhase:overallProgress:]: Client appstored (pid 96374) was not interested in coordinator UUID 1488EA9F-B7A8-4618-AB93-649707592AE5
2025-10-31 11:13:38.857 Df installd[96463:97ae14] (MobileSystemServices) 0x16da5b000 -[MIInstallableBundlePatch applyPatchWithError:]: Attempting Delta patch update of com.example.tryingPatrolMarathonIos.RunnerUITests.xctrunner from 1 (1.0) to 1 (1.0)
2025-10-31 11:13:38.858 Df CoreSimulatorBridge[96313:97c1f2] [com.apple.installcoordination:framework] -[IXAppInstallCoordinator _clientDelegate_didUpdateProgress:forPhase:overallProgress:]: <IXUpdatingAppInstallCoordinator<0x600001712a00> identity:[com.example.tryingPatrolMarathonIos.RunnerUITests.xctrunner/Invalid] uuid:1488EA9F-B7A8-4618-AB93-649707592AE5 creator:InstallCoordination Simple SPI>: Got did update progress delegate with percentComplete 35.000000 phase IXCoordinatorProgressPhaseInstalling overallProgress 74.000000
2025-10-31 11:13:38.858 Df chronod[96336:97bb96] [com.apple.chrono:extensions] No direct container found for extension: com.apple.NotificationsSettingsExtension - looking for effective container bundle identifier.
2025-10-31 11:13:38.858 Df installcoordinationd[96396:97ac1b] [com.apple.installcoordination:daemon] -[IXSClientConnection _client_coordinatorWithUUID:didUpdateProgress:forPhase:overallProgress:]: Dispatching _client_coordinatorWithUUID:uuid didUpdateProgress:percentComplete forPhase:phase overallProgress:overallProgress to <IXSClientConnection<0x6000026152c0> client:CoreSimulatorBridge (pid 96313) uuid:7CCCBE15-6580-4902-84DF-135C62CF0422>
2025-10-31 11:13:38.858 Df CoreSimulatorBridge[96313:97a8a5] [com.apple.installcoordination:framework] -[IXAppInstallCoordinator _clientDelegate_didUpdateProgress:forPhase:overallProgress:]_block_invoke: <IXUpdatingAppInstallCoordinator<0x600001712a00> identity:[com.example.tryingPatrolMarathonIos.RunnerUITests.xctrunner/Invalid] uuid:1488EA9F-B7A8-4618-AB93-649707592AE5 creator:InstallCoordination Simple SPI>: Calling selector coordinator:didUpdateProgress:forPhase:overallProgress: on observer <_IXSimpleInstallerDelegate 0x0x600000c2d0e0>
2025-10-31 11:13:38.857 Df locationd[96308:97c21c] [com.apple.locationd.Core:Core] {"msg":"RBS #AppMonitor Post Application State Change Notification", "notification":BackgroundTaskSuspended, "pid":96346, "bundleId":com.apple.PosterBoard}
2025-10-31 11:13:38.858 Df installcoordinationd[96396:97ac1b] [com.apple.installcoordination:daemon] -[IXSClientConnection _client_coordinatorWithUUID:didUpdateProgress:forPhase:overallProgress:]: Client SpringBoard (pid 96282) was not interested in coordinator UUID 1488EA9F-B7A8-4618-AB93-649707592AE5
2025-10-31 11:13:38.858 Df CoreSimulatorBridge[96313:97a8a5] [com.apple.installcoordination:framework] -[IXAppInstallCoordinator _clientDelegate_didUpdateProgress:forPhase:overallProgress:]_block_invoke: <IXUpdatingAppInstallCoordinator<0x600001712a00> identity:[com.example.tryingPatrolMarathonIos.RunnerUITests.xctrunner/Invalid] uuid:1488EA9F-B7A8-4618-AB93-649707592AE5 creator:InstallCoordination Simple SPI>: Calling selector coordinator:didUpdateProgress:forPhase:overallProgress: on observer <_IXSimpleInstallerDelegate 0x0x600000c2d0e0>
2025-10-31 11:13:38.858 Df chronod[96336:97bb96] [com.apple.chrono:extensions] Found effective container bundle identifier: com.apple.Preferences
2025-10-31 11:13:38.857 Df locationd[96308:97b369] [com.apple.locationd.Core:Core] {"msg":"#Warning #ClientResolution the passed keyPath is not registered. Resolving to #nullCKP", "InputCKP":icom.apple.PosterBoard:}
2025-10-31 11:13:38.858 Df installcoordinationd[96396:97ac1b] [com.apple.installcoordination:daemon] -[IXSClientConnection _client_coordinatorWithUUID:didUpdateProgress:forPhase:overallProgress:]: Client appstored (pid 96374) was not interested in coordinator UUID 1488EA9F-B7A8-4618-AB93-649707592AE5
2025-10-31 11:13:38.857 Df locationd[96308:97b369] [com.apple.locationd.Utility:QA] os_transaction created: (0x16f479be0) GetIdentifyingInformation
2025-10-31 11:13:38.858 Df installcoordinationd[96396:97ac1b] [com.apple.installcoordination:daemon] -[IXSClientConnection _client_coordinatorWithUUID:didUpdateProgress:forPhase:overallProgress:]: Dispatching _client_coordinatorWithUUID:uuid didUpdateProgress:percentComplete forPhase:phase overallProgress:overallProgress to <IXSClientConnection<0x6000026152c0> client:CoreSimulatorBridge (pid 96313) uuid:7CCCBE15-6580-4902-84DF-135C62CF0422>
2025-10-31 11:13:38.858 Df locationd[96308:97b369] [com.apple.locationd.Utility:QA] os_transaction releasing: (0x16f479be0) GetIdentifyingInformation
2025-10-31 11:13:38.858 Df locationd[96308:97b369] [com.apple.locationd.Core:Core] {"msg":"#CLIUA AppMonitor notification", "notification":2, "pid":96346, "bundleId":com.apple.PosterBoard, "ClientKey":icom.apple.PosterBoard:}
2025-10-31 11:13:38.858 Df locationd[96308:97b369] [com.apple.locationd.Core:Core] {"msg":"skip erasing #CLIUA for RunningBoard Process State. Does not exists", "bundleId":com.apple.PosterBoard}
2025-10-31 11:13:38.860 Df chronod[96336:97bb96] [com.apple.chrono:extensions] No direct container found for extension: com.apple.ControlCenter.ControlCenterControlsExtension - looking for effective container bundle identifier.
2025-10-31 11:13:38.860 Df chronod[96336:97bb96] [com.apple.chrono:extensions] Found effective container bundle identifier: com.apple.springboard
2025-10-31 11:13:38.860 Df chronod[96336:97bb96] [com.apple.chrono:extensions] Unchanged extension: <WidgetExtension - identifier: com.apple.Preferences::com.apple.settingsandcoreapps.SoundAndHapticsControls, version: 1098.2.8, containerVersion: 1308.2.502, lastModifiedDate: 2025-02-18T01:17:58+03:00 isInternal: true>
2025-10-31 11:13:38.860 Df chronod[96336:97bb96] [com.apple.chrono:extensions] Unchanged extension: <WidgetExtension - identifier: com.apple.Passbook::com.apple.Passbook.PassbookWidgets, version: 1, containerVersion: 1591.4.3, lastModifiedDate: 2025-02-18T01:17:58+03:00 isInternal: true>
2025-10-31 11:13:38.860 Df chronod[96336:97bb96] [com.apple.chrono:extensions] Unchanged extension: <WidgetExtension - identifier: com.apple.Health::com.apple.Health.HealthMentalHealthWidgetExtension, version: 1, containerVersion: 5200.3.6.1.1, lastModifiedDate: 2025-02-18T01:17:58+03:00 isInternal: true>
2025-10-31 11:13:38.860 Df chronod[96336:97bb96] [com.apple.chrono:extensions] Unchanged extension: <WidgetExtension - identifier: com.apple.Preferences::com.apple.GeneralSettingsIntents, version: 1200.2.500, containerVersion: 1308.2.502, lastModifiedDate: 2025-02-18T01:17:58+03:00 isInternal: true>
2025-10-31 11:13:38.860 E  runningboardd[96287:97bb99] [com.apple.runningboard:process] [osservice<com.apple.PosterBoard>:96346] pid_suspend() failed with error 1: Operation not permitted
2025-10-31 11:13:38.860 Df chronod[96336:97bb96] [com.apple.chrono:extensions] Unchanged extension: <WidgetExtension - identifier: com.apple.TVRemoteUIService::com.apple.TVRemoteUIService.TVRemoteWidget, version: 1, containerVersion: 1, lastModifiedDate: 2025-02-18T01:17:58+03:00 isInternal: true>
2025-10-31 11:13:38.860 Df runningboardd[96287:97bb99] [com.apple.runningboard:ttl] [osservice<com.apple.PosterBoard>:96346] Set darwin role to: None
2025-10-31 11:13:38.860 Df chronod[96336:97bb96] [com.apple.chrono:extensions] Unchanged extension: <WidgetExtension - identifier: com.apple.news::com.apple.news.widget, version: 5626, containerVersion: 5626, lastModifiedDate: 2025-02-18T01:17:58+03:00 isInternal: true>
2025-10-31 11:13:38.860 Df chronod[96336:97bb96] [com.apple.chrono:extensions] Unchanged extension: <WidgetExtension - identifier: com.apple.PassbookStub::com.apple.PassbookStub.PassbookWidgets, version: 1, containerVersion: 1, lastModifiedDate: 2025-02-18T01:17:58+03:00 isInternal: true>
2025-10-31 11:13:38.860 Df chronod[96336:97bb96] [com.apple.chrono:extensions] Unchanged extension: <WidgetExtension - identifier: com.apple.Maps::com.apple.Maps.GeneralMapsWidget, version: 1, containerVersion: 2864.33.11.14.5, lastModifiedDate: 2025-02-18T01:17:58+03:00 isInternal: true>
2025-10-31 11:13:38.861 Df chronod[96336:97bb96] [com.apple.chrono:extensions] Unchanged extension: <WidgetExtension - identifier: com.apple.siri::com.apple.siri.TypeToSiriWidget, version: 1, containerVersion: 1, lastModifiedDate: 2025-02-18T01:17:58+03:00 isInternal: true>
2025-10-31 11:13:38.861 Df chronod[96336:97bb96] [com.apple.chrono:extensions] Unchanged extension: <WidgetExtension - identifier: com.apple.Batteries::com.apple.Batteries.BatteriesAvocadoWidgetExtension, version: 2, containerVersion: 2, lastModifiedDate: 2025-02-18T01:17:58+03:00 isInternal: true>
2025-10-31 11:13:38.861 Df pkd[96350:97bca4] [com.apple.PlugInKit:discovery] [d 397F6721-830C-4F80-9153-D62B0F56E2D1] Final plugin count: 3
2025-10-31 11:13:38.861 Df chronod[96336:97bb96] [com.apple.chrono:extensions] Unchanged extension: <WidgetExtension - identifier: com.apple.Preferences::com.apple.BluetoothSettingsApp.BluetoothSettingsAppIntentsWidget, version: 1, containerVersion: 1308.2.502, lastModifiedDate: 2025-02-18T01:17:58+03:00 isInternal: true>
2025-10-31 11:13:38.861 Df chronod[96336:97bb96] [com.apple.chrono:extensions] Unchanged extension: <WidgetExtension - identifier: com.apple.Health::com.apple.Health.HealthMedicationsWidgetExtension, version: 1, containerVersion: 5200.3.6.1.1, lastModifiedDate: 2025-02-18T01:17:58+03:00 isInternal: true>
2025-10-31 11:13:38.861 Df chronod[96336:97bb96] [com.apple.chrono:extensions] Unchanged extension: <WidgetExtension - identifier: com.apple.Health.Sleep::com.apple.Health.Sleep.SleepWidgetExtension, version: 1, containerVersion: 1, lastModifiedDate: 2025-02-18T01:17:58+03:00 isInternal: true>
2025-10-31 11:13:38.861 Df chronod[96336:97bb96] [com.apple.chrono:extensions] Unchanged extension: <WidgetExtension - identifier: com.apple.ScreenTimeWidgetApplication::com.apple.ScreenTimeWidgetApplication.ScreenTimeWidgetExtension, version: 537.3.3, containerVersion: 537.3.3, lastModifiedDate: 2025-02-18T01:17:58+03:00 isInternal: true>
2025-10-31 11:13:38.861 Df sharingd[96306:97c211] [com.apple.PlugInKit:discovery] [d 397F6721-830C-4F80-9153-D62B0F56E2D1] <PKHost:0x600001707bc0> Completed discovery. Final # of matches: 3
2025-10-31 11:13:38.861 Df chronod[96336:97bb96] [com.apple.chrono:extensions] Unchanged extension: <WidgetExtension - identifier: com.apple.Fitness::com.apple.Fitness.FitnessWidget, version: 1.0, containerVersion: 1.0, lastModifiedDate: 2025-02-18T01:17:58+03:00 isInternal: true>
2025-10-31 11:13:38.861 Df sharingd[96306:97bb98] [com.apple.PlugInKit:discovery] <PKDiscoveryDriver:0x60000260db60> delivering update to host (3 plugins)
2025-10-31 11:13:38.861 Df chronod[96336:97bb96] [com.apple.chrono:extensions] Unchanged extension: <WidgetExtension - identifier: com.apple.Bridge::com.apple.Bridge.BridgeWidgetExtension, version: 1, containerVersion: 1.0, lastModifiedDate: 2025-02-18T01:17:58+03:00 isInternal: true>
2025-10-31 11:13:38.861 Df chronod[96336:97bb96] [com.apple.chrono:extensions] Unchanged extension: <WidgetExtension - identifier: com.apple.mobilesafari::com.apple.mobilesafari.SafariWidgetExtension, version: 8620.2.4.10.7, containerVersion: 8620.2.4.10.7, lastModifiedDate: 2025-02-18T01:17:58+03:00 isInternal: true>
2025-10-31 11:13:38.861 Df chronod[96336:97bb96] [com.apple.chrono:extensions] Unchanged extension: <WidgetExtension - identifier: com.apple.mobileslideshow::com.apple.mobileslideshow.PhotosReliveWidget, version: 742.0.141, containerVersion: 32, lastModifiedDate: 2025-02-18T01:17:58+03:00 isInternal: true>
2025-10-31 11:13:38.861 Df chronod[96336:97bb96] [com.apple.chrono:extensions] Unchanged extension: <WidgetExtension - identifier: com.apple.Health::com.apple.Health.HealthBalanceWidgetExtension, version: 5200.3.6.1.1, containerVersion: 5200.3.6.1.1, lastModifiedDate: 2025-02-18T01:17:58+03:00 isInternal: true>
2025-10-31 11:13:38.861 Df chronod[96336:97bb96] [com.apple.chrono:extensions] Unchanged extension: <WidgetExtension - identifier: com.apple.reminders::com.apple.reminders.WidgetExtension, version: 3705, containerVersion: 3705, lastModifiedDate: 2025-02-18T01:17:58+03:00 isInternal: true>
2025-10-31 11:13:38.861 Df chronod[96336:97bb96] [com.apple.chrono:extensions] Unchanged extension: <WidgetExtension - identifier: com.apple.BarcodeScanner::com.apple.BarcodeScanner.BarcodeScannerWidgetExtension, version: 1001.4, containerVersion: 1023.4, lastModifiedDate: 2025-02-18T01:17:58+03:00 isInternal: true>
2025-10-31 11:13:38.861 Df chronod[96336:97bb96] [com.apple.chrono:extensions] Unchanged extension: <WidgetExtension - identifier: com.apple.musicrecognition::com.apple.musicrecognition.MusicRecognitionControls, version: 1, containerVersion: 1, lastModifiedDate: 2025-02-18T01:17:58+03:00 isInternal: true>
2025-10-31 11:13:38.862 Df chronod[96336:97bb96] [com.apple.chrono:extensions] Unchanged extension: <WidgetExtension - identifier: com.apple.AccessibilityUIServer::com.apple.AccessibilityUIServer.AccessibilityControlsExtension, version: 1, containerVersion: 1, lastModifiedDate: 2025-02-18T01:17:58+03:00 isInternal: true>
2025-10-31 11:13:38.862 Df sharingd[96306:97bb98] [com.apple.extensionkit:NSExtension] discovered extensions: attributes {
    NSExtensionActivationRule =     {
        extensionItems =         (
                        {
                attachments =                 (
                                        {
                        registeredTypeIdentifiers =                         (
                            "public.plain-text",
                            "public.rtf"
                        );
                    },
                                        {
                        registeredTypeIdentifiers =                         (
                            "public.plain-text"
                        );
                    },
                                        {
                        registeredTypeIdentifiers =                         (
                            "public.plain-text"
                        );
                    }
                );
            }
        );
    };
    NSExtensionPointName =     (
        "com.apple.share-services",
        "com.apple.ui-services",
        "com.apple, extensionSet <decode: missing data>
2025-10-31 11:13:38.862 Df chronod[96336:97bb96] [com.apple.chrono:extensions] Unchanged extension: <WidgetExtension - identifier: com.apple.Preferences::com.apple.TelephonyUtilities.IntelligenceIntents, version: 1, containerVersion: 1308.2.502, lastModifiedDate: 2025-02-18T01:17:58+03:00 isInternal: true>
2025-10-31 11:13:38.862 Df sharingd[96306:97bb98] [com.apple.ShareSheet:ShareSheet] ExtensionsCache: 3 new extensions from NSExtension for cache key = [public.plain-text|public.plain-text|public.plain-text|public.rtf/com.apple.services|com.apple.share-services|com.apple.ui-services]
2025-10-31 11:13:38.862 Df chronod[96336:97bb96] [com.apple.chrono:extensions] Unchanged extension: <WidgetExtension - identifier: com.apple.Preferences::com.apple.DefaultAppsSettingsIntents, version: 4.2.6, containerVersion: 1308.2.502, lastModifiedDate: 2025-02-18T01:17:58+03:00 isInternal: true>
2025-10-31 11:13:38.862 Df chronod[96336:97bb96] [com.apple.chrono:extensions] Unchanged extension: <WidgetExtension - identifier: com.apple.Health::com.apple.Health.HealthCycleTrackingWidgetExtension, version: 1, containerVersion: 5200.3.6.1.1, lastModifiedDate: 2025-02-18T01:17:58+03:00 isInternal: true>
2025-10-31 11:13:38.862 Df chronod[96336:97bb96] [com.apple.chrono:extensions] Unchanged extension: <WidgetExtension - identifier: com.apple.PeopleViewService::com.apple.PeopleViewService.PeopleWidget-iOS, version: 1, containerVersion: 1, lastModifiedDate: 2025-02-18T01:17:58+03:00 isInternal: true>
2025-10-31 11:13:38.862 Df chronod[96336:97bb96] [com.apple.chrono:extensions] Unchanged extension: <WidgetExtension - identifier: com.apple.mobilecal::com.apple.mobilecal.CalendarWidgetExtension, version: 1, containerVersion: 1, lastModifiedDate: 2025-02-18T01:17:58+03:00 isInternal: true>
2025-10-31 11:13:38.862 Df chronod[96336:97bb96] [com.apple.chrono:extensions] Unchanged extension: <WidgetExtension - identifier: com.apple.Preferences::com.apple.AirDropSettingsIntents, version: 1200.2.500, containerVersion: 1308.2.502, lastModifiedDate: 2025-02-18T01:17:58+03:00 isInternal: true>
2025-10-31 11:13:38.863 Df chronod[96336:97bb96] [com.apple.chrono:extensions] Unchanged extension: <WidgetExtension - identifier: com.apple.shortcuts::com.apple.shortcuts.ShortcutsWidget, version: 3303.0.5, containerVersion: 3303.0.5, lastModifiedDate: 2025-02-18T01:17:58+03:00 isInternal: true>
2025-10-31 11:13:38.863 Df chronod[96336:97bb96] [com.apple.chrono:extensions] Unchanged extension: <WidgetExtension - identifier: com.apple.Preferences::com.apple.NotificationsSettingsExtension, version: 1, containerVersion: 1308.2.502, lastModifiedDate: 2025-02-18T01:17:58+03:00 isInternal: true>
2025-10-31 11:13:38.863 Df chronod[96336:97bb96] [com.apple.chrono:extensions] Unchanged extension: <WidgetExtension - identifier: com.apple.Passbook::com.apple.Passbook.PassbookLockedWidgets, version: 1, containerVersion: 1591.4.3, lastModifiedDate: 2025-02-18T01:17:58+03:00 isInternal: true>
2025-10-31 11:13:38.863 Df chronod[96336:97bb96] [com.apple.chrono:extensions] Unchanged extension: <WidgetExtension - identifier: com.apple.Fitness::com.apple.Fitness.MirroredWidget, version: 1, containerVersion: 1.0, lastModifiedDate: 2025-02-18T01:17:58+03:00 isInternal: true>
2025-10-31 11:13:38.863 Df chronod[96336:97bb96] [com.apple.chrono:extensions] Unchanged extension: <WidgetExtension - identifier: com.apple.news::com.apple.news.tag, version: 5626, containerVersion: 5626, lastModifiedDate: 2025-02-18T01:17:58+03:00 isInternal: true>
2025-10-31 11:13:38.863 Df chronod[96336:97bb96] [com.apple.chrono:extensions] Unchanged extension: <WidgetExtension - identifier: com.apple.Batteries::com.apple.Batteries.BatteriesWidget, version: 2, containerVersion: 2, lastModifiedDate: 2025-02-18T01:17:58+03:00 isInternal: true>
2025-10-31 11:13:38.863 Df chronod[96336:97bb96] [com.apple.chrono:extensions] Unchanged extension: <WidgetExtension - identifier: com.apple.springboard::com.apple.ControlCenter.ControlCenterControlsExtension, version: 1, containerVersion: 50, lastModifiedDate: 2025-02-18T01:17:58+03:00 isInternal: true>
2025-10-31 11:13:38.865 Df pkd[96350:97bca4] [com.apple.PlugInKit:discovery] [d 779B7FDD-C3A0-463A-A029-59DAE0104664] Final plugin count: 5
2025-10-31 11:13:38.866 Df linkd[96345:97b119] [com.apple.appintents:Registry] Received incoming XPC event "ApplicationRegistered" from stream "com.apple.distnoted.matching"
2025-10-31 11:13:38.866 Df sharingd[96306:97c211] [com.apple.PlugInKit:discovery] [d 779B7FDD-C3A0-463A-A029-59DAE0104664] <PKHost:0x600001707bc0> Completed discovery. Final # of matches: 5
2025-10-31 11:13:38.866 Df sharingd[96306:97bb98] [com.apple.PlugInKit:discovery] <PKDiscoveryDriver:0x600002608d20> delivering update to host (5 plugins)
2025-10-31 11:13:38.854 Df callservicesd[96343:97a23a] [com.apple.calls.callservicesd:Default] Launched by application installed notification
2025-10-31 11:13:38.866 Df linkd[96345:97b119] [com.apple.appintents:Registry] Event ignored: application is placeholder
2025-10-31 11:13:38.866 Df linkd[96345:97b119] [com.apple.appintents:Registry] Received incoming XPC event "ApplicationRegistered" from stream "com.apple.distnoted.matching"
2025-10-31 11:13:38.866 Df clipserviced[96470:9795e3] [com.apple.ClipServices:ClipServices] CPSClipCleanupManager: Post notification with name: com.apple.LaunchServices.applicationRegistered, userInfo: (null)
2025-10-31 11:13:38.866 Df clipserviced[96470:9795e3] [com.apple.ClipServices:ClipServices] CPSClipCleanupManager: Received app registered (non-placeholder) notification
2025-10-31 11:13:38.844 Df appprotectiond[96302:97b11f] [com.apple.appprotection:server] Received distnoted event <dictionary: 0x600003d1c000> { count = 3, transaction: 0, voucher = 0x600002122300, contents =
	"UserInfo" => <dictionary: 0x600002623c00> { count = 2, transaction: 0, voucher = 0x0, contents =
		"isPlaceholder" => <bool: 0x1e3b0cf00>: true
		"bundleIDs" => <array: 0x600000c28210> { count = 1, capacity = 1, contents =
			0: <string: 0x600000c28450> { length = 59, contents = "com.example.tryingPatrolMarathonIos.RunnerUITests.xctrunner" }
		}
	}
	"Name" => <string: 0x600000c2b660> { length = 46, contents = "com.apple.LaunchServices.applicationRegistered" }
	"XPCEventName" => <string: 0x600000c29e90> { length = 21, contents = "ApplicationRegistered" }
}
2025-10-31 11:13:38.866 Df linkd[96345:97b119] [com.apple.appintents:Registry] Event ignored: application is placeholder
2025-10-31 11:13:38.867 E  clipserviced[96470:9795e3] [com.apple.ClipServices:ClipServices] CPSClipCleanupManager: Failed to find launched app's bundleID in XPC event
2025-10-31 11:13:38.867 Df appprotectiond[96302:97b11f] [com.apple.appprotection:server] received note: name = com.apple.LaunchServices.applicationRegistered, object = Optional(AppProtection.DistnotedXPCEventStreamTranslator), userInfo = Optional([AnyHashable("bundleIDs"): <__NSSingleObjectArrayI 0x60000001c280>(
com.example.tryingPatrolMarathonIos.RunnerUITests.xctrunner
)
, AnyHashable("isPlaceholder"): 1])
2025-10-31 11:13:38.867 Df appstored[96374:97bc04] [com.apple.appstored:ODR] All maintenance operations should now be complete.
2025-10-31 11:13:38.867 Df appprotectiond[96302:97b11f] [com.apple.appprotection:server] Received distnoted event <dictionary: 0x600003d1c000> { count = 3, transaction: 0, voucher = 0x600002122300, contents =
	"UserInfo" => <dictionary: 0x60000261c120> { count = 2, transaction: 0, voucher = 0x0, contents =
		"isPlaceholder" => <bool: 0x1e3b0cf00>: true
		"bundleIDs" => <array: 0x600000c2ecd0> { count = 1, capacity = 1, contents =
			0: <string: 0x600000c2e6d0> { length = 59, contents = "com.example.tryingPatrolMarathonIos.RunnerUITests.xctrunner" }
		}
	}
	"Name" => <string: 0x600000c2eaf0> { length = 46, contents = "com.apple.LaunchServices.applicationRegistered" }
	"XPCEventName" => <string: 0x600000c2e910> { length = 21, contents = "ApplicationRegistered" }
}
2025-10-31 11:13:38.867 Df appprotectiond[96302:97b11f] [com.apple.appprotection:server] received note: name = com.apple.LaunchServices.applicationRegistered, object = Optional(AppProtection.DistnotedXPCEventStreamTranslator), userInfo = Optional([AnyHashable("bundleIDs"): <__NSSingleObjectArrayI 0x60000001c050>(
com.example.tryingPatrolMarathonIos.RunnerUITests.xctrunner
)
, AnyHashable("isPlaceholder"): 1])
2025-10-31 11:13:38.868 Df appprotectiond[96302:97b11f] [com.apple.appprotection:server] processing settings authority event: SettingsAuthorityEvent.promotePreferenceFromProvisionalForApplication(com.example.tryingPatrolMarathonIos.RunnerUITests.xctrunner)
2025-10-31 11:13:38.867 Df sharingd[96306:97bb98] [com.apple.extensionkit:NSExtension] discovered extensions: attributes {
    NSExtensionActivationRule =     {
        extensionItems =         (
                        {
                attachments =                 (
                                        {
                        registeredTypeIdentifiers =                         (
                            "public.jpeg",
                            "public.heic"
                        );
                    }
                );
            }
        );
    };
    NSExtensionPointName =     (
        "com.apple.share-services",
        "com.apple.ui-services",
        "com.apple.services"
    );
}, extensionSet {(
    <EXConcreteExtension: 0x6000037089c0> {id = com.apple.shortcuts.Run-Workflow},
    <EXConcreteExtension: 0x6000037083c0> {id = com.apple.reminders.sharingextension},
    <EXConcreteExtension: 0x600003708480> {id = com.apple.DocumentManagerUICore.SaveToFiles},
    <EXConcreteExtension: 0x600003714c00> {id = com.apple.NanoTimeKit.CreateWatchFace},
    <EXConcreteExtension: 0x600003714600> {id = com.apple.mo
2025-10-31 11:13:38.867 Df sharingd[96306:97bb98] [com.apple.ShareSheet:ShareSheet] ExtensionsCache: 5 new extensions from NSExtension for cache key = [public.heic|public.jpeg/com.apple.services|com.apple.share-services|com.apple.ui-services]
2025-10-31 11:13:38.870 Df pkd[96350:97bca4] [com.apple.PlugInKit:discovery] [d E3DB38C1-F07D-486C-BBD1-14F83C403605] Final plugin count: 5
2025-10-31 11:13:38.871 Df sharingd[96306:97c211] [com.apple.PlugInKit:discovery] [d E3DB38C1-F07D-486C-BBD1-14F83C403605] <PKHost:0x600001707bc0> Completed discovery. Final # of matches: 5
2025-10-31 11:13:38.871 Df sharingd[96306:97bb98] [com.apple.PlugInKit:discovery] <PKDiscoveryDriver:0x60000260cfc0> delivering update to host (5 plugins)
2025-10-31 11:13:38.871 Df sharingd[96306:97bb98] [com.apple.extensionkit:NSExtension] discovered extensions: attributes {
    NSExtensionActivationRule =     {
        extensionItems =         (
                        {
                attachments =                 (
                                        {
                        registeredTypeIdentifiers =                         (
                            "public.jpeg",
                            "public.heic",
                            "com.apple.live-photo"
                        );
                    }
                );
            }
        );
    };
    NSExtensionPointName =     (
        "com.apple.share-services",
        "com.apple.ui-services",
        "com.apple.services"
    );
}, extensionSet {(
    <EXConcreteExtension: 0x600003708e40> {id = com.apple.shortcuts.Run-Workflow},
    <EXConcreteExtension: 0x600003708240> {id = com.apple.reminders.sharingextension},
    <EXConcreteExtension: 0x600003708840> {id = com.apple.DocumentManagerUICore.SaveToFiles},
    <EXConcreteExtension: 0x600003708600> {id = com.apple.NanoTimeKit.CreateWatchFace},
    <EXC
2025-10-31 11:13:38.871 Df sharingd[96306:97bb98] [com.apple.ShareSheet:ShareSheet] ExtensionsCache: 5 new extensions from NSExtension for cache key = [com.apple.live-photo|public.heic|public.jpeg/com.apple.services|com.apple.share-services|com.apple.ui-services]
2025-10-31 11:13:38.873 Df companionappd[96538:97b344] [com.apple.PlugInKit:discovery] Annotations changed, re-performing query for continuous discovery, report block = <0x600000c24960>.
2025-10-31 11:13:38.873 Df pkd[96350:97bca4] [com.apple.PlugInKit:discovery] [d 5CCB9637-7FE5-4EF0-ACA3-EF8798F6CBD1] Final plugin count: 2
2025-10-31 11:13:38.873 Df companionappd[96538:97b344] [com.apple.PlugInKit:discovery] [d FD2343D2-077D-4C65-89CC-B4F4737E27BB] <PKHost:0x6000017246c0> Beginning discovery for flags: 0, point: (null)
2025-10-31 11:13:38.873 Df sharingd[96306:97c211] [com.apple.PlugInKit:discovery] [d 5CCB9637-7FE5-4EF0-ACA3-EF8798F6CBD1] <PKHost:0x600001707bc0> Completed discovery. Final # of matches: 2
2025-10-31 11:13:38.873 Df sharingd[96306:97bb98] [com.apple.PlugInKit:discovery] <PKDiscoveryDriver:0x60000260e760> delivering update to host (2 plugins)
2025-10-31 11:13:38.873 Df companionappd[96538:97b344] [com.apple.PlugInKit:discovery] Annotations changed, re-performing query for continuous discovery, report block = <0x600000c24960>.
2025-10-31 11:13:38.873 Df companionappd[96538:97b344] [com.apple.PlugInKit:discovery] [d D0E6DF53-C5A8-48E4-A6E1-53A9699970BE] <PKHost:0x6000017246c0> Beginning discovery for flags: 0, point: (null)
2025-10-31 11:13:38.740 Df MauiAUSP[96864:97bc21] [com.apple.extensionkit:NSExtension] discovered extensions: attributes {
    NSExtensionPointName = "com.apple.AudioUnit-UI";
}, extensionSet {(
)}
2025-10-31 11:13:38.874 Df companionappd[96538:97b344] [com.apple.PlugInKit:discovery] Annotations changed, re-performing query for continuous discovery, report block = <0x600000c24960>.
2025-10-31 11:13:38.874 Df companionappd[96538:97b344] [com.apple.PlugInKit:discovery] [d 3534CE92-3666-41EC-B57A-642B2747FD3D] <PKHost:0x6000017246c0> Beginning discovery for flags: 0, point: (null)
2025-10-31 11:13:38.873 Df sharingd[96306:97bb98] [com.apple.extensionkit:NSExtension] discovered extensions: attributes {
    NSExtensionActivationRule =     {
        extensionItems =         (
                        {
                attachments =                 (
                                        {
                        registeredTypeIdentifiers =                         (
                            "public.vcard"
                        );
                    }
                );
            }
        );
    };
    NSExtensionPointName =     (
        "com.apple.share-services",
        "com.apple.ui-services",
        "com.apple.services"
    );
}, extensionSet {(
    <EXConcreteExtension: 0x600003715080> {id = com.apple.DocumentManagerUICore.SaveToFiles},
    <EXConcreteExtension: 0x6000037152c0> {id = com.apple.shortcuts.Run-Workflow}
)}
2025-10-31 11:13:38.874 Df axassetsd[96293:979d1e] [com.apple.extensionkit:NSExtension] discovered extensions: attributes {
    NSExtensionPointName = "com.apple.AudioUnit-UI";
}, extensionSet {(
)}
2025-10-31 11:13:38.874 Df sharingd[96306:97bb98] [com.apple.ShareSheet:ShareSheet] ExtensionsCache: 2 new extensions from NSExtension for cache key = [public.vcard/com.apple.services|com.apple.share-services|com.apple.ui-services]
2025-10-31 11:13:38.874 Df MauiAUSP[96864:97bc21] [com.apple.PlugInKit:discovery] [d 4BB92B87-3FB0-4F4F-85C9-5C6D6D28AD92] <PKHost:0x600001704fc0> Completed discovery. Final # of matches: 4
2025-10-31 11:13:38.874 Df MauiAUSP[96864:97bc21] [com.apple.PlugInKit:discovery] [d 6D184ED5-BF4B-442D-98B5-C35A9498E86A] <PKHost:0x600001704fc0> Completed discovery. Final # of matches: 0
2025-10-31 11:13:38.875 Df appprotectiond[96302:97b11f] [com.apple.appprotection:server] processing settings authority event: SettingsAuthorityEvent.promotePreferenceFromProvisionalForApplication(com.example.tryingPatrolMarathonIos.RunnerUITests.xctrunner)
2025-10-31 11:13:38.875 Df MauiAUSP[96864:97bc21] [com.apple.PlugInKit:discovery] Annotations changed, re-performing query for continuous discovery, report block = <0x600000c1c060>.
2025-10-31 11:13:38.875 Df MauiAUSP[96864:97bc21] [com.apple.PlugInKit:discovery] [d 86231D8A-9945-432B-8F2F-A95F5D034FEC] <PKHost:0x600001704fc0> Beginning discovery for flags: 0, point: com.apple.AudioUnit-UI
2025-10-31 11:13:38.875 Df MauiAUSP[96864:97bc21] [com.apple.PlugInKit:discovery] Annotations changed, re-performing query for continuous discovery, report block = <0x600000c1c060>.
