2025-10-31 11:13:38.745 Df chronod[96336:97bbac] [com.apple.chrono:extensions] Unchanged extension: <WidgetExtension - identifier: com.apple.Preferences::com.apple.NotificationsSettingsExtension, version: 1, containerVersion: 1308.2.502, lastModifiedDate: 2025-02-18T01:17:58+03:00 isInternal: true>
2025-10-31 11:13:38.745 Df chronod[96336:97bbac] [com.apple.chrono:extensions] Unchanged extension: <WidgetExtension - identifier: com.apple.Passbook::com.apple.Passbook.PassbookLockedWidgets, version: 1, containerVersion: 1591.4.3, lastModifiedDate: 2025-02-18T01:17:58+03:00 isInternal: true>
2025-10-31 11:13:38.745 Df chronod[96336:97bbac] [com.apple.chrono:extensions] Unchanged extension: <WidgetExtension - identifier: com.apple.Fitness::com.apple.Fitness.MirroredWidget, version: 1, containerVersion: 1.0, lastModifiedDate: 2025-02-18T01:17:58+03:00 isInternal: true>
2025-10-31 11:13:38.745 Df chronod[96336:97bbac] [com.apple.chrono:extensions] Unchanged extension: <WidgetExtension - identifier: com.apple.news::com.apple.news.tag, version: 5626, containerVersion: 5626, lastModifiedDate: 2025-02-18T01:17:58+03:00 isInternal: true>
2025-10-31 11:13:38.745 Df chronod[96336:97bbac] [com.apple.chrono:extensions] Unchanged extension: <WidgetExtension - identifier: com.apple.Batteries::com.apple.Batteries.BatteriesWidget, version: 2, containerVersion: 2, lastModifiedDate: 2025-02-18T01:17:58+03:00 isInternal: true>
2025-10-31 11:13:38.745 Df chronod[96336:97bbac] [com.apple.chrono:extensions] Unchanged extension: <WidgetExtension - identifier: com.apple.springboard::com.apple.ControlCenter.ControlCenterControlsExtension, version: 1, containerVersion: 50, lastModifiedDate: 2025-02-18T01:17:58+03:00 isInternal: true>
2025-10-31 11:13:38.746 Df pkd[96350:97bca4] [com.apple.PlugInKit:discovery] [d 391AFDA5-6FBD-4E34-9439-F928BE1DBF6F] Final plugin count: 3
2025-10-31 11:13:38.746 Df sharingd[96306:97c210] [com.apple.PlugInKit:discovery] [d 391AFDA5-6FBD-4E34-9439-F928BE1DBF6F] <PKHost:0x600001707bc0> Completed discovery. Final # of matches: 3
2025-10-31 11:13:38.746 Df containermanagerd[96324:97a336] [com.apple.containermanager:command] Get codesign info; error = (null)
2025-10-31 11:13:38.746 Df sharingd[96306:97bba1] [com.apple.PlugInKit:discovery] <PKDiscoveryDriver:0x600002600d20> delivering update to host (3 plugins)
2025-10-31 11:13:38.746 Df containermanagerd[96324:97a336] [com.apple.containermanager:xpc] [501] command=19, client=<com.apple.installd/(null), u=<501/20/501/2/501>, uid=501, pid=96463, sandboxed=0, platform=7 (1/1/1) [(null)], cached>, error=(null)
2025-10-31 11:13:38.746 Df installd[96463:97bf3a] [com.apple.containermanager:unspecified] container_copy_code_signing_info_for_identifier: success
2025-10-31 11:13:38.747 Df containermanagerd[96324:97a336] [com.apple.containermanager:command] Get codesign info; error = (null)
2025-10-31 11:13:38.747 Df installd[96463:97bf3a] [com.apple.containermanager:unspecified] container_copy_code_signing_info_for_identifier: success
2025-10-31 11:13:38.747 Df containermanagerd[96324:97a336] [com.apple.containermanager:xpc] [501] command=19, client=<com.apple.installd/(null), u=<501/20/501/2/501>, uid=501, pid=96463, sandboxed=0, platform=7 (1/1/1) [(null)], cached>, error=(null)
2025-10-31 11:13:38.747 Df containermanagerd[96324:97a336] [com.apple.containermanager:fs] stat [/Users/osekine/Library/Developer/CoreSimulator/Devices/BCE1DF2D-4C6B-468E-9AC6-0F143386FCDE/data/Containers/Data/Application/48BF5924-E5B1-46CA-8EF7-7DEDFF22A4DB/.com.apple.mobile_container_manager.metadata.plist]: 1/0/0644/501/20
2025-10-31 11:13:38.747 Df installd[96463:97bf3a] [com.apple.containermanager:query] Query; euid = 501, uid = 501, class = 2, identifier = [com.example.tryingPatrolMarathonIos.RunnerUITests.xctrunner](1), flags = 300000003
2025-10-31 11:13:38.747 Df containermanagerd[96324:97a336] [com.apple.containermanager:query] Query result: count = 1, error = (null)
2025-10-31 11:13:38.747 Df containermanagerd[96324:97a336] [com.apple.containermanager:xpc] [501] command=39, client=<com.apple.installd/(null), u=<501/20/501/2/501>, uid=501, pid=96463, sandboxed=0, platform=7 (1/1/1) [(null)], cached>, error=(null)
2025-10-31 11:13:38.747 Df installd[96463:97bf3a] [com.apple.containermanager:unspecified] container_query_get_single_result: success
2025-10-31 11:13:38.747 Df sharingd[96306:97bba1] [com.apple.extensionkit:NSExtension] discovered extensions: attributes {
    NSExtensionActivationRule =     {
        extensionItems =         (
                        {
                attachments =                 (
                                        {
                        registeredTypeIdentifiers =                         (
                            "com.apple.avfoundation.urlasset",
                            "com.apple.quicktime-movie"
                        );
                    }
                );
            }
        );
    };
    NSExtensionPointName =     (
        "com.apple.share-services",
        "com.apple.ui-services",
        "com.apple.services"
    );
}, extensionSet {(
    <EXConcreteExtension: 0x60000370c9c0> {id = com.apple.shortcuts.Run-Workflow},
    <EXConcreteExtension: 0x60000370cd80> {id = com.apple.DocumentManagerUICore.SaveToFiles},
    <EXConcreteExtension: 0x60000370c540> {id = com.apple.mobileslideshow.StreamShareService}
)}
2025-10-31 11:13:38.747 Df sharingd[96306:97bba1] [com.apple.ShareSheet:ShareSheet] ExtensionsCache: 3 new extensions from NSExtension for cache key = [com.apple.avfoundation.urlasset|com.apple.quicktime-movie/com.apple.services|com.apple.share-services|com.apple.ui-services]
2025-10-31 11:13:38.748 Df containermanagerd[96324:97a336] [com.apple.containermanager:fs] stat [/Users/osekine/Library/Developer/CoreSimulator/Devices/BCE1DF2D-4C6B-468E-9AC6-0F143386FCDE/data/Containers/Data/Application/48BF5924-E5B1-46CA-8EF7-7DEDFF22A4DB/.com.apple.mobile_container_manager.metadata.plist]: 1/0/0644/501/20
2025-10-31 11:13:38.748 Df containermanagerd[96324:97a336] [com.apple.containermanager:schema] [u B772707A-C9A5-48D2-BB30-048D626799E1:p 48BF5924-E5B1-46CA-8EF7-7DEDFF22A4DB:c com.example.tryingPatrolMarathonIos.RunnerUITests.xctrunner(2):i0] Successfully updated schema from (0) → (1), actions count = 6
2025-10-31 11:13:38.748 Df containermanagerd[96324:97a336] [com.apple.containermanager:command] Recreate container structure; error = (null)
2025-10-31 11:13:38.748 Df installd[96463:97bf3a] [com.apple.containermanager:unspecified] container_recreate_structure: success
2025-10-31 11:13:38.748 Df containermanagerd[96324:97a336] [com.apple.containermanager:xpc] [501] command=8, client=<com.apple.installd/(null), u=<501/20/501/2/501>, uid=501, pid=96463, sandboxed=0, platform=7 (1/1/1) [(null)], cached>, error=(null)
2025-10-31 11:13:38.748 Df containermanagerd_system[96333:97bbad] [com.apple.containermanager:fs] stat [/Users/osekine/Library/Developer/CoreSimulator/Devices/BCE1DF2D-4C6B-468E-9AC6-0F143386FCDE/data/Containers/Bundle/Application/CCE4D77A-4365-417A-AD87-28141FFD1BD5/.com.apple.mobile_container_manager.metadata.plist]: 1/0/0644/501/20
2025-10-31 11:13:38.749 Df containermanagerd_system[96333:97bbad] [com.apple.containermanager:schema] [u 798B03F2-1CB6-41F8-84F6-56B45AF82B03:p CCE4D77A-4365-417A-AD87-28141FFD1BD5:c com.example.tryingPatrolMarathonIos.RunnerUITests.xctrunner(1):i0] Successfully updated schema from (0) → (0), actions count = 0
2025-10-31 11:13:38.749 Df installd[96463:97bf3a] [com.apple.containermanager:unspecified] container_recreate_structure: success
2025-10-31 11:13:38.749 Df containermanagerd_system[96333:97bbad] [com.apple.containermanager:command] Recreate container structure; error = (null)
2025-10-31 11:13:38.749 Df containermanagerd_system[96333:97bbad] [com.apple.containermanager:xpc] [501] command=8, client=<com.apple.installd/(null), u=<501/20/501/2/501>, uid=501, pid=96463, sandboxed=0, platform=7 (1/1/1) [(null)], cached>, error=(null)
2025-10-31 11:13:38.749 Df containermanagerd[96324:97a336] [com.apple.containermanager:command] Get codesign info; error = (null)
2025-10-31 11:13:38.749 Df containermanagerd[96324:97a336] [com.apple.containermanager:xpc] [501] command=19, client=<com.apple.installd/(null), u=<501/20/501/2/501>, uid=501, pid=96463, sandboxed=0, platform=7 (1/1/1) [(null)], cached>, error=(null)
2025-10-31 11:13:38.749 Df installd[96463:97bf3a] [com.apple.containermanager:unspecified] container_copy_code_signing_info_for_identifier: success
2025-10-31 11:13:38.750 Df containermanagerd[96324:97a336] [com.apple.containermanager:command] Get codesign info; error = (null)
2025-10-31 11:13:38.750 Df containermanagerd[96324:97a336] [com.apple.containermanager:xpc] [501] command=19, client=<com.apple.installd/(null), u=<501/20/501/2/501>, uid=501, pid=96463, sandboxed=0, platform=7 (1/1/1) [(null)], cached>, error=(null)
2025-10-31 11:13:38.750 Df installd[96463:97bf3a] [com.apple.containermanager:unspecified] container_copy_code_signing_info_for_identifier: success
2025-10-31 11:13:38.750 Df installd[96463:97bf3a] [com.apple.containermanager:unspecified] Requesting disk usage; class = 1, identifier = com.example.tryingPatrolMarathonIos.RunnerUITests.xctrunner
2025-10-31 11:13:38.750 Df containermanagerd_system[96333:97bbad] [com.apple.xpc:connection] [0x105404490] activating connection: mach=false listener=false peer=true name=com.apple.containermanagerd.system.peer[96463].0x105404490
2025-10-31 11:13:38.750 Df containermanagerd_system[96333:97bbad] [com.apple.containermanager:fs] stat [/Users/osekine/Library/Developer/CoreSimulator/Devices/BCE1DF2D-4C6B-468E-9AC6-0F143386FCDE/data/Containers/Bundle/Application/CCE4D77A-4365-417A-AD87-28141FFD1BD5/.com.apple.mobile_container_manager.metadata.plist]: 1/0/0644/501/20
2025-10-31 11:13:38.750 Df containermanagerd_system[96333:97bbad] [com.apple.containermanager:fs] stat [/Users/osekine/Library/Developer/CoreSimulator/Devices/BCE1DF2D-4C6B-468E-9AC6-0F143386FCDE/data/Containers/Bundle/Application/CCE4D77A-4365-417A-AD87-28141FFD1BD5/.com.apple.mobile_container_manager.metadata.plist]: 1/0/0644/501/20
2025-10-31 11:13:38.750 Df containermanagerd_system[96333:97bbad] [com.apple.containermanager:xpc] [501] command=23, client=<com.apple.installd/(null), u=<501/20/501/2/501>, uid=501, pid=96463, sandboxed=0, platform=7 (1/1/1) [(null)], cached>, error=(null)
2025-10-31 11:13:38.750 Df installd[96463:97bf3a] [com.apple.containermanager:unspecified] container_disk_usage: success
2025-10-31 11:13:38.750 Df installd[96463:97bf3a] [com.apple.containermanager:query] Query; euid = 501, uid = 501, class = 7, identifier = [com.example.tryingPatrolMarathonIos.RunnerUITests.xctrunner](1), flags = 300000001
2025-10-31 11:13:38.750 Df containermanagerd[96324:97a336] [com.apple.containermanager:query] Query result: count = 0, error = (null)
2025-10-31 11:13:38.750 Df containermanagerd[96324:97a336] [com.apple.containermanager:xpc] [501] command=39, client=<com.apple.installd/(null), u=<501/20/501/2/501>, uid=501, pid=96463, sandboxed=0, platform=7 (1/1/1) [(null)], cached>, error=(null)
2025-10-31 11:13:38.750 Df installd[96463:97bf3a] [com.apple.containermanager:unspecified] container_query_iterate_results_sync: success
2025-10-31 11:13:38.751 Df runningboardd[96287:97bb99] [com.apple.runningboard:ttl] Invalidating assertion 96287-96396-591 (target:system) from originator [osservice<com.apple.installcoordinationd>:96396]
2025-10-31 11:13:38.751 Df pkd[96350:97b6b5] [com.apple.PlugInKit:holds] releasing plugin hold DEEE9058-8107-4B98-93F9-12497CCC8F3B at client's request
2025-10-31 11:13:38.751 Df SpringBoard[96282:977b1f] [com.apple.SpringBoard:Common] termination assertion released for com.example.tryingPatrolMarathonIos.RunnerUITests.xctrunner
2025-10-31 11:13:38.751 Df SpringBoard[96282:977b1f] [com.apple.SpringBoard:Icon] 0x600002c20400-SBApplicationIcon Data source did change: <SBApplication: 0x600003d1bcf0; com.example.tryingPatrolMarathonIos.RunnerUITests.xctrunner> {
} (SBApplication)
2025-10-31 11:13:38.751 Df chronod[96336:97bbac] [com.apple.PlugInKit:discovery] Annotations changed, re-performing query for continuous discovery, report block = <0x600000c65560>.
2025-10-31 11:13:38.751 Df sharingd[96306:97bba1] [com.apple.PlugInKit:discovery] Annotations changed, re-performing query for continuous discovery, report block = <0x600000c0fe40>.
2025-10-31 11:13:38.751 Df nsurlsessiond[96330:97b7b4] [com.apple.CFNetwork:Default] Connection 17: enabling TLS
2025-10-31 11:13:38.752 Df KonaSynthesizer[96553:97bc77] [com.apple.PlugInKit:discovery] Annotations changed, re-performing query for continuous discovery, report block = <0x600002150090>.
2025-10-31 11:13:38.751 Df SpringBoard[96282:97bbd6] [com.apple.PlugInKit:discovery] Annotations changed, re-performing query for continuous discovery, report block = <0x600000dbae80>.
2025-10-31 11:13:38.752 Df chronod[96336:97bbac] [com.apple.PlugInKit:discovery] [d E211BD33-F8B4-4204-9E77-9DB75AB4ADBF] <PKHost:0x600001703380> Beginning discovery for flags: 0, point: multiple
2025-10-31 11:13:38.751 Df sharingd[96306:97bba1] [com.apple.PlugInKit:discovery] [d 6AB2661D-FEE9-4828-8F0D-D33DAE7D119E] <PKHost:0x600001707bc0> Beginning discovery for flags: 0, point: multiple
2025-10-31 11:13:38.751 Df nsurlsessiond[96330:97b7b4] [com.apple.CFNetwork:Default] Connection 17: setting up SIM scheduler
2025-10-31 11:13:38.751 Df KonaSynthesizer[96553:97bc4a] [com.apple.PlugInKit:discovery] Annotations changed, re-performing query for continuous discovery, report block = <0x600002144d50>.
2025-10-31 11:13:38.751 Df SpringBoard[96282:97bbd6] [com.apple.PlugInKit:discovery] [d A1EAEA95-4980-4B97-B627-CA14C5CBBEF9] <PKHost:0x60000186bd80> Beginning discovery for flags: 0, point: com.apple.usernotifications.content-extension
2025-10-31 11:13:38.752 Df runningboardd[96287:97bb94] [com.apple.PlugInKit:holds] <PKManager:0x600000238ec0> released hold [DEEE9058-8107-4B98-93F9-12497CCC8F3B]
2025-10-31 11:13:38.751 Df nsurlsessiond[96330:97b7b4] [com.apple.CFNetwork:Default] Task <BB2E41F9-42E9-4182-8E66-BF84D0E8F4D8>.<6> setting up Connection 17
2025-10-31 11:13:38.752 Df KonaSynthesizer[96553:97bc77] [com.apple.PlugInKit:discovery] [d 19D73851-49F6-4DF8-9510-235FC15E19D8] <PKHost:0x600003a47c80> Beginning discovery for flags: 0, point: com.apple.AudioUnit-Speech
2025-10-31 11:13:38.752 Df sharingd[96306:97bba1] [com.apple.PlugInKit:discovery] Annotations changed, re-performing query for continuous discovery, report block = <0x600000c2d6e0>.
2025-10-31 11:13:38.752 Df nsurlsessiond[96330:97b7b4] [com.apple.network:activity] [C17] event: client:start_activity @265500.683s, activity <nw_activity 0:0 [E92019FB-D6CC-4439-B466-A284ABA84321] (lightweight) (reporting strategy default)>
2025-10-31 11:13:38.752 Df KonaSynthesizer[96553:97c20d] [com.apple.PlugInKit:discovery] Annotations changed, re-performing query for continuous discovery, report block = <0x600002154930>.
2025-10-31 11:13:38.752 Df sharingd[96306:97bba1] [com.apple.PlugInKit:discovery] [d D938B372-1FE1-4BC8-965F-5F1C3FCE0FB7] <PKHost:0x600001707bc0> Beginning discovery for flags: 0, point: multiple
2025-10-31 11:13:38.752 Df nsurlsessiond[96330:97b7b4] [com.apple.CFNetwork:Default] Connection 17: starting, TC(0x0)
2025-10-31 11:13:38.752 Df sharingd[96306:97c211] [com.apple.PlugInKit:discovery] Annotations changed, re-performing query for continuous discovery, report block = <0x600000c2db90>.
2025-10-31 11:13:38.752 Df nsurlsessiond[96330:97b7b4] [com.apple.network:connection] [C17 4199D4CA-E97E-45F4-BD67-0AABB5145C33 Hostname#d001fd15:443 tcp, url: https://mesu.apple.com/assets/com_apple_MobileAsset_MagnifierAsset/com_apple_MobileAsset_MagnifierAsset.xml, tls, attribution: developer, context: com.apple.CFNetwork.NSURLSession.{6FCC1D4C-DDFA-4C88-A434-58EFC42CC1BB}{(null)}{Y}{2}{0x0} (private), proc: 27B67078-E8DE-3509-99B6-E8D5BF6ABA71, prohibited types: cellular] start
2025-10-31 11:13:38.752 Df KonaSynthesizer[96553:97bc4a] [com.apple.PlugInKit:discovery] [d A4A315A2-ED6E-469C-8BCD-5219A41E2380] <PKHost:0x600003a47c80> Beginning discovery for flags: 0, point: com.apple.AudioUnit-UI
2025-10-31 11:13:38.753 Df pkd[96350:97b6b5] [com.apple.PlugInKit:discovery] [d A1EAEA95-4980-4B97-B627-CA14C5CBBEF9] Final plugin count: 24
2025-10-31 11:13:38.752 Df sharingd[96306:97c210] [com.apple.PlugInKit:discovery] Annotations changed, re-performing query for continuous discovery, report block = <0x600000c2bf60>.
2025-10-31 11:13:38.752 Df KonaSynthesizer[96553:97c20d] [com.apple.PlugInKit:discovery] [d 823EC340-DAF7-4A26-8173-56D9DB884074] <PKHost:0x600003a47c80> Beginning discovery for flags: 0, point: com.apple.AudioUnit
2025-10-31 11:13:38.752 Df sharingd[96306:97bb98] [com.apple.PlugInKit:discovery] Annotations changed, re-performing query for continuous discovery, report block = <0x600000c308a0>.
2025-10-31 11:13:38.752 Df nsurlsessiond[96330:97b7b4] [com.apple.network:connection] [C17 Hostname#d001fd15:443 initial parent-flow ((null))] event: path:start @0.000s
2025-10-31 11:13:38.754 Df pkd[96350:97bce1] [com.apple.PlugInKit:discovery] [d E211BD33-F8B4-4204-9E77-9DB75AB4ADBF] Final plugin count: 36
2025-10-31 11:13:38.752 Df sharingd[96306:97c211] [com.apple.PlugInKit:discovery] [d 2C60E709-DB49-4B27-BAF1-57096F8E1320] <PKHost:0x600001707bc0> Beginning discovery for flags: 0, point: multiple
2025-10-31 11:13:38.752 Df nsurlsessiond[96330:97b7b4] [com.apple.network:connection] [C17 Hostname#d001fd15:443 waiting parent-flow (satisfied (Path is satisfied), interface: en0[802.11], uses wifi)] event: path:satisfied @0.000s, uuid: DD5C4772-9FF0-4E9A-9906-C03DB148C113
2025-10-31 11:13:38.754 Df pkd[96350:97bca4] [com.apple.PlugInKit:discovery] [d 06F8D76C-C532-4FA1-AC01-6BB9613C72F4] Final plugin count: 3
2025-10-31 11:13:38.752 Df sharingd[96306:97c212] [com.apple.PlugInKit:discovery] Annotations changed, re-performing query for continuous discovery, report block = <0x600000c2edc0>.
2025-10-31 11:13:38.754 Df nsurlsessiond[96330:97b7b4] [com.apple.network:connection] [C17 Hostname#d001fd15:443 in_progress parent-flow (satisfied (Path is satisfied), interface: en0[802.11], uses wifi)] event: flow:start_connect @0.002s
2025-10-31 11:13:38.752 Df sharingd[96306:97c20f] [com.apple.PlugInKit:discovery] Annotations changed, re-performing query for continuous discovery, report block = <0x600000c2e520>.
2025-10-31 11:13:38.754 Df nsurlsessiond[96330:97b7b4] [com.apple.network:connection] nw_connection_report_state_with_handler_on_nw_queue [C17] reporting state preparing
2025-10-31 11:13:38.752 Df sharingd[96306:97c20e] [com.apple.PlugInKit:discovery] Annotations changed, re-performing query for continuous discovery, report block = <0x600000c2b120>.
2025-10-31 11:13:38.753 Df sharingd[96306:97c212] [com.apple.PlugInKit:discovery] [d ADA25B66-6D11-4EEF-BDAD-8194E94917B5] <PKHost:0x600001707bc0> Beginning discovery for flags: 0, point: multiple
2025-10-31 11:13:38.755 Df SpringBoard[96282:97bbd6] [com.apple.PlugInKit:discovery] [d A1EAEA95-4980-4B97-B627-CA14C5CBBEF9] <PKHost:0x60000186bd80> Completed discovery. Final # of matches: 24
2025-10-31 11:13:38.754 Df nsurlsessiond[96330:97b7b4] [com.apple.network:connection] [C17 Hostname#d001fd15:443 in_progress parent-flow (satisfied (Path is satisfied), interface: en0[802.11], uses wifi)] event: flow:start_child @0.002s
2025-10-31 11:13:38.752 Df sharingd[96306:97c20b] [com.apple.PlugInKit:discovery] Annotations changed, re-performing query for continuous discovery, report block = <0x600000c3afd0>.
2025-10-31 11:13:38.755 Df SpringBoard[96282:97bbbd] [com.apple.PlugInKit:discovery] <PKDiscoveryDriver:0x600002680ae0> delivering update to host (24 plugins)
2025-10-31 11:13:38.755 Df pkd[96350:97bb95] [com.apple.PlugInKit:discovery] [d 19D73851-49F6-4DF8-9510-235FC15E19D8] Final plugin count: 4
2025-10-31 11:13:38.755 Df chronod[96336:97bbac] [com.apple.PlugInKit:discovery] [d E211BD33-F8B4-4204-9E77-9DB75AB4ADBF] <PKHost:0x600001703380> Completed discovery. Final # of matches: 36
2025-10-31 11:13:38.752 Df sharingd[96306:97bb97] [com.apple.PlugInKit:discovery] Annotations changed, re-performing query for continuous discovery, report block = <0x600000c2e6d0>.
2025-10-31 11:13:38.754 Df nsurlsessiond[96330:97b7b4] [com.apple.network:connection] [C17.1 Hostname#d001fd15:443 initial path ((null))] event: path:start @0.002s
2025-10-31 11:13:38.755 Df chronod[96336:97b1a6] [com.apple.PlugInKit:discovery] <PKDiscoveryDriver:0x600002629b00> delivering update to host (36 plugins)
2025-10-31 11:13:38.754 Df sharingd[96306:97c20e] [com.apple.PlugInKit:discovery] [d 7A2C951F-F776-4A88-A0BB-1710EFED2B9E] <PKHost:0x600001707bc0> Beginning discovery for flags: 0, point: multiple
2025-10-31 11:13:38.756 Df installd[96463:97bf3a] (MobileSystemServices) 0x16d943000 -[MILaunchServicesOperationManager _onQueue_addPendingLaunchServicesOperation:error:]: Added pending LS operation <MILaunchServicesRegisterOperation: 30BAD459-527F-45B1-8961-442914AFC464:37 com.example.tryingPatrolMarathonIos.RunnerUITests.xctrunner/MIInstallationDomainSystemShared personas:[com.apple.containermanager.primary-persona]>
2025-10-31 11:13:38.753 Df sharingd[96306:97c20f] [com.apple.PlugInKit:discovery] [d 5F32065B-BFDB-46F5-8E64-790DC8D766A9] <PKHost:0x600001707bc0> Beginning discovery for flags: 0, point: multiple
2025-10-31 11:13:38.756 Df installd[96463:97bf3a] [com.apple.launchservices:default] Ignoring request to target domain for user 0 because platform is a simulator, will target default service domain
2025-10-31 11:13:38.754 Df sharingd[96306:97bb97] [com.apple.PlugInKit:discovery] [d 397F6721-830C-4F80-9153-D62B0F56E2D1] <PKHost:0x600001707bc0> Beginning discovery for flags: 0, point: multiple
2025-10-31 11:13:38.756 Df pkd[96350:97bb95] [com.apple.PlugInKit:discovery] [d A4A315A2-ED6E-469C-8BCD-5219A41E2380] Final plugin count: 0
2025-10-31 11:13:38.752 Df sharingd[96306:97bb98] [com.apple.PlugInKit:discovery] [d D7C9E13F-E317-471F-B06D-15444CF0E390] <PKHost:0x600001707bc0> Beginning discovery for flags: 0, point: multiple
2025-10-31 11:13:38.757 Df lsd[96334:97bbb4] [com.apple.launchservices:appinstallation] Post installation registration: request to register com.example.tryingPatrolMarathonIos.RunnerUITests.xctrunner, operation 30BAD459-527F-45B1-8961-442914AFC464, from pid 96463
2025-10-31 11:13:38.752 Df sharingd[96306:97c210] [com.apple.PlugInKit:discovery] [d 09D17C7E-CACC-44A2-A7B3-195675B3FBB2] <PKHost:0x600001707bc0> Beginning discovery for flags: 0, point: multiple
2025-10-31 11:13:38.757 Df lsd[96334:97bbb4] [com.apple.launchservices:db] void _LSDatabaseCreateRecoveryFile(NSURL *__strong): Successfully created recovery file /Users/osekine/Library/Developer/CoreSimulator/Devices/BCE1DF2D-4C6B-468E-9AC6-0F143386FCDE/data/var/db/lsd/com.apple.LaunchServices.dirty
2025-10-31 11:13:38.757 Df lsd[96334:97bbb4] [com.apple.appinstallation:TransactionLog] com.example.tryingPatrolMarathonIos.RunnerUITests.xctrunner/Unknown Persona:5:4:1:1:Registering bundles via registrant - start
2025-10-31 11:13:38.757 Df pkd[96350:97bb95] [com.apple.PlugInKit:discovery] [d 823EC340-DAF7-4A26-8173-56D9DB884074] Final plugin count: 0
2025-10-31 11:13:38.754 Df sharingd[96306:97bba1] [com.apple.PlugInKit:discovery] [d 06F8D76C-C532-4FA1-AC01-6BB9613C72F4] <PKHost:0x600001707bc0> Completed discovery. Final # of matches: 3
2025-10-31 11:13:38.754 Df sharingd[96306:97c20b] [com.apple.PlugInKit:discovery] [d DB6B79E4-4DC2-4916-9224-B248DE00114F] <PKHost:0x600001707bc0> Beginning discovery for flags: 0, point: multiple
2025-10-31 11:13:38.758 Df sharingd[96306:97bb97] [com.apple.PlugInKit:discovery] <PKDiscoveryDriver:0x60000260db60> delivering update to host (3 plugins)
2025-10-31 11:13:38.759 E  lsd[96334:97bbb4] [com.apple.launchservices:default] LSStringLocalizer development region en not found in localizations available for bundle file:///Users/osekine/Library/Developer/CoreSimulator/Devices/BCE1DF2D-4C6B-468E-9AC6-0F143386FCDE/data/Containers/Bundle/Application/CCE4D77A-4365-417A-AD87-28141FFD1BD5/com.apple.mobileinstallation.placeholder/
2025-10-31 11:13:38.759 Df lsd[96334:97bbb4] [com.apple.appinstallation:TransactionLog] com.example.tryingPatrolMarathonIos.RunnerUITests.xctrunner/Unknown Persona:5:5:1:1:Building bundle record for app
2025-10-31 11:13:38.759 Df lsd[96334:97bbb4] [com.apple.launchservices:appinstallation] Placeholder detected - Flagging bundle com.example.tryingPatrolMarathonIos.RunnerUITests.xctrunner incomplete
2025-10-31 11:13:38.759 Df lsd[96334:97bbb4] [com.apple.appinstallation:TransactionLog] com.example.tryingPatrolMarathonIos.RunnerUITests.xctrunner/Unknown Persona:5:5:2:1:Built bundle record for app
2025-10-31 11:13:38.760 Df runningboardd[96287:97bb94] [com.apple.launchservices:db] NotifyToken::RegisterDispatch(com.apple.LaunchServices.database) fired for session key LSSessionKey(system: 0 uid: 501)
2025-10-31 11:13:38.760 Df pkd[96350:97bb95] [com.apple.launchservices:db] NotifyToken::RegisterDispatch(com.apple.LaunchServices.database) fired for session key LSSessionKey(system: 0 uid: 501)
2025-10-31 11:13:38.760 Df LocalStorageFileProvider[96535:97b518] [com.apple.launchservices:db] NotifyToken::RegisterDispatch(com.apple.LaunchServices.database) fired for session key LSSessionKey(system: 0 uid: 501)
2025-10-31 11:13:38.760 Df installcoordinationd[96396:97bb92] [com.apple.launchservices:db] NotifyToken::RegisterDispatch(com.apple.LaunchServices.database) fired for session key LSSessionKey(system: 0 uid: 501)
2025-10-31 11:13:38.760 Df locationd[96308:97b369] [com.apple.launchservices:db] NotifyToken::RegisterDispatch(com.apple.LaunchServices.database) fired for session key LSSessionKey(system: 0 uid: 501)
2025-10-31 11:13:38.760 Df CoreSimulatorBridge[96313:97a8a5] [com.apple.launchservices:db] NotifyToken::RegisterDispatch(com.apple.LaunchServices.database) fired for session key LSSessionKey(system: 0 uid: 501)
2025-10-31 11:13:38.760 Df contactsd[96340:97a26a] [com.apple.launchservices:db] NotifyToken::RegisterDispatch(com.apple.LaunchServices.database) fired for session key LSSessionKey(system: 0 uid: 501)
2025-10-31 11:13:38.759 Df sharingd[96306:97bb97] [com.apple.extensionkit:NSExtension] discovered extensions: attributes {
    NSExtensionActivationRule =     {
        extensionItems =         (
                        {
                attachments =                 (
                                        {
                        registeredTypeIdentifiers =                         (
                            "public.plain-text",
                            "public.rtf"
                        );
                    },
                                        {
                        registeredTypeIdentifiers =                         (
                            "public.plain-text"
                        );
                    },
                                        {
                        registeredTypeIdentifiers =                         (
                            "public.plain-text"
                        );
                    }
                );
            }
        );
    };
    NSExtensionPointName =     (
        "com.apple.share-services",
        "com.apple.ui-services",
        "com.apple, extensionSet <decode: missing data>
2025-10-31 11:13:38.760 Df lsd[96334:97bbb4] [com.apple.appinstallation:TransactionLog] com.example.tryingPatrolMarathonIos.RunnerUITests.xctrunner/Unknown Persona:5:4:2:1:Registered bundle status = success
2025-10-31 11:13:38.761 Df installd[96463:97bf3a] [com.apple.appinstallation:TransactionLog] com.example.tryingPatrolMarathonIos.RunnerUITests.xctrunner/com.apple.containermanager.primary-persona:7:2:2:1:Success (End) : Install (Parallel Placeholder)
2025-10-31 11:13:38.759 Df sharingd[96306:97bb97] [com.apple.ShareSheet:ShareSheet] ExtensionsCache: 3 new extensions from NSExtension for cache key = [public.plain-text|public.plain-text|public.plain-text|public.rtf/com.apple.services|com.apple.share-services|com.apple.ui-services]
2025-10-31 11:13:38.760 Df lsd[96334:97bbb4] [com.apple.launchservices:registration] LSFORBN: Caller wants reinitialization, updated store from generation 412571 to 412571
2025-10-31 11:13:38.760 Df lsd[96334:97bbb4] [com.apple.appinstallation:TransactionLog] com.example.tryingPatrolMarathonIos.RunnerUITests.xctrunner/Unknown Persona:5:4:2:1:Finished registering com.example.tryingPatrolMarathonIos.RunnerUITests.xctrunner, bundle unit 14dc
2025-10-31 11:13:38.762 Df installd[96463:97bf3a] (MobileSystemServices) 0x16d943000 -[MIInstaller _logOperationCompletionWithStartTime:distributorID:]: Install Successful for (Placeholder:com.example.tryingPatrolMarathonIos.RunnerUITests.xctrunner) [Distributor: (null)]; Staging: 0.00s; Waiting: 0.00s; Preflight/Patch: 0.00s, Verifying: 0.00s; Overall: 0.04s
2025-10-31 11:13:38.761 Df lsd[96334:97bbb0] [com.apple.launchservices:progress] Sending applicationInstallsDidStart: for (
    "<LSApplicationProxy: 0x600003715080> com.example.tryingPatrolMarathonIos.RunnerUITests.xctrunner file:///Users/osekine/Library/Developer/CoreSimulator/Devices/BCE1DF2D-4C6B-468E-9AC6-0F143386FCDE/data/Containers/Bundle/Application/CCE4D77A-4365-417A-AD87-28141FFD1BD5/com.apple.mobileinstallation.placeholder/ <com.example.tryingPatrolMarathonIos.RunnerUITests.xctrunner <placeholder >:1>"
)
2025-10-31 11:13:38.761 Df lsd[96334:97bbb0] [com.apple.launchservices:progress] Created parent progress <NSProgress: com.example.tryingPatrolMarathonIos.RunnerUITests.xctrunner phase=InstallingPlaceholder; state=Waiting; finalPhase=Installing; fractionCompleted=0.000000>
2025-10-31 11:13:38.760 Df chronod[96336:97bbac] [com.apple.launchservices:db] NotifyToken::RegisterDispatch(com.apple.LaunchServices.database) fired for session key LSSessionKey(system: 0 uid: 501)
2025-10-31 11:13:38.760 Df SpringBoard[96282:97bd58] [com.apple.launchservices:db] NotifyToken::RegisterDispatch(com.apple.LaunchServices.database) fired for session key LSSessionKey(system: 0 uid: 501)
2025-10-31 11:13:38.761 Df SpringBoard[96282:97bd58] [com.apple.launchservices:appinstallation] LaunchServices observer: NetworkUsageChanged using network: YES
2025-10-31 11:13:38.762 Df nsurlsessiond[96330:97b7b4] [com.apple.network:connection] [C17.1 Hostname#d001fd15:443 waiting path (satisfied (Path is satisfied), interface: en0[802.11], uses wifi)] event: path:satisfied @0.010s, uuid: DD5C4772-9FF0-4E9A-9906-C03DB148C113
2025-10-31 11:13:38.762 Df SpringBoard[96282:977b1f] [com.apple.launchservices:progress] Got progress <NSProgress: com.example.tryingPatrolMarathonIos.RunnerUITests.xctrunner phase=InstallingPlaceholder; state=Waiting; finalPhase=Installing; fractionCompleted=0.000000> for app com.example.tryingPatrolMarathonIos.RunnerUITests.xctrunner,
2025-10-31 11:13:38.763 Df nsurlsessiond[96330:97b7b4] [com.apple.network:connection] [C17.1 Hostname#d001fd15:443 in_progress resolver (satisfied (Path is satisfied), interface: en0[802.11], uses wifi)] event: resolver:start_dns @0.011s
2025-10-31 11:13:38.762 Df SpringBoard[96282:977b1f] [com.apple.SpringBoard:StatusBarish] enabling activity
2025-10-31 11:13:38.763 Df runningboardd[96287:97bb94] [com.apple.launchservices:appinstallation] LaunchServices observer: InstallsStarted (
    "<LSApplicationProxy: 0x600003700fc0> com.example.tryingPatrolMarathonIos.RunnerUITests.xctrunner file:///Users/osekine/Library/Developer/CoreSimulator/Devices/BCE1DF2D-4C6B-468E-9AC6-0F143386FCDE/data/Containers/Bundle/Application/CCE4D77A-4365-417A-AD87-28141FFD1BD5/com.apple.mobileinstallation.placeholder/ <com.example.tryingPatrolMarathonIos.RunnerUITests.xctrunner <placeholder >:1>"
)
2025-10-31 11:13:38.762 Df SpringBoard[96282:977b1f] [com.apple.SpringBoard:StatusBarish] activity info changed to slow=0 sync=0 identifier=
2025-10-31 11:13:38.763 Df pkd[96350:97bca4] [com.apple.PlugInKit:discovery] [d 7F222419-238E-46D2-B774-673E7E4993F0] Final plugin count: 5
2025-10-31 11:13:38.763 Df SpringBoard[96282:977b1f] [com.apple.UIKit:_UIVisualStyleRegistry] Note: no default visual style class registered as fallback for stylable class UIActivityIndicatorView
2025-10-31 11:13:38.764 Df sharingd[96306:97c212] [com.apple.PlugInKit:discovery] [d 7F222419-238E-46D2-B774-673E7E4993F0] <PKHost:0x600001707bc0> Completed discovery. Final # of matches: 5
2025-10-31 11:13:38.763 Df SpringBoard[96282:977b1f] [com.apple.UIKit:_UIVisualStyleRegistry] Note: no default visual style class registered as fallback for stylable class UIActivityIndicatorView
2025-10-31 11:13:38.764 Df liveactivitiesd[96327:977ba4] [com.apple.launchservices:progress] Got progress <NSProgress: com.example.tryingPatrolMarathonIos.RunnerUITests.xctrunner phase=InstallingPlaceholder; state=Waiting; finalPhase=Installing; fractionCompleted=0.000000> for app com.example.tryingPatrolMarathonIos.RunnerUITests.xctrunner,
2025-10-31 11:13:38.764 Df sharingd[96306:97bb97] [com.apple.PlugInKit:discovery] <PKDiscoveryDriver:0x60000260cfc0> delivering update to host (5 plugins)
2025-10-31 11:13:38.763 Df SpringBoard[96282:97bbd6] [com.apple.launchservices:appinstallation] LaunchServices observer: InstallsStarted (
    "<LSApplicationProxy: 0x60000379e340> com.example.tryingPatrolMarathonIos.RunnerUITests.xctrunner file:///Users/osekine/Library/Developer/CoreSimulator/Devices/BCE1DF2D-4C6B-468E-9AC6-0F143386FCDE/data/Containers/Bundle/Application/CCE4D77A-4365-417A-AD87-28141FFD1BD5/com.apple.mobileinstallation.placeholder/ <com.example.tryingPatrolMarathonIos.RunnerUITests.xctrunner <placeholder >:1>"
)
2025-10-31 11:13:38.763 Df SpringBoard[96282:97bd58] [com.apple.frontboard.ApplicationLibrary:default] Ignoring install did change unknown placeholder com.example.tryingPatrolMarathonIos.RunnerUITests.xctrunner
2025-10-31 11:13:38.763 Df SpringBoard[96282:97bbd6] [com.apple.frontboard.ApplicationLibrary:observer] -[FBSApplicationLibrary applicationInstallsDidStart:] com.example.tryingPatrolMarathonIos.RunnerUITests.xctrunner
2025-10-31 11:13:38.763 Df SpringBoard[96282:97bbd6] [com.apple.frontboard.ApplicationLibrary:default] Added placeholder: <SBApplicationPlaceholderProxy: 0x600002c79c80; com.example.tryingPatrolMarathonIos.RunnerUITests.xctrunner (RunnerUITests-Runner); LSInstallType: StoreDownload>
2025-10-31 11:13:38.764 Df callservicesd[96343:97bbbb] [com.apple.PlugInKit:discovery] Annotations changed, re-performing query for continuous discovery, report block = <0x1039f4690>.
2025-10-31 11:13:38.764 Df SpringBoard[96282:977b1f] [com.apple.frontboard.ApplicationLibrary:sb.placeholder] App placeholder proxies added: (
    "<SBApplicationPlaceholderProxy: 0x600002c79c80; com.example.tryingPatrolMarathonIos.RunnerUITests.xctrunner (RunnerUITests-Runner); LSInstallType: StoreDownload>"
), currentlyKnownExistingPlaceholders: {
}
2025-10-31 11:13:38.764 Df callservicesd[96343:97bbbb] [com.apple.PlugInKit:discovery] [d C23D1F0D-93EE-40B7-8937-517EF5220A1B] <PKHost:0x103b30080> Beginning discovery for flags: 0, point: multiple
2025-10-31 11:13:38.764 Df SpringBoard[96282:977b1f] [com.apple.appinstallation:TransactionLog] com.example.tryingPatrolMarathonIos.RunnerUITests.xctrunner/Unknown Persona:10:0:1:1:Placeholder add BEGIN
2025-10-31 11:13:38.765 Df lsd[96334:97bbb0] [com.apple.launchservices:progress] Sent distributed notification com.apple.LaunchServices.applicationRegistered with payload {
    bundleIDs =     (
        "com.example.tryingPatrolMarathonIos.RunnerUITests.xctrunner"
    );
    isPlaceholder = 1;
}
2025-10-31 11:13:38.764 Df callservicesd[96343:97bbbb] [com.apple.PlugInKit:discovery] Annotations changed, re-performing query for continuous discovery, report block = <0x1039f4690>.
2025-10-31 11:13:38.765 Df liveactivitiesd[96327:97bbb9] [com.apple.launchservices:appinstallation] LaunchServices observer: InstallsStarted (
    "<LSApplicationProxy: 0x6000037089c0> com.example.tryingPatrolMarathonIos.RunnerUITests.xctrunner file:///Users/osekine/Library/Developer/CoreSimulator/Devices/BCE1DF2D-4C6B-468E-9AC6-0F143386FCDE/data/Containers/Bundle/Application/CCE4D77A-4365-417A-AD87-28141FFD1BD5/com.apple.mobileinstallation.placeholder/ <com.example.tryingPatrolMarathonIos.RunnerUITests.xctrunner <placeholder >:1>"
)
2025-10-31 11:13:38.765 Df callservicesd[96343:97bbbb] [com.apple.PlugInKit:discovery] [d 132389F3-7689-4B09-BA91-A89AEE4FC67A] <PKHost:0x103b30080> Beginning discovery for flags: 0, point: multiple
2025-10-31 11:13:38.765 Df nsurlsessiond[96330:97b0b5] [com.apple.launchservices:appinstallation] LaunchServices observer: InstallsStarted (
    "<LSApplicationProxy: 0x60000370cc00> com.example.tryingPatrolMarathonIos.RunnerUITests.xctrunner file:///Users/osekine/Library/Developer/CoreSimulator/Devices/BCE1DF2D-4C6B-468E-9AC6-0F143386FCDE/data/Containers/Bundle/Application/CCE4D77A-4365-417A-AD87-28141FFD1BD5/com.apple.mobileinstallation.placeholder/ <com.example.tryingPatrolMarathonIos.RunnerUITests.xctrunner <placeholder >:1>"
)
2025-10-31 11:13:38.766 Df passd[96312:97a377] [com.apple.launchservices:appinstallation] LaunchServices observer: InstallsStarted (
    "<LSApplicationProxy: 0x600003704c00> com.example.tryingPatrolMarathonIos.RunnerUITests.xctrunner file:///Users/osekine/Library/Developer/CoreSimulator/Devices/BCE1DF2D-4C6B-468E-9AC6-0F143386FCDE/data/Containers/Bundle/Application/CCE4D77A-4365-417A-AD87-28141FFD1BD5/com.apple.mobileinstallation.placeholder/ <com.example.tryingPatrolMarathonIos.RunnerUITests.xctrunner <placeholder >:1>"
)
2025-10-31 11:13:38.765 Df pkd[96350:97bb95] [com.apple.PlugInKit:discovery] [d C23D1F0D-93EE-40B7-8937-517EF5220A1B] Final plugin count: 0
2025-10-31 11:13:38.766 Df callservicesd[96343:97bbbb] [com.apple.PlugInKit:discovery] [d C23D1F0D-93EE-40B7-8937-517EF5220A1B] <PKHost:0x103b30080> Completed discovery. Final # of matches: 0
2025-10-31 11:13:38.765 Df SpringBoard[96282:977b1f] [com.apple.SpringBoard:Icon] Changing active data source: <SBApplicationIcon: 0x600002c20400; nodeID: com.example.tryingPatrolMarathonIos.RunnerUITests.xctrunner; bundleID: com.example.tryingPatrolMarathonIos.RunnerUITests.xctrunner>
2025-10-31 11:13:38.765 Df sharingd[96306:97bb97] [com.apple.extensionkit:NSExtension] discovered extensions: attributes {
    NSExtensionActivationRule =     {
        extensionItems =         (
                        {
                attachments =                 (
                                        {
                        registeredTypeIdentifiers =                         (
                            "public.jpeg",
                            "public.heic",
                            "com.apple.live-photo"
                        );
                    }
                );
            }
        );
    };
    NSExtensionPointName =     (
        "com.apple.share-services",
        "com.apple.ui-services",
        "com.apple.services"
    );
}, extensionSet {(
    <EXConcreteExtension: 0x6000037009c0> {id = com.apple.shortcuts.Run-Workflow},
    <EXConcreteExtension: 0x6000037003c0> {id = com.apple.reminders.sharingextension},
    <EXConcreteExtension: 0x600003700300> {id = com.apple.DocumentManagerUICore.SaveToFiles},
    <EXConcreteExtension: 0x600003700a80> {id = com.apple.NanoTimeKit.CreateWatchFace},
    <EXC
2025-10-31 11:13:38.766 Df pkd[96350:97bb95] [com.apple.PlugInKit:discovery] [d 132389F3-7689-4B09-BA91-A89AEE4FC67A] Final plugin count: 0
2025-10-31 11:13:38.765 Df SpringBoard[96282:977b1f] [com.apple.SpringBoard:Icon] Changing from data souce: com.example.tryingPatrolMarathonIos.RunnerUITests.xctrunner to data source:com.example.tryingPatrolMarathonIos.RunnerUITests.xctrunner.
2025-10-31 11:13:38.765 Df sharingd[96306:97bb97] [com.apple.ShareSheet:ShareSheet] ExtensionsCache: 5 new extensions from NSExtension for cache key = [com.apple.live-photo|public.heic|public.jpeg/com.apple.services|com.apple.share-services|com.apple.ui-services]
2025-10-31 11:13:38.767 Df appstored[96374:97bc04] [com.apple.launchservices:appinstallation] LaunchServices observer: InstallsStarted (
    "<LSApplicationProxy: 0x600003700600> com.example.tryingPatrolMarathonIos.RunnerUITests.xctrunner file:///Users/osekine/Library/Developer/CoreSimulator/Devices/BCE1DF2D-4C6B-468E-9AC6-0F143386FCDE/data/Containers/Bundle/Application/CCE4D77A-4365-417A-AD87-28141FFD1BD5/com.apple.mobileinstallation.placeholder/ <com.example.tryingPatrolMarathonIos.RunnerUITests.xctrunner <placeholder >:1>"
)
2025-10-31 11:13:38.766 Df SpringBoard[96282:977b1f] [com.apple.appinstallation:TransactionLog] com.example.tryingPatrolMarathonIos.RunnerUITests.xctrunner/Unknown Persona:10:1:3:1:Created icon for placeholder.
2025-10-31 11:13:38.768 Df callservicesd[96343:97a23a] [com.apple.PlugInKit:discovery] <PKDiscoveryDriver:0x1039b1f20> delivering update to host (0 plugins)
2025-10-31 11:13:38.767 Df SpringBoard[96282:977b1f] [com.apple.installcoordination:framework] +[IXAppInstallCoordinator removabilityForAppWithIdentity:error:]: Returning locally read removability, PossibleAndAllowed, for identity:[com.example.tryingPatrolMarathonIos.RunnerUITests.xctrunner/Invalid]
2025-10-31 11:13:38.768 Df callservicesd[96343:97bbe2] [com.apple.PlugInKit:discovery] [d 132389F3-7689-4B09-BA91-A89AEE4FC67A] <PKHost:0x103b30080> Completed discovery. Final # of matches: 0
2025-10-31 11:13:38.767 Df SpringBoard[96282:977b1f] [com.apple.frontboard.ApplicationLibrary:sb.placeholder] Placeholders added: (
    "<SBApplicationPlaceholder: 0x600000c38c60; bundleIdentifier: com.example.tryingPatrolMarathonIos.RunnerUITests.xctrunner; displayName: RunnerUITests-Runner; progress: 0%; state: Waiting; canPromote?: YES; canCancel?: YES>"
), modified: (
), removed: (null)
2025-10-31 11:13:38.768 Df callservicesd[96343:97a23a] [com.apple.extensionkit:NSExtension] discovered extensions: attributes {
    NSExtensionPointName =     (
        "com.apple.callkit.call-directory",
        "com.apple.live-lookup"
    );
}, extensionSet {(
)}
2025-10-31 11:13:38.767 Df SpringBoard[96282:97bd58] [com.apple.siri:Client] +[AFSystemAssistantExperienceStatusManager isSAEEnabled] #SAEStatus from cache:0
2025-10-31 11:13:38.768 Df callservicesd[96343:97a23a] [com.apple.PlugInKit:discovery] <PKDiscoveryDriver:0x1039b1f20> delivering update to host (0 plugins)
2025-10-31 11:13:38.769 Df com.apple.CallKit.CallDirectoryMaintenance[96368:97bc06] [com.apple.calls.callkit:Default] 
2025-10-31 11:13:38.769 Df com.apple.CallKit.CallDirectoryMaintenance[96368:97bc06] [com.apple.calls.callkit:Default] 
2025-10-31 11:13:38.768 Df callservicesd[96343:97bbe2] [com.apple.calls.callkit:Default] matchingExtensions=(
)
2025-10-31 11:13:38.769 Df com.apple.CallKit.CallDirectoryMaintenance[96368:977dde] [com.apple.calls.calldirectory:Default] requested to synchronize extensions
2025-10-31 11:13:38.768 Df callservicesd[96343:97a23a] [com.apple.extensionkit:NSExtension] discovered extensions: attributes {
    NSExtensionPointName =     (
        "com.apple.callkit.call-directory",
        "com.apple.live-lookup"
    );
}, extensionSet {(
)}
2025-10-31 11:13:38.769 E  com.apple.CallKit.CallDirectoryMaintenance[96368:977dde] [com.apple.calls.calldirectory:Default] Unable to initialize CXCallDirectoryStore for reading and writing: Error Domain=NSCocoaErrorDomain Code=513 "You don’t have permission to save the file “CallDirectory” in the folder “Library”." UserInfo={NSFilePath=/var/mobile/Library/CallDirectory, NSURL=file:///var/mobile/Library/CallDirectory, NSUnderlyingError=0x600000c18ed0 {Error Domain=NSPOSIXErrorDomain Code=13 "Permission denied"}}
2025-10-31 11:13:38.768 Df callservicesd[96343:97bbe2] [com.apple.calls.callservicesd:Default] Beginning transaction for extensionsChangedForCallDirectoryExtensionManager-58. Transaction count is now 0. Added transaction: <OS_os_transaction: com.apple.calls.callservicesd.CXCallDirectoryNSExtensionManagerDelegate:extensionsChangedForCallDirectoryExtensionManager-58>
2025-10-31 11:13:38.768 Df SpringBoard[96282:97bd58] [com.apple.SpringBoard:IconImageCache] Stopping masked caching request 6153FA65-886C-4771-868D-0A976A768B04 because another request matching this one is already active (05B6A5C4-0B6C-4413-B93F-5B1B85FB1960)
2025-10-31 11:13:38.769 Df com.apple.CallKit.CallDirectoryMaintenance[96368:977dde] [com.apple.calls.calldirectory:Default] requested to synchronize extensions
2025-10-31 11:13:38.768 Df callservicesd[96343:97a23a] [com.apple.calls.callkit:Default] matchingExtensions=(
)
2025-10-31 11:13:38.769 E  com.apple.CallKit.CallDirectoryMaintenance[96368:977dde] [com.apple.calls.calldirectory:Default] Unable to initialize CXCallDirectoryStore for reading and writing: Error Domain=NSCocoaErrorDomain Code=513 "You don’t have permission to save the file “CallDirectory” in the folder “Library”." UserInfo={NSFilePath=/var/mobile/Library/CallDirectory, NSURL=file:///var/mobile/Library/CallDirectory, NSUnderlyingError=0x600000c04c60 {Error Domain=NSPOSIXErrorDomain Code=13 "Permission denied"}}
2025-10-31 11:13:38.768 Df callservicesd[96343:97a23a] [com.apple.calls.callservicesd:Default] Beginning transaction for extensionsChangedForCallDirectoryExtensionManager-59. Transaction count is now 1. Added transaction: <OS_os_transaction: com.apple.calls.callservicesd.CXCallDirectoryNSExtensionManagerDelegate:extensionsChangedForCallDirectoryExtensionManager-59>
2025-10-31 11:13:38.769 E  callservicesd[96343:97bbe2] [com.apple.calls.callservicesd:Default] Error synchronizing call directory extensions: Error Domain=com.apple.CallKit.error.calldirectorymanager Code=0 "(null)"
2025-10-31 11:13:38.770 Df pkd[96350:97bca4] [com.apple.PlugInKit:discovery] [d 79A1496C-42F4-44B8-88F2-2D44A9E11E80] Final plugin count: 5
2025-10-31 11:13:38.770 Df callservicesd[96343:97a23a] [com.apple.calls.callservicesd:Default] Ending transaction for extensionsChangedForCallDirectoryExtensionManager-58. Transaction count is now 1. Ended transaction: <OS_os_transaction: com.apple.calls.callservicesd.CXCallDirectoryNSExtensionManagerDelegate:extensionsChangedForCallDirectoryExtensionManager-58>
2025-10-31 11:13:38.770 E  callservicesd[96343:97bbe2] [com.apple.calls.callservicesd:Default] Error synchronizing call directory extensions: Error Domain=com.apple.CallKit.error.calldirectorymanager Code=0 "(null)"
2025-10-31 11:13:38.770 Df callservicesd[96343:97a23a] [com.apple.calls.callservicesd:Default] Ending transaction for extensionsChangedForCallDirectoryExtensionManager-59. Transaction count is now 0. Ended transaction: <OS_os_transaction: com.apple.calls.callservicesd.CXCallDirectoryNSExtensionManagerDelegate:extensionsChangedForCallDirectoryExtensionManager-59>
2025-10-31 11:13:38.771 Df sharingd[96306:97c212] [com.apple.PlugInKit:discovery] [d 79A1496C-42F4-44B8-88F2-2D44A9E11E80] <PKHost:0x600001707bc0> Completed discovery. Final # of matches: 5
2025-10-31 11:13:38.771 Df sharingd[96306:97c212] [com.apple.PlugInKit:discovery] <PKDiscoveryDriver:0x600002624360> delivering update to host (5 plugins)
2025-10-31 11:13:38.770 Df chronod[96336:97b1a6] [com.apple.extensionkit:NSExtension] discovered extensions: attributes {
    NSExtensionPointName =     (
        "com.apple.widgetkit-extension"
    );
}, extensionSet {(
    <EXConcreteExtension: 0x600003714900> {id = com.apple.settingsandcoreapps.SoundAndHapticsControls},
    <EXConcreteExtension: 0x600003714540> {id = com.apple.Passbook.PassbookWidgets},
    <EXConcreteExtension: 0x600003714600> {id = com.apple.Health.HealthMentalHealthWidgetExtension},
    <EXConcreteExtension: 0x600003724780> {id = com.apple.GeneralSettingsIntents},
    <EXConcreteExtension: 0x600003754600> {id = com.apple.TVRemoteUIService.TVRemoteWidget},
    <EXConcreteExtension: 0x60000374d140> {id = com.apple.news.widget},
    <EXConcreteExtension: 0x600003750000> {id = com.apple.PassbookStub.PassbookWidgets},
    <EXConcreteExtension: 0x60000374d5c0> {id = com.apple.Maps.GeneralMapsWidget},
    <EXConcreteExtension: 0x600003758840> {id = com.apple.siri.TypeToSiriWidget},
    <EXConcreteExtension: 0x6000037546c0> {id = com.apple.Batteries.BatteriesAvocadoWidgetExtension},
    <EXConcreteExtension: 0x
2025-10-31 11:13:38.771 Df chronod[96336:97b1a6] [com.apple.chrono:extensions] Received new extension list.
2025-10-31 11:13:38.772 Df chronod[96336:97b1a6] [com.apple.chrono:extensions] No direct container found for extension: com.apple.settingsandcoreapps.SoundAndHapticsControls - looking for effective container bundle identifier.
2025-10-31 11:13:38.771 Df SpringBoard[96282:97bbbd] [com.apple.extensionkit:NSExtension] discovered extensions: attributes {
    NSExtensionPointName = "com.apple.usernotifications.content-extension";
}, extensionSet {(
    <EXConcreteExtension: 0x6000037195c0> {id = com.apple.HealthMenstrualCyclesUI.NotificationContentExtension},
    <EXConcreteExtension: 0x60000371b3c0> {id = com.apple.MobileSMS.MessagesPluginNotificationExtension},
    <EXConcreteExtension: 0x60000371ab80> {id = com.apple.shortcuts.AutomationNotificationContent},
    <EXConcreteExtension: 0x60000371a940> {id = com.apple.coreaudio.haenotifications.HAENotificationContentExtension},
    <EXConcreteExtension: 0x6000037dadc0> {id = com.apple.MobileSMS.MessagesNotificationExtension},
    <EXConcreteExtension: 0x60000371b9c0> {id = com.apple.reminderkit.NotificationContentExtension},
    <EXConcreteExtension: 0x600003787300> {id = com.apple.UserNotificationsUIKit.DefaultUIExtension},
    <EXConcreteExtension: 0x60000371b840> {id = com.apple.accessibility.RTTUI.RTTNotifications},
    <EXConcreteExtension: 0x600003786940> {id = com.apple.ScreenTimeUI.ScreenTimeNotific
