2025-10-31 11:13:38.809 Df callservicesd[96343:97a23a] [com.apple.calls.callservicesd:Default] Launched by application installed notification
2025-10-31 11:13:38.809 Df clipserviced[96470:97a272] [com.apple.ClipServices:ClipServices] CPSClipCleanupManager: Post notification with name: com.apple.LaunchServices.applicationRegistered, userInfo: (null)
2025-10-31 11:13:38.806 Df chronod[96336:97b1a6] [com.apple.chrono:extensions] Unchanged extension: <WidgetExtension - identifier: com.apple.mobilecal::com.apple.mobilecal.CalendarWidgetExtension, version: 1, containerVersion: 1, lastModifiedDate: 2025-02-18T01:17:58+03:00 isInternal: true>
2025-10-31 11:13:38.806 Df SpringBoard[96282:977b1f] [com.apple.SpringBoard:Icon] 0x600002c20400-SBApplicationIcon Data source did change: <SBApplicationPlaceholder: 0x600000c38c60; bundleIdentifier: com.example.tryingPatrolMarathonIos.RunnerUITests.xctrunner; displayName: RunnerUITests-Runner; progress: 0%; state: Waiting; canPromote?: YES; canCancel?: YES> (SBApplicationPlaceholder)
2025-10-31 11:13:38.806 Df KonaSynthesizer[96553:97c20c] [com.apple.PlugInKit:discovery] [d 19D73851-49F6-4DF8-9510-235FC15E19D8] <PKHost:0x600003a47c80> Completed discovery. Final # of matches: 4
2025-10-31 11:13:38.809 Df sleepd[96310:97a248] [com.apple.launchservices:appinstallation] LaunchServices observer: InstallsStarted (
    "<LSApplicationProxy: 0x600003720000> com.example.tryingPatrolMarathonIos.RunnerUITests.xctrunner file:///Users/osekine/Library/Developer/CoreSimulator/Devices/BCE1DF2D-4C6B-468E-9AC6-0F143386FCDE/data/Containers/Bundle/Application/CCE4D77A-4365-417A-AD87-28141FFD1BD5/com.apple.mobileinstallation.placeholder/ <com.example.tryingPatrolMarathonIos.RunnerUITests.xctrunner <placeholder >:1>"
)
2025-10-31 11:13:38.806 Df PosterBoard[96346:97aebf] [com.apple.PosterFoundation:Extensions] (0x600002919dc0) Extension identity Extension identity [33B2750C-9100-4E2F-8361-0A2DC3BF7175]: com.apple.WallpaperKit.CollectionsPoster extension point: com.apple.posterkit.provider platform: 7 already tracked
2025-10-31 11:13:38.797 Df sharingd[96306:97c211] [com.apple.PlugInKit:discovery] Annotations changed, re-performing query for continuous discovery, report block = <0x600000c2b120>.
2025-10-31 11:13:38.809 Df callservicesd[96343:97bbbb] [com.apple.PlugInKit:discovery] Annotations changed, re-performing query for continuous discovery, report block = <0x1039f4690>.
2025-10-31 11:13:38.809 Df clipserviced[96470:97a272] [com.apple.ClipServices:ClipServices] CPSClipCleanupManager: Received app registered (non-placeholder) notification
2025-10-31 11:13:38.806 Df chronod[96336:97b1a6] [com.apple.chrono:extensions] Unchanged extension: <WidgetExtension - identifier: com.apple.Preferences::com.apple.AirDropSettingsIntents, version: 1200.2.500, containerVersion: 1308.2.502, lastModifiedDate: 2025-02-18T01:17:58+03:00 isInternal: true>
2025-10-31 11:13:38.810 Df nanotimekitcompaniond[96484:97b0b0] [com.apple.launchservices:appinstallation] LaunchServices observer: InstallsStarted (
    "<LSApplicationProxy: 0x600003720000> com.example.tryingPatrolMarathonIos.RunnerUITests.xctrunner file:///Users/osekine/Library/Developer/CoreSimulator/Devices/BCE1DF2D-4C6B-468E-9AC6-0F143386FCDE/data/Containers/Bundle/Application/CCE4D77A-4365-417A-AD87-28141FFD1BD5/com.apple.mobileinstallation.placeholder/ <com.example.tryingPatrolMarathonIos.RunnerUITests.xctrunner <placeholder >:1>"
)
2025-10-31 11:13:38.806 Df PosterBoard[96346:97aebf] [com.apple.PosterFoundation:Extensions] (0x600002919dc0) Examining extension identity Extension identity [16714BA1-C02A-48B0-9DF8-BC4166505643]: com.apple.MercuryPoster extension point: com.apple.posterkit.provider platform: 7
2025-10-31 11:13:38.808 Df lsd[96334:97bbb0] [com.apple.launchservices:progress] Sent distributed notification com.apple.LaunchServices.applicationRegistered with payload {
    bundleIDs =     (
        "com.example.tryingPatrolMarathonIos.RunnerUITests.xctrunner"
    );
    isPlaceholder = 1;
}
2025-10-31 11:13:38.810 Df activitysharingd[96533:97bbcd] [com.apple.launchservices:appinstallation] LaunchServices observer: InstallsStarted (
    "<LSApplicationProxy: 0x600003704000> com.example.tryingPatrolMarathonIos.RunnerUITests.xctrunner file:///Users/osekine/Library/Developer/CoreSimulator/Devices/BCE1DF2D-4C6B-468E-9AC6-0F143386FCDE/data/Containers/Bundle/Application/CCE4D77A-4365-417A-AD87-28141FFD1BD5/com.apple.mobileinstallation.placeholder/ <com.example.tryingPatrolMarathonIos.RunnerUITests.xctrunner <placeholder >:1>"
)
2025-10-31 11:13:38.809 Df callservicesd[96343:97bbbb] [com.apple.PlugInKit:discovery] [d EF253877-CAEC-4BE3-B55C-6BCF1DA0B7AD] <PKHost:0x103b30080> Beginning discovery for flags: 0, point: multiple
2025-10-31 11:13:38.809 E  clipserviced[96470:97a272] [com.apple.ClipServices:ClipServices] CPSClipCleanupManager: Failed to find launched app's bundleID in XPC event
2025-10-31 11:13:38.810 Df mobiletimerd[96299:97bb87] [com.apple.launchservices:appinstallation] LaunchServices observer: InstallsStarted (
    "<LSApplicationProxy: 0x600003720480> com.example.tryingPatrolMarathonIos.RunnerUITests.xctrunner file:///Users/osekine/Library/Developer/CoreSimulator/Devices/BCE1DF2D-4C6B-468E-9AC6-0F143386FCDE/data/Containers/Bundle/Application/CCE4D77A-4365-417A-AD87-28141FFD1BD5/com.apple.mobileinstallation.placeholder/ <com.example.tryingPatrolMarathonIos.RunnerUITests.xctrunner <placeholder >:1>"
)
2025-10-31 11:13:38.810 Df activityawardsd[96477:97bbca] [com.apple.launchservices:appinstallation] LaunchServices observer: InstallsStarted (
    "<LSApplicationProxy: 0x600003724000> com.example.tryingPatrolMarathonIos.RunnerUITests.xctrunner file:///Users/osekine/Library/Developer/CoreSimulator/Devices/BCE1DF2D-4C6B-468E-9AC6-0F143386FCDE/data/Containers/Bundle/Application/CCE4D77A-4365-417A-AD87-28141FFD1BD5/com.apple.mobileinstallation.placeholder/ <com.example.tryingPatrolMarathonIos.RunnerUITests.xctrunner <placeholder >:1>"
)
2025-10-31 11:13:38.806 Df chronod[96336:97b1a6] [com.apple.chrono:extensions] Unchanged extension: <WidgetExtension - identifier: com.apple.shortcuts::com.apple.shortcuts.ShortcutsWidget, version: 3303.0.5, containerVersion: 3303.0.5, lastModifiedDate: 2025-02-18T01:17:58+03:00 isInternal: true>
2025-10-31 11:13:38.806 Df SpringBoard[96282:97bbd5] [com.apple.launchservices:appinstallation] LaunchServices observer: InstallsStarted (
    "<LSApplicationProxy: 0x6000037d8240> com.example.tryingPatrolMarathonIos.RunnerUITests.xctrunner file:///Users/osekine/Library/Developer/CoreSimulator/Devices/BCE1DF2D-4C6B-468E-9AC6-0F143386FCDE/data/Containers/Bundle/Application/CCE4D77A-4365-417A-AD87-28141FFD1BD5/com.apple.mobileinstallation.placeholder/ <com.example.tryingPatrolMarathonIos.RunnerUITests.xctrunner <placeholder >:1>"
)
2025-10-31 11:13:38.807 Df PosterBoard[96346:97aebf] [com.apple.PosterFoundation:Extensions] (0x600002919dc0) Extension identity Extension identity [16714BA1-C02A-48B0-9DF8-BC4166505643]: com.apple.MercuryPoster extension point: com.apple.posterkit.provider platform: 7 already tracked
2025-10-31 11:13:38.808 Df lsd[96334:97bbb0] [com.apple.launchservices:progress] Updating installPhase for <NSProgress: com.example.tryingPatrolMarathonIos.RunnerUITests.xctrunner phase=InstallingPlaceholder; state=Finished; finalPhase=Installing; fractionCompleted=0.000000> to 0
2025-10-31 11:13:38.810 Df pkd[96350:97bce1] [com.apple.PlugInKit:discovery] [d EF253877-CAEC-4BE3-B55C-6BCF1DA0B7AD] Final plugin count: 0
2025-10-31 11:13:38.806 Df sharingd[96306:97c211] [com.apple.PlugInKit:discovery] [d BA820CD7-B01F-44A8-B0CD-0670BF02162A] <PKHost:0x600001707bc0> Beginning discovery for flags: 0, point: multiple
2025-10-31 11:13:38.809 Df clipserviced[96470:97a272] [com.apple.launchservices:appinstallation] LaunchServices observer: InstallsStarted (
    "<LSApplicationProxy: 0x600003700300> com.example.tryingPatrolMarathonIos.RunnerUITests.xctrunner file:///Users/osekine/Library/Developer/CoreSimulator/Devices/BCE1DF2D-4C6B-468E-9AC6-0F143386FCDE/data/Containers/Bundle/Application/CCE4D77A-4365-417A-AD87-28141FFD1BD5/com.apple.mobileinstallation.placeholder/ <com.example.tryingPatrolMarathonIos.RunnerUITests.xctrunner <placeholder >:1>"
)
2025-10-31 11:13:38.807 Df chronod[96336:97b1a6] [com.apple.chrono:extensions] Unchanged extension: <WidgetExtension - identifier: com.apple.Preferences::com.apple.NotificationsSettingsExtension, version: 1, containerVersion: 1308.2.502, lastModifiedDate: 2025-02-18T01:17:58+03:00 isInternal: true>
2025-10-31 11:13:38.807 Df PosterBoard[96346:97aebf] [com.apple.PosterFoundation:Extensions] (0x600002919dc0) Examining extension identity Extension identity [388E4099-FEA4-4744-BD3A-C9FD8D2FFE5A]: com.apple.WatchFacesWallpaperSupport.RhizomePoster extension point: com.apple.posterkit.provider platform: 7
2025-10-31 11:13:38.809 Df lsd[96334:97bbb0] [com.apple.launchservices:progress] Parent progress for installation <NSProgress: com.example.tryingPatrolMarathonIos.RunnerUITests.xctrunner phase=Loading; state=Finished; finalPhase=Installing; fractionCompleted=0.000000>, adding phase 0
2025-10-31 11:13:38.805 Df sharingd[96306:97bb97] [com.apple.PlugInKit:discovery] [d 5F32065B-BFDB-46F5-8E64-790DC8D766A9] <PKHost:0x600001707bc0> Completed discovery. Final # of matches: 2
2025-10-31 11:13:38.811 Df suggestd[96362:977d85] [com.apple.proactive.PersonalizationPortrait:SocialHighlights] PPSocialHighlightStorage: clearing app link cache due to invalidation notification
2025-10-31 11:13:38.809 Df callservicesd[96343:97a23a] [com.apple.launchservices:appinstallation] LaunchServices observer: InstallsStarted (
    "<LSApplicationProxy: 0x104939740> com.example.tryingPatrolMarathonIos.RunnerUITests.xctrunner file:///Users/osekine/Library/Developer/CoreSimulator/Devices/BCE1DF2D-4C6B-468E-9AC6-0F143386FCDE/data/Containers/Bundle/Application/CCE4D77A-4365-417A-AD87-28141FFD1BD5/com.apple.mobileinstallation.placeholder/ <com.example.tryingPatrolMarathonIos.RunnerUITests.xctrunner <placeholder >:1>"
)
2025-10-31 11:13:38.812 Df installcoordinationd[96396:97989f] [com.apple.launchservices:progress] Published install progress <NSProgress: com.example.tryingPatrolMarathonIos.RunnerUITests.xctrunner.Loading phase=Loading; state=Waiting; finalPhase=Installing; fractionCompleted=0.000000>
2025-10-31 11:13:38.807 Df SpringBoard[96282:97bbd5] [com.apple.frontboard.ApplicationLibrary:observer] -[FBSApplicationLibrary applicationInstallsDidStart:] com.example.tryingPatrolMarathonIos.RunnerUITests.xctrunner
2025-10-31 11:13:38.808 Df chronod[96336:97b1a6] [com.apple.chrono:extensions] Unchanged extension: <WidgetExtension - identifier: com.apple.Passbook::com.apple.Passbook.PassbookLockedWidgets, version: 1, containerVersion: 1591.4.3, lastModifiedDate: 2025-02-18T01:17:58+03:00 isInternal: true>
2025-10-31 11:13:38.808 Df KonaSynthesizer[96553:97bca7] [com.apple.PlugInKit:lifecycle] [u 01226103-A9CB-4443-8154-905109719329] [(null)((null))] Prepare received as euid = 501, uid = 501, (persona not available)
2025-10-31 11:13:38.808 Df PosterBoard[96346:97aebf] [com.apple.PosterFoundation:Extensions] (0x600002919dc0) Extension identity Extension identity [388E4099-FEA4-4744-BD3A-C9FD8D2FFE5A]: com.apple.WatchFacesWallpaperSupport.RhizomePoster extension point: com.apple.posterkit.provider platform: 7 already tracked
2025-10-31 11:13:38.811 Df lsd[96334:97bbb0] [com.apple.launchservices:progress] #LSInstallProgressList add subscriber: <_NSProgressSubscriber: 0x600000c0e4c0> publishingString: com.example.tryingPatrolMarathonIos.RunnerUITests.xctrunner.Loading
2025-10-31 11:13:38.812 Df UserEventAgent[96280:977b24] (com.apple.cfnotification) Fired subscription for notification: com.apple.LaunchServices.applicationRegistered
2025-10-31 11:13:38.808 Df chronod[96336:97b1a6] [com.apple.chrono:extensions] Unchanged extension: <WidgetExtension - identifier: com.apple.Fitness::com.apple.Fitness.MirroredWidget, version: 1, containerVersion: 1.0, lastModifiedDate: 2025-02-18T01:17:58+03:00 isInternal: true>
2025-10-31 11:13:38.809 Df PosterBoard[96346:97aebf] [com.apple.PosterFoundation:Extensions] (0x600002919dc0) Examining extension identity Extension identity [2FFB4AC3-0B85-4268-A74D-C944E9128C7F]: com.apple.WatchFacesWallpaperSupport.ExtragalacticPoster extension point: com.apple.posterkit.provider platform: 7
2025-10-31 11:13:38.812 Df runningboardd[96287:97bbc3] [com.apple.libxpc.OSLaunchdJob:all] <OSLaunchdJob | handle=E0A832CE-8ABF-4811-B791-AD68AC6A166B>: copyJobWithHandle: created a job
2025-10-31 11:13:38.806 Df KonaSynthesizer[96553:97c20c] [com.apple.PlugInKit:discovery] [d A4A315A2-ED6E-469C-8BCD-5219A41E2380] <PKHost:0x600003a47c80> Completed discovery. Final # of matches: 0
2025-10-31 11:13:38.811 Df lsd[96334:97bbb0] [com.apple.launchservices:progress] Subscribing to com.example.tryingPatrolMarathonIos.RunnerUITests.xctrunner.Loading
2025-10-31 11:13:38.808 Df sharingd[96306:97bb97] [com.apple.PlugInKit:discovery] <PKDiscoveryDriver:0x600002609ce0> delivering update to host (2 plugins)
2025-10-31 11:13:38.812 Df installcoordinationd[96396:97989f] [com.apple.installcoordination:daemon] -[IXSClientConnection _client_coordinatorWithUUID:didUpdateProgress:forPhase:overallProgress:]: Client SpringBoard (pid 96282) was not interested in coordinator UUID 1488EA9F-B7A8-4618-AB93-649707592AE5
2025-10-31 11:13:38.813 Df CoreSimulatorBridge[96313:97c1f2] [com.apple.installcoordination:framework] -[IXAppInstallCoordinator _clientDelegate_didUpdateProgress:forPhase:overallProgress:]: <IXUpdatingAppInstallCoordinator<0x600001712a00> identity:[com.example.tryingPatrolMarathonIos.RunnerUITests.xctrunner/Invalid] uuid:1488EA9F-B7A8-4618-AB93-649707592AE5 creator:InstallCoordination Simple SPI>: Got did update progress delegate with percentComplete 100.000000 phase IXCoordinatorProgressPhaseLoading overallProgress 60.000000
2025-10-31 11:13:38.809 Df SpringBoard[96282:977b1f] [com.apple.SpringBoard:Icon] 0x600002c20400-SBApplicationIcon Data source did change: <SBApplicationPlaceholder: 0x600000c38c60; bundleIdentifier: com.example.tryingPatrolMarathonIos.RunnerUITests.xctrunner; displayName: RunnerUITests-Runner; progress: 0%; state: Waiting; canPromote?: YES; canCancel?: YES> (SBApplicationPlaceholder)
2025-10-31 11:13:38.809 Df chronod[96336:97b1a6] [com.apple.chrono:extensions] Unchanged extension: <WidgetExtension - identifier: com.apple.news::com.apple.news.tag, version: 5626, containerVersion: 5626, lastModifiedDate: 2025-02-18T01:17:58+03:00 isInternal: true>
2025-10-31 11:13:38.809 Df PosterBoard[96346:97aebf] [com.apple.PosterFoundation:Extensions] (0x600002919dc0) Extension identity Extension identity [2FFB4AC3-0B85-4268-A74D-C944E9128C7F]: com.apple.WatchFacesWallpaperSupport.ExtragalacticPoster extension point: com.apple.posterkit.provider platform: 7 already tracked
2025-10-31 11:13:38.807 Df KonaSynthesizer[96553:97bc4a] [com.apple.extensionkit:NSExtension] discovered extensions: attributes {
    NSExtensionPointName = "com.apple.AudioUnit";
}, extensionSet {(
)}
2025-10-31 11:13:38.813 Df UserEventAgent[96280:977b24] (com.apple.cfnotification) Fired subscription for notification: com.apple.LaunchServices.applicationRegistered
2025-10-31 11:13:38.812 Df installcoordinationd[96396:97989f] [com.apple.installcoordination:daemon] -[IXSClientConnection _client_coordinatorWithUUID:didUpdateProgress:forPhase:overallProgress:]: Client appstored (pid 96374) was not interested in coordinator UUID 1488EA9F-B7A8-4618-AB93-649707592AE5
2025-10-31 11:13:38.809 Df SpringBoard[96282:977b1f] [com.apple.appinstallation:TransactionLog] com.example.tryingPatrolMarathonIos.RunnerUITests.xctrunner/Unknown Persona:10:2:3:1:Reloading icon image.
2025-10-31 11:13:38.813 Df CoreSimulatorBridge[96313:97c1f2] [com.apple.installcoordination:framework] -[IXAppInstallCoordinator _clientDelegate_didUpdateProgress:forPhase:overallProgress:]_block_invoke: <IXUpdatingAppInstallCoordinator<0x600001712a00> identity:[com.example.tryingPatrolMarathonIos.RunnerUITests.xctrunner/Invalid] uuid:1488EA9F-B7A8-4618-AB93-649707592AE5 creator:InstallCoordination Simple SPI>: Calling selector coordinator:didUpdateProgress:forPhase:overallProgress: on observer <_IXSimpleInstallerDelegate 0x0x600000c2d0e0>
2025-10-31 11:13:38.812 Df installcoordinationd[96396:97989f] [com.apple.installcoordination:daemon] -[IXSClientConnection _client_coordinatorWithUUID:didUpdateProgress:forPhase:overallProgress:]: Dispatching _client_coordinatorWithUUID:uuid didUpdateProgress:percentComplete forPhase:phase overallProgress:overallProgress to <IXSClientConnection<0x6000026152c0> client:CoreSimulatorBridge (pid 96313) uuid:7CCCBE15-6580-4902-84DF-135C62CF0422>
2025-10-31 11:13:38.809 Df chronod[96336:97b1a6] [com.apple.chrono:extensions] Unchanged extension: <WidgetExtension - identifier: com.apple.Batteries::com.apple.Batteries.BatteriesWidget, version: 2, containerVersion: 2, lastModifiedDate: 2025-02-18T01:17:58+03:00 isInternal: true>
2025-10-31 11:13:38.810 Df PosterBoard[96346:97aebf] [com.apple.PosterFoundation:Extensions] (0x600002919dc0) Role Predicate rejected extension identity Extension identity [73EAEC2B-5306-40C3-94B7-02DDC14E60DB]: com.apple.ContactsUI.MonogramPosterExtension extension point: com.apple.posterkit.provider platform: 7
2025-10-31 11:13:38.810 Df chronod[96336:97b1a6] [com.apple.chrono:extensions] Unchanged extension: <WidgetExtension - identifier: com.apple.springboard::com.apple.ControlCenter.ControlCenterControlsExtension, version: 1, containerVersion: 50, lastModifiedDate: 2025-02-18T01:17:58+03:00 isInternal: true>
2025-10-31 11:13:38.812 Df runningboardd[96287:97bbc3] [com.apple.runningboard:ttl] Acquiring assertion targeting osservice<com.apple.PosterBoard> from originator [osservice<com.apple.SpringBoard>:96282] with description <RBSAssertionDescriptor| "BSXPCServiceConnectionProxy<PRSClientToServerInterface>" ID:96287-96282-595 target:osservice<com.apple.PosterBoard> attributes:[
	<RBSDomainAttribute| domain:"com.apple.common" name:"BasicAngelIPC" sourceEnvironment:"(null)">,
	<RBSConstraintsAttribute| constraints:7>
	]>
2025-10-31 11:13:38.810 Df sharingd[96306:97bb98] [com.apple.PlugInKit:discovery] <PKDiscoveryDriver:0x60000260c1e0> delivering update to host (2 plugins)
2025-10-31 11:13:38.810 Df PosterBoard[96346:97aebf] [com.apple.PosterFoundation:Extensions] (0x600002919dc0) Examining extension identity Extension identity [E0F2D8C3-2C29-4B52-8D93-D9F4BAE98DB0]: com.apple.PhotosUIPrivate.PhotosPosterProvider extension point: com.apple.posterkit.provider platform: 7
2025-10-31 11:13:38.815 Df lsd[96334:977bce] [com.apple.launchservices:progress] unsubscribing from com.example.tryingPatrolMarathonIos.RunnerUITests.xctrunner.Loading as it was unpublished
2025-10-31 11:13:38.811 Df chronod[96336:97b1a6] [com.apple.PlugInKit:discovery] Annotations changed, re-performing query for continuous discovery, report block = <0x600000c65560>.
2025-10-31 11:13:38.812 Df runningboardd[96287:97bbc3] [com.apple.runningboard:ttl] Assertion 96287-96282-595 (target:osservice<com.apple.PosterBoard>) will be created as active
2025-10-31 11:13:38.809 Df KonaSynthesizer[96553:97c20c] [com.apple.PlugInKit:discovery] [d 823EC340-DAF7-4A26-8173-56D9DB884074] <PKHost:0x600003a47c80> Completed discovery. Final # of matches: 0
2025-10-31 11:13:38.811 Df PosterBoard[96346:97aebf] [com.apple.PosterFoundation:Extensions] (0x600002919dc0) Extension identity Extension identity [E0F2D8C3-2C29-4B52-8D93-D9F4BAE98DB0]: com.apple.PhotosUIPrivate.PhotosPosterProvider extension point: com.apple.posterkit.provider platform: 7 already tracked
2025-10-31 11:13:38.815 Df lsd[96334:977bce] [com.apple.launchservices:progress] #LSInstallProgressList remove subscriber: <_NSProgressSubscriber: 0x600000c0e4c0> publishingString: com.example.tryingPatrolMarathonIos.RunnerUITests.xctrunner.Loading
2025-10-31 11:13:38.813 Df runningboardd[96287:97bbc3] [com.apple.runningboard:ttl] setting abstract target for <RBSAssertionDescriptor| "BSXPCServiceConnectionProxy<PRSClientToServerInterface>" ID:96287-96282-595 target:osservice<com.apple.PosterBoard> attributes:[
	<RBSDomainAttribute| domain:"com.apple.common" name:"BasicAngelIPC" sourceEnvironment:"(null)">,
	<RBSConstraintsAttribute| constraints:7>
	]> to [osservice<com.apple.PosterBoard>:96346]
2025-10-31 11:13:38.811 Df PosterBoard[96346:97aebe] [com.apple.PosterBoardServices:Common] PRSServer received connection: <(null):0x600002136170>
2025-10-31 11:13:38.811 Df chronod[96336:97b1a6] [com.apple.PlugInKit:discovery] [d 2D08DFA0-FCFE-4B33-B6BA-2870F279C605] <PKHost:0x600001703380> Beginning discovery for flags: 0, point: multiple
2025-10-31 11:13:38.809 Df KonaSynthesizer[96553:97c20d] [com.apple.PlugInKit:discovery] <PKDiscoveryDriver:0x600000b40240> delivering update to host (0 plugins)
2025-10-31 11:13:38.811 Df PosterBoard[96346:97aebf] [com.apple.PosterFoundation:Extensions] (0x600002919dc0) Examining extension identity Extension identity [28C6CF9A-C7A0-4D71-9CE7-CE0AE1DE1FE9]: com.apple.GradientPoster.GradientPosterExtension extension point: com.apple.posterkit.provider platform: 7
2025-10-31 11:13:38.814 Df SpringBoard[96282:977b1f] [com.apple.SpringBoard:Icon] 0x600002c20400-SBApplicationIcon Data source did change: <SBApplicationPlaceholder: 0x600000c38c60; bundleIdentifier: com.example.tryingPatrolMarathonIos.RunnerUITests.xctrunner; displayName: RunnerUITests-Runner; progress: 0%; state: Waiting; canPromote?: YES; canCancel?: YES> (SBApplicationPlaceholder)
2025-10-31 11:13:38.813 Df PosterBoard[96346:97aebf] [com.apple.PosterFoundation:Extensions] (0x600002919dc0) Extension identity Extension identity [28C6CF9A-C7A0-4D71-9CE7-CE0AE1DE1FE9]: com.apple.GradientPoster.GradientPosterExtension extension point: com.apple.posterkit.provider platform: 7 already tracked
2025-10-31 11:13:38.813 Df PosterBoard[96346:97aebf] [com.apple.PosterFoundation:Extensions] (0x600002919dc0) Examining extension identity Extension identity [B2A8F2E9-BAB3-46FD-8496-374967EC1072]: com.apple.PhotosUIPrivate.PhotosAmbientPosterProvider extension point: com.apple.posterkit.provider platform: 7
2025-10-31 11:13:38.815 Df PosterBoard[96346:97aebf] [com.apple.PosterFoundation:Extensions] (0x600002919dc0) Extension identity Extension identity [B2A8F2E9-BAB3-46FD-8496-374967EC1072]: com.apple.PhotosUIPrivate.PhotosAmbientPosterProvider extension point: com.apple.posterkit.provider platform: 7 already tracked
2025-10-31 11:13:38.817 Df pkd[96350:97bce1] [com.apple.PlugInKit:discovery] [d 2D08DFA0-FCFE-4B33-B6BA-2870F279C605] Final plugin count: 36
2025-10-31 11:13:38.812 Df KonaSynthesizer[96553:97c20c] [com.apple.PlugInKit:discovery] [d B13567B5-74A4-4EC9-B2F8-4F7F85346EC6] <PKHost:0x600003a47c80> Completed discovery. Final # of matches: 0
2025-10-31 11:13:38.815 Df PosterBoard[96346:97aebf] [com.apple.PosterFoundation:Extensions] (0x600002919dc0) Examining extension identity Extension identity [B823CA59-1A8A-43E2-9427-1E4EE7BD235D]: com.apple.WatchFacesWallpaperSupport.Unity2025Poster extension point: com.apple.posterkit.provider platform: 7
2025-10-31 11:13:38.812 Df KonaSynthesizer[96553:97bc4a] [com.apple.PlugInKit:discovery] <PKDiscoveryDriver:0x600000b480c0> delivering update to host (0 plugins)
2025-10-31 11:13:38.815 Df PosterBoard[96346:97aebf] [com.apple.PosterFoundation:Extensions] (0x600002919dc0) Extension identity Extension identity [B823CA59-1A8A-43E2-9427-1E4EE7BD235D]: com.apple.WatchFacesWallpaperSupport.Unity2025Poster extension point: com.apple.posterkit.provider platform: 7 already tracked
2025-10-31 11:13:38.818 Df lsd[96334:97bd16] [com.apple.launchservices:progress] Updating installPhase for <NSProgress: com.example.tryingPatrolMarathonIos.RunnerUITests.xctrunner phase=Loading; state=Active; finalPhase=Installing; fractionCompleted=0.600000> to 1
2025-10-31 11:13:38.815 Df sharingd[96306:97bb97] [com.apple.extensionkit:NSExtension] discovered extensions: attributes {
    NSExtensionActivationRule =     {
        extensionItems =         (
                        {
                attachments =                 (
                                        {
                        registeredTypeIdentifiers =                         (
                            "public.url"
                        );
                    }
                );
            }
        );
    };
    NSExtensionPointName =     (
        "com.apple.share-services",
        "com.apple.ui-services",
        "com.apple.services"
    );
}, extensionSet {(
    <EXConcreteExtension: 0x600003708a80> {id = com.apple.reminders.sharingextension},
    <EXConcreteExtension: 0x600003704f00> {id = com.apple.shortcuts.Run-Workflow}
)}
2025-10-31 11:13:38.815 Df PosterBoard[96346:97aebf] [com.apple.PosterFoundation:Extensions] (0x600002919dc0) Examining extension identity Extension identity [161D7E60-D2B2-4DB5-8ACF-A7D388EDCA03]: com.apple.PaperBoard.LegacyPoster extension point: com.apple.posterkit.provider platform: 7
2025-10-31 11:13:38.818 Df lsd[96334:97bd16] [com.apple.launchservices:progress] Parent progress for installation <NSProgress: com.example.tryingPatrolMarathonIos.RunnerUITests.xctrunner phase=Installing; state=Active; finalPhase=Installing; fractionCompleted=0.600000>, adding phase 1
2025-10-31 11:13:38.815 Df KonaSynthesizer[96553:97c20d] [com.apple.extensionkit:NSExtension] discovered extensions: attributes {
    NSExtensionPointName = "com.apple.AudioUnit-UI";
}, extensionSet {(
)}
2025-10-31 11:13:38.816 Df SpringBoard[96282:977b1f] [com.apple.SpringBoard:Icon] 0x600002c20400-SBApplicationIcon Data source did change: <SBApplicationPlaceholder: 0x600000c38c60; bundleIdentifier: com.example.tryingPatrolMarathonIos.RunnerUITests.xctrunner; displayName: RunnerUITests-Runner; progress: 60%; state: Loading; canPause?: YES; canPromote?: YES; canCancel?: YES> (SBApplicationPlaceholder)
2025-10-31 11:13:38.816 Df PosterBoard[96346:97aebf] [com.apple.PosterFoundation:Extensions] (0x600002919dc0) Extension identity Extension identity [161D7E60-D2B2-4DB5-8ACF-A7D388EDCA03]: com.apple.PaperBoard.LegacyPoster extension point: com.apple.posterkit.provider platform: 7 already tracked
2025-10-31 11:13:38.816 Df sharingd[96306:97bb97] [com.apple.ShareSheet:ShareSheet] ExtensionsCache: 2 new extensions from NSExtension for cache key = [public.url/com.apple.services|com.apple.share-services|com.apple.ui-services]
2025-10-31 11:13:38.816 Df KonaSynthesizer[96553:97bc77] [com.apple.extensionkit:NSExtension] discovered extensions: attributes {
    NSExtensionPointName = "com.apple.AudioUnit-Speech";
}, extensionSet {(
    <EXConcreteExtension: 0x600001a40540> {id = com.apple.ax.KonaTTSSupport.KonaSynthesizer},
    <EXConcreteExtension: 0x600001a58000> {id = com.apple.ax.MauiTTSSupport.MauiAUSP},
    <EXConcreteExtension: 0x600001a406c0> {id = com.apple.texttospeech.SiriAUSP},
    <EXConcreteExtension: 0x600001a50000> {id = com.apple.speech.MacinTalkFramework.MacinTalkAUSP}
)}
2025-10-31 11:13:38.816 Df PosterBoard[96346:97aebf] [com.apple.PosterFoundation:Extensions] (0x600002919dc0) Examining extension identity Extension identity [3DE57BD7-991C-4350-A648-F5CAE1B9D942]: com.apple.WatchFacesWallpaperSupport.KaleidoscopePoster extension point: com.apple.posterkit.provider platform: 7
2025-10-31 11:13:38.816 Df sharingd[96306:97bb98] [com.apple.extensionkit:NSExtension] discovered extensions: attributes {
    NSExtensionActivationRule =     {
        extensionItems =         (
                        {
                attachments =                 (
                                        {
                        registeredTypeIdentifiers =                         (
                            "public.url",
                            "com.apple.active-webpage"
                        );
                    }
                );
            }
        );
    };
    NSExtensionPointName =     (
        "com.apple.share-services",
        "com.apple.ui-services",
        "com.apple.services"
    );
}, extensionSet {(
    <EXConcreteExtension: 0x600003704e40> {id = com.apple.reminders.sharingextension},
    <EXConcreteExtension: 0x60000371c000> {id = com.apple.shortcuts.Run-Workflow}
)}
2025-10-31 11:13:38.817 Df PosterBoard[96346:97aebf] [com.apple.PosterFoundation:Extensions] (0x600002919dc0) Extension identity Extension identity [3DE57BD7-991C-4350-A648-F5CAE1B9D942]: com.apple.WatchFacesWallpaperSupport.KaleidoscopePoster extension point: com.apple.posterkit.provider platform: 7 already tracked
2025-10-31 11:13:38.819 Df chronod[96336:97b1a6] [com.apple.PlugInKit:discovery] [d 2D08DFA0-FCFE-4B33-B6BA-2870F279C605] <PKHost:0x600001703380> Completed discovery. Final # of matches: 36
2025-10-31 11:13:38.817 Df sharingd[96306:97bb98] [com.apple.ShareSheet:ShareSheet] ExtensionsCache: 2 new extensions from NSExtension for cache key = [com.apple.active-webpage|public.url/com.apple.services|com.apple.share-services|com.apple.ui-services]
2025-10-31 11:13:38.819 Df lsd[96334:97bd16] [com.apple.launchservices:progress] #LSInstallProgressList add subscriber: <_NSProgressSubscriber: 0x600000c0e4c0> publishingString: com.example.tryingPatrolMarathonIos.RunnerUITests.xctrunner.Installing
2025-10-31 11:13:38.817 Df PosterBoard[96346:97aebf] [com.apple.PosterFoundation:Extensions] (0x600002919dc0) Role Predicate rejected extension identity Extension identity [3543F247-5FEA-4EE3-BFA5-9AC18FCC9A42]: com.apple.AvatarUI.AvatarPosterExtension extension point: com.apple.posterkit.provider platform: 7
2025-10-31 11:13:38.819 Df chronod[96336:97bb96] [com.apple.PlugInKit:discovery] <PKDiscoveryDriver:0x600002629b00> delivering update to host (36 plugins)
2025-10-31 11:13:38.817 Df SpringBoard[96282:977b1f] [com.apple.SpringBoard:Icon] 0x600002c20400-SBApplicationIcon Data source did change: <SBApplicationPlaceholder: 0x600000c38c60; bundleIdentifier: com.example.tryingPatrolMarathonIos.RunnerUITests.xctrunner; displayName: RunnerUITests-Runner; progress: 60%; state: Loading; canPause?: YES; canPromote?: YES; canCancel?: YES> (SBApplicationPlaceholder)
2025-10-31 11:13:38.817 Df KonaSynthesizer[96553:97c20d] [com.apple.PlugInKit:discovery] <PKDiscoveryDriver:0x600000b40240> delivering update to host (0 plugins)
2025-10-31 11:13:38.819 Df lsd[96334:97bd16] [com.apple.launchservices:progress] Subscribing to com.example.tryingPatrolMarathonIos.RunnerUITests.xctrunner.Installing
2025-10-31 11:13:38.817 Df PosterBoard[96346:97aebf] [com.apple.PosterFoundation:Extensions] (0x600002919dc0) Examining extension identity Extension identity [2E0570BB-6225-419F-804F-D4BC22480999]: com.apple.EmojiPoster.EmojiPosterExtension extension point: com.apple.posterkit.provider platform: 7
2025-10-31 11:13:38.817 Df KonaSynthesizer[96553:97bc77] [com.apple.PlugInKit:discovery] <PKDiscoveryDriver:0x600000b50000> delivering update to host (4 plugins)
2025-10-31 11:13:38.820 Df UserEventAgent[96280:977b24] (com.apple.cfnotification) Fired subscription for notification: com.apple.LaunchServices.applicationRegistered
2025-10-31 11:13:38.818 Df PosterBoard[96346:97aebf] [com.apple.PosterFoundation:Extensions] (0x600002919dc0) Extension identity Extension identity [2E0570BB-6225-419F-804F-D4BC22480999]: com.apple.EmojiPoster.EmojiPosterExtension extension point: com.apple.posterkit.provider platform: 7 already tracked
2025-10-31 11:13:38.819 Df runningboardd[96287:97bb9c] [com.apple.runningboard:ttl] Invalidating assertion 96287-96346-593 (target:[osservice<com.apple.PosterBoard>:96346]) from originator [osservice<com.apple.PosterBoard>:96346]
2025-10-31 11:13:38.818 Df PosterBoard[96346:97aebf] [com.apple.PosterFoundation:Extensions] (0x600002919dc0) Examining extension identity Extension identity [2F0455EA-7D64-4B10-B625-9E0A96BD35B4]: com.apple.ambient.AmbientUI.InfographPoster extension point: com.apple.posterkit.provider platform: 7
2025-10-31 11:13:38.818 Df PosterBoard[96346:97aebf] [com.apple.PosterFoundation:Extensions] (0x600002919dc0) Extension identity Extension identity [2F0455EA-7D64-4B10-B625-9E0A96BD35B4]: com.apple.ambient.AmbientUI.InfographPoster extension point: com.apple.posterkit.provider platform: 7 already tracked
2025-10-31 11:13:38.818 Df KonaSynthesizer[96553:97c20d] [com.apple.extensionkit:NSExtension] discovered extensions: attributes {
    NSExtensionPointName = "com.apple.AudioUnit-UI";
}, extensionSet {(
)}
2025-10-31 11:13:38.821 Df pkd[96350:97bca4] [com.apple.PlugInKit:discovery] [d 09D17C7E-CACC-44A2-A7B3-195675B3FBB2] Final plugin count: 5
2025-10-31 11:13:38.819 Df PosterBoard[96346:97aebf] [com.apple.PosterFoundation:Extensions] (0x600002919dc0) Extension update received; no updates found.
2025-10-31 11:13:38.820 Df runningboardd[96287:97bb9c] [com.apple.runningboard:ttl] Invalidating assertion 96287-96282-592 (target:osservice<com.apple.PosterBoard>) from originator [osservice<com.apple.SpringBoard>:96282]
2025-10-31 11:13:38.819 Df PosterBoard[96346:97aebf] [com.apple.PosterFoundation:Extensions] (0x600002919dc0) didUpdateExtensions:NO
2025-10-31 11:13:38.819 Df SpringBoard[96282:977b1f] [com.apple.SpringBoard:Icon] 0x600002c20400-SBApplicationIcon Data source did change: <SBApplicationPlaceholder: 0x600000c38c60; bundleIdentifier: com.example.tryingPatrolMarathonIos.RunnerUITests.xctrunner; displayName: RunnerUITests-Runner; progress: 60%; state: Installing; canPromote?: YES> (SBApplicationPlaceholder)
2025-10-31 11:13:38.821 Df sharingd[96306:97c211] [com.apple.PlugInKit:discovery] [d 09D17C7E-CACC-44A2-A7B3-195675B3FBB2] <PKHost:0x600001707bc0> Completed discovery. Final # of matches: 5
2025-10-31 11:13:38.819 Df PosterBoard[96346:97aebf] [com.apple.PosterBoardServices:Common] Adding Connection: <BSCnx:host:com.apple.posterboardservices.dataModel:0x600002136170>
2025-10-31 11:13:38.822 Df installcoordinationd[96396:97bb92] [com.apple.launchservices:progress] Published install progress <NSProgress: com.example.tryingPatrolMarathonIos.RunnerUITests.xctrunner.Installing phase=Installing; state=Waiting; finalPhase=Installing; fractionCompleted=0.000000>
2025-10-31 11:13:38.821 Df sharingd[96306:97bb98] [com.apple.PlugInKit:discovery] <PKDiscoveryDriver:0x60000260cfc0> delivering update to host (5 plugins)
2025-10-31 11:13:38.821 Df runningboardd[96287:97bb9c] [com.apple.runningboard:ttl] Acquiring assertion targeting [osservice<com.apple.PosterBoard>:96346] from originator [osservice<com.apple.PosterBoard>:96346] with description <RBSAssertionDescriptor| "notifyPosterBoardOfApplicationUpdatesWithCompletion" ID:96287-96346-596 target:96346 attributes:[
	<RBSDomainAttribute| domain:"com.apple.posterkit.provider" name:"PosterUpdate" sourceEnvironment:"(null)">
	]>
2025-10-31 11:13:38.820 Df PosterBoard[96346:97aebf] [com.apple.PosterBoard:Runtime] acquireAssertion:'PosterUpdateRuntimeAssertion' reason:'notifyPosterBoardOfApplicationUpdatesWithCompletion' target:'96346'
2025-10-31 11:13:38.815 Df KonaSynthesizer[96553:97c20c] [com.apple.PlugInKit:discovery] [d 2D99FFE3-D35B-4B40-A94A-D6ACABA159BB] <PKHost:0x600003a47c80> Completed discovery. Final # of matches: 4
2025-10-31 11:13:38.821 Df runningboardd[96287:97bb9c] [com.apple.runningboard:ttl] Assertion 96287-96346-596 (target:[osservice<com.apple.PosterBoard>:96346]) will be created as active
2025-10-31 11:13:38.823 E  backboardd[96305:97bdcb] [com.apple.coreanimation:Utilities] IQCollectable client message err=0x10000004 : (ipc/send) timed out
2025-10-31 11:13:38.821 Df PosterBoard[96346:97aebf] [com.apple.PosterBoard:Runtime] SUCCESS acquireAssertion:'PosterUpdateRuntimeAssertion' reason:'notifyPosterBoardOfApplicationUpdatesWithCompletion' target:'96346': (null)
2025-10-31 11:13:38.823 Df lsd[96334:97bd16] [com.apple.launchservices:progress] connection from 96396 sending notification 4 for com.example.tryingPatrolMarathonIos.RunnerUITests.xctrunner
2025-10-31 11:13:38.821 Df PosterBoard[96346:97aebf] [com.apple.PosterFoundation:Extensions] (0x600002919dc0) reloadExtensions
2025-10-31 11:13:38.823 Df lsd[96334:97bd16] [com.apple.launchservices:progress] Sending applicationsWillInstall: for (
    "<LSApplicationProxy: 0x60000370c0c0> com.example.tryingPatrolMarathonIos.RunnerUITests.xctrunner file:///Users/osekine/Library/Developer/CoreSimulator/Devices/BCE1DF2D-4C6B-468E-9AC6-0F143386FCDE/data/Containers/Bundle/Application/CCE4D77A-4365-417A-AD87-28141FFD1BD5/xctestRunner.app/ <com.example.tryingPatrolMarathonIos.RunnerUITests.xctrunner <installed >:0>"
)
2025-10-31 11:13:38.824 Df UserEventAgent[96280:977b24] (com.apple.cfnotification) Fired subscription for notification: com.apple.LaunchServices.applicationRegistered
2025-10-31 11:13:38.821 Df KonaSynthesizer[96553:97bc4a] [com.apple.extensionkit:NSExtension] discovered extensions: attributes {
    NSExtensionPointName = "com.apple.AudioUnit";
}, extensionSet {(
)}
2025-10-31 11:13:38.825 Df appstored[96374:97bc07] [com.apple.launchservices:appinstallation] LaunchServices observer: Will install (
    "<LSApplicationProxy: 0x60000370c300> com.example.tryingPatrolMarathonIos.RunnerUITests.xctrunner file:///Users/osekine/Library/Developer/CoreSimulator/Devices/BCE1DF2D-4C6B-468E-9AC6-0F143386FCDE/data/Containers/Bundle/Application/CCE4D77A-4365-417A-AD87-28141FFD1BD5/xctestRunner.app/ <com.example.tryingPatrolMarathonIos.RunnerUITests.xctrunner <installed >:0>"
)
2025-10-31 11:13:38.825 Df liveactivitiesd[96327:97bbb9] [com.apple.launchservices:appinstallation] LaunchServices observer: Will install (
    "<LSApplicationProxy: 0x6000037243c0> com.example.tryingPatrolMarathonIos.RunnerUITests.xctrunner file:///Users/osekine/Library/Developer/CoreSimulator/Devices/BCE1DF2D-4C6B-468E-9AC6-0F143386FCDE/data/Containers/Bundle/Application/CCE4D77A-4365-417A-AD87-28141FFD1BD5/xctestRunner.app/ <com.example.tryingPatrolMarathonIos.RunnerUITests.xctrunner <installed >:0>"
)
2025-10-31 11:13:38.822 Df KonaSynthesizer[96553:97c20c] [com.apple.PlugInKit:discovery] [d 50E9A8F9-08AF-4F4D-B059-B46EA4BD3824] <PKHost:0x600003a47c80> Completed discovery. Final # of matches: 0
2025-10-31 11:13:38.824 Df sharingd[96306:97bb98] [com.apple.extensionkit:NSExtension] discovered extensions: attributes {
    NSExtensionActivationRule =     {
        extensionItems =         (
                        {
                attachments =                 (
                                        {
                        registeredTypeIdentifiers =                         (
                            "public.jpeg",
                            "public.heic",
                            "com.apple.live-photo"
                        );
                    }
                );
            }
        );
    };
    NSExtensionPointName =     (
        "com.apple.share-services",
        "com.apple.ui-services",
        "com.apple.services"
    );
}, extensionSet {(
    <EXConcreteExtension: 0x600003708900> {id = com.apple.shortcuts.Run-Workflow},
    <EXConcreteExtension: 0x600003708780> {id = com.apple.reminders.sharingextension},
    <EXConcreteExtension: 0x600003715080> {id = com.apple.DocumentManagerUICore.SaveToFiles},
    <EXConcreteExtension: 0x600003708b40> {id = com.apple.NanoTimeKit.CreateWatchFace},
    <EXC
2025-10-31 11:13:38.823 Df KonaSynthesizer[96553:97c20c] [com.apple.PlugInKit:discovery] <PKDiscoveryDriver:0x600000b480c0> delivering update to host (0 plugins)
2025-10-31 11:13:38.825 Df sharingd[96306:97bb98] [com.apple.ShareSheet:ShareSheet] ExtensionsCache: 5 new extensions from NSExtension for cache key = [com.apple.live-photo|public.heic|public.jpeg/com.apple.services|com.apple.share-services|com.apple.ui-services]
2025-10-31 11:13:38.827 Df homed[96381:97b5e4] [com.apple.launchservices:appinstallation] LaunchServices observer: Will install (
    "<LSApplicationProxy: 0x600003710000> com.example.tryingPatrolMarathonIos.RunnerUITests.xctrunner file:///Users/osekine/Library/Developer/CoreSimulator/Devices/BCE1DF2D-4C6B-468E-9AC6-0F143386FCDE/data/Containers/Bundle/Application/CCE4D77A-4365-417A-AD87-28141FFD1BD5/xctestRunner.app/ <com.example.tryingPatrolMarathonIos.RunnerUITests.xctrunner <installed >:0>"
)
2025-10-31 11:13:38.827 Df runningboardd[96287:97bbc3] [com.apple.launchservices:appinstallation] LaunchServices observer: Will install (
    "<LSApplicationProxy: 0x60000371c180> com.example.tryingPatrolMarathonIos.RunnerUITests.xctrunner file:///Users/osekine/Library/Developer/CoreSimulator/Devices/BCE1DF2D-4C6B-468E-9AC6-0F143386FCDE/data/Containers/Bundle/Application/CCE4D77A-4365-417A-AD87-28141FFD1BD5/xctestRunner.app/ <com.example.tryingPatrolMarathonIos.RunnerUITests.xctrunner <installed >:0>"
)
2025-10-31 11:13:38.827 Df passd[96312:97a377] [com.apple.launchservices:appinstallation] LaunchServices observer: Will install (
    "<LSApplicationProxy: 0x600003700fc0> com.example.tryingPatrolMarathonIos.RunnerUITests.xctrunner file:///Users/osekine/Library/Developer/CoreSimulator/Devices/BCE1DF2D-4C6B-468E-9AC6-0F143386FCDE/data/Containers/Bundle/Application/CCE4D77A-4365-417A-AD87-28141FFD1BD5/xctestRunner.app/ <com.example.tryingPatrolMarathonIos.RunnerUITests.xctrunner <installed >:0>"
)
2025-10-31 11:13:38.825 Df KonaSynthesizer[96553:97bc77] [com.apple.extensionkit:NSExtension] discovered extensions: attributes {
    NSExtensionPointName = "com.apple.AudioUnit-Speech";
}, extensionSet {(
    <EXConcreteExtension: 0x600001a580c0> {id = com.apple.ax.KonaTTSSupport.KonaSynthesizer},
    <EXConcreteExtension: 0x600001a500c0> {id = com.apple.ax.MauiTTSSupport.MauiAUSP},
    <EXConcreteExtension: 0x600001a44240> {id = com.apple.texttospeech.SiriAUSP},
    <EXConcreteExtension: 0x600001a54000> {id = com.apple.speech.MacinTalkFramework.MacinTalkAUSP}
)}
2025-10-31 11:13:38.826 Df SpringBoard[96282:977b1f] [com.apple.SpringBoard:Icon] 0x600002c20400-SBApplicationIcon Data source did change: <SBApplicationPlaceholder: 0x600000c38c60; bundleIdentifier: com.example.tryingPatrolMarathonIos.RunnerUITests.xctrunner; displayName: RunnerUITests-Runner; progress: 60%; state: Installing; canPromote?: YES> (SBApplicationPlaceholder)
2025-10-31 11:13:38.825 Df KonaSynthesizer[96553:97c20c] [com.apple.extensionkit:NSExtension] discovered extensions: attributes {
    NSExtensionPointName = "com.apple.AudioUnit";
}, extensionSet {(
)}
2025-10-31 11:13:38.825 Df SpringBoard[96282:97bd58] [com.apple.launchservices:appinstallation] LaunchServices observer: Will install (
    "<LSApplicationProxy: 0x60000371b9c0> com.example.tryingPatrolMarathonIos.RunnerUITests.xctrunner file:///Users/osekine/Library/Developer/CoreSimulator/Devices/BCE1DF2D-4C6B-468E-9AC6-0F143386FCDE/data/Containers/Bundle/Application/CCE4D77A-4365-417A-AD87-28141FFD1BD5/xctestRunner.app/ <com.example.tryingPatrolMarathonIos.RunnerUITests.xctrunner <installed >:0>"
)
2025-10-31 11:13:38.828 Df profiled[96338:97a26b] [com.apple.launchservices:appinstallation] LaunchServices observer: Will install (
    "<LSApplicationProxy: 0x60000370c180> com.example.tryingPatrolMarathonIos.RunnerUITests.xctrunner file:///Users/osekine/Library/Developer/CoreSimulator/Devices/BCE1DF2D-4C6B-468E-9AC6-0F143386FCDE/data/Containers/Bundle/Application/CCE4D77A-4365-417A-AD87-28141FFD1BD5/xctestRunner.app/ <com.example.tryingPatrolMarathonIos.RunnerUITests.xctrunner <installed >:0>"
)
2025-10-31 11:13:38.826 Df SpringBoard[96282:97bd58] [com.apple.frontboard.ApplicationLibrary:observer] -[FBSApplicationLibrary applicationsWillInstall:] com.example.tryingPatrolMarathonIos.RunnerUITests.xctrunner
2025-10-31 11:13:38.826 Df KonaSynthesizer[96553:97bc77] [com.apple.PlugInKit:discovery] <PKDiscoveryDriver:0x600000b50000> delivering update to host (4 plugins)
2025-10-31 11:13:38.828 Df SpringBoard[96282:977b1f] [com.apple.SpringBoard:Icon] 0x600002c20400-SBApplicationIcon Data source did change: <SBApplicationPlaceholder: 0x600000c38c60; bundleIdentifier: com.example.tryingPatrolMarathonIos.RunnerUITests.xctrunner; displayName: RunnerUITests-Runner; progress: 60%; state: Installing; canPromote?: YES> (SBApplicationPlaceholder)
2025-10-31 11:13:38.830 Df routined[96292:97bbcc] [com.apple.launchservices:appinstallation] LaunchServices observer: Will install (
    "<LSApplicationProxy: 0x600003728780> com.example.tryingPatrolMarathonIos.RunnerUITests.xctrunner file:///Users/osekine/Library/Developer/CoreSimulator/Devices/BCE1DF2D-4C6B-468E-9AC6-0F143386FCDE/data/Containers/Bundle/Application/CCE4D77A-4365-417A-AD87-28141FFD1BD5/xctestRunner.app/ <com.example.tryingPatrolMarathonIos.RunnerUITests.xctrunner <installed >:0>"
)
2025-10-31 11:13:38.830 Df pkd[96350:97bca4] [com.apple.PlugInKit:discovery] [d 7A2C951F-F776-4A88-A0BB-1710EFED2B9E] Final plugin count: 3
2025-10-31 11:13:38.830 Df nsurlsessiond[96330:97c213] [com.apple.launchservices:appinstallation] LaunchServices observer: Will install (
    "<LSApplicationProxy: 0x600003708b40> com.example.tryingPatrolMarathonIos.RunnerUITests.xctrunner file:///Users/osekine/Library/Developer/CoreSimulator/Devices/BCE1DF2D-4C6B-468E-9AC6-0F143386FCDE/data/Containers/Bundle/Application/CCE4D77A-4365-417A-AD87-28141FFD1BD5/xctestRunner.app/ <com.example.tryingPatrolMarathonIos.RunnerUITests.xctrunner <installed >:0>"
)
2025-10-31 11:13:38.831 Df healthappd[96474:97828f] [com.apple.launchservices:appinstallation] LaunchServices observer: Will install (
    "<LSApplicationProxy: 0x60000371c000> com.example.tryingPatrolMarathonIos.RunnerUITests.xctrunner file:///Users/osekine/Library/Developer/CoreSimulator/Devices/BCE1DF2D-4C6B-468E-9AC6-0F143386FCDE/data/Containers/Bundle/Application/CCE4D77A-4365-417A-AD87-28141FFD1BD5/xctestRunner.app/ <com.example.tryingPatrolMarathonIos.RunnerUITests.xctrunner <installed >:0>"
)
2025-10-31 11:13:38.831 Df sharingd[96306:97c211] [com.apple.PlugInKit:discovery] [d 7A2C951F-F776-4A88-A0BB-1710EFED2B9E] <PKHost:0x600001707bc0> Completed discovery. Final # of matches: 3
2025-10-31 11:13:38.831 Df sharingd[96306:97c211] [com.apple.PlugInKit:discovery] <PKDiscoveryDriver:0x600002600d20> delivering update to host (3 plugins)
2025-10-31 11:13:38.832 Df UserEventAgent[96280:977b24] (com.apple.cfnotification) Fired subscription for notification: com.apple.LaunchServices.applicationRegistered
2025-10-31 11:13:38.830 Df KonaSynthesizer[96553:97bc77] [com.apple.extensionkit:NSExtension] discovered extensions: attributes {
    NSExtensionPointName = "com.apple.AudioUnit-Speech";
}, extensionSet {(
    <EXConcreteExtension: 0x600001a64000> {id = com.apple.ax.KonaTTSSupport.KonaSynthesizer},
    <EXConcreteExtension: 0x600001a4c3c0> {id = com.apple.ax.MauiTTSSupport.MauiAUSP},
    <EXConcreteExtension: 0x600001a40600> {id = com.apple.texttospeech.SiriAUSP},
    <EXConcreteExtension: 0x600001a44180> {id = com.apple.speech.MacinTalkFramework.MacinTalkAUSP}
)}
2025-10-31 11:13:38.833 Df callservicesd[96343:97bbe2] [com.apple.PlugInKit:discovery] [d EF253877-CAEC-4BE3-B55C-6BCF1DA0B7AD] <PKHost:0x103b30080> Completed discovery. Final # of matches: 0
2025-10-31 11:13:38.833 Df callservicesd[96343:97bbe2] [com.apple.PlugInKit:discovery] <PKDiscoveryDriver:0x1039b1f20> delivering update to host (0 plugins)
2025-10-31 11:13:38.831 Df SpringBoard[96282:97bbd6] [com.apple.extensionkit:NSExtension] discovered extensions: attributes {
    NSExtensionPointName = "com.apple.usernotifications.content-extension";
}, extensionSet {(
    <EXConcreteExtension: 0x6000037c5d40> {id = com.apple.HealthMenstrualCyclesUI.NotificationContentExtension},
    <EXConcreteExtension: 0x6000037c5ec0> {id = com.apple.MobileSMS.MessagesPluginNotificationExtension},
    <EXConcreteExtension: 0x6000037dadc0> {id = com.apple.shortcuts.AutomationNotificationContent},
    <EXConcreteExtension: 0x60000379de00> {id = com.apple.coreaudio.haenotifications.HAENotificationContentExtension},
    <EXConcreteExtension: 0x60000379e580> {id = com.apple.MobileSMS.MessagesNotificationExtension},
    <EXConcreteExtension: 0x60000379fe40> {id = com.apple.reminderkit.NotificationContentExtension},
    <EXConcreteExtension: 0x6000037dac40> {id = com.apple.UserNotificationsUIKit.DefaultUIExtension},
    <EXConcreteExtension: 0x600003796700> {id = com.apple.accessibility.RTTUI.RTTNotifications},
    <EXConcreteExtension: 0x600003796280> {id = com.apple.ScreenTimeUI.ScreenTimeNotific
2025-10-31 11:13:38.831 Df SpringBoard[96282:97bbd6] [com.apple.UserNotificationsUI:Extensions] Loaded extension com.apple.HealthMenstrualCyclesUI.NotificationContentExtension for categories [ MenstrualCyclesAppPlugin.AfterPeriodStart, MenstrualCyclesAppPlugin.AfterLoggedPeriodEnd ] with attributes: {
    NSExtensionPointName = "com.apple.usernotifications.content-extension";
    NSExtensionPointVersion = "1.0";
    NSExtensionVersion = "1.0";
    UNNotificationExtensionCategory =     (
        "MenstrualCyclesAppPlugin.AfterPeriodStart",
        "MenstrualCyclesAppPlugin.AfterLoggedPeriodEnd"
    );
    UNNotificationExtensionCustomSectionIdentifier = "com.apple.Health";
    UNNotificationExtensionInitialContentSizeRatio = "0.001";
}
2025-10-31 11:13:38.834 Df com.apple.CallKit.CallDirectoryMaintenance[96368:977e7d] [com.apple.calls.callkit:Default] 
2025-10-31 11:13:38.833 Df callservicesd[96343:97bbe2] [com.apple.extensionkit:NSExtension] discovered extensions: attributes {
    NSExtensionPointName =     (
        "com.apple.callkit.call-directory",
        "com.apple.live-lookup"
    );
}, extensionSet {(
)}
2025-10-31 11:13:38.831 Df SpringBoard[96282:97bba6] [com.apple.siri:Client] +[AFSystemAssistantExperienceStatusManager isSAEEnabled] #SAEStatus from cache:0
2025-10-31 11:13:38.834 Df com.apple.CallKit.CallDirectoryMaintenance[96368:977dde] [com.apple.calls.calldirectory:Default] requested to synchronize extensions
2025-10-31 11:13:38.833 Df callservicesd[96343:97bbe2] [com.apple.calls.callkit:Default] matchingExtensions=(
)
