2025-10-31 11:13:38.832 Df sharingd[96306:97c211] [com.apple.extensionkit:NSExtension] discovered extensions: attributes {
    NSExtensionActivationRule =     {
        extensionItems =         (
                        {
                attachments =                 (
                                        {
                        registeredTypeIdentifiers =                         (
                            "com.apple.avfoundation.urlasset",
                            "com.apple.quicktime-movie"
                        );
                    }
                );
            }
        );
    };
    NSExtensionPointName =     (
        "com.apple.share-services",
        "com.apple.ui-services",
        "com.apple.services"
    );
}, extensionSet {(
    <EXConcreteExtension: 0x600003718240> {id = com.apple.shortcuts.Run-Workflow},
    <EXConcreteExtension: 0x600003718f00> {id = com.apple.DocumentManagerUICore.SaveToFiles},
    <EXConcreteExtension: 0x600003718840> {id = com.apple.mobileslideshow.StreamShareService}
)}
2025-10-31 11:13:38.834 E  com.apple.CallKit.CallDirectoryMaintenance[96368:977dde] [com.apple.calls.calldirectory:Default] Unable to initialize CXCallDirectoryStore for reading and writing: Error Domain=NSCocoaErrorDomain Code=513 "You don’t have permission to save the file “CallDirectory” in the folder “Library”." UserInfo={NSFilePath=/var/mobile/Library/CallDirectory, NSURL=file:///var/mobile/Library/CallDirectory, NSUnderlyingError=0x600000c02220 {Error Domain=NSPOSIXErrorDomain Code=13 "Permission denied"}}
2025-10-31 11:13:38.833 Df callservicesd[96343:97bbe2] [com.apple.calls.callservicesd:Default] Beginning transaction for extensionsChangedForCallDirectoryExtensionManager-60. Transaction count is now 0. Added transaction: <OS_os_transaction: com.apple.calls.callservicesd.CXCallDirectoryNSExtensionManagerDelegate:extensionsChangedForCallDirectoryExtensionManager-60>
2025-10-31 11:13:38.832 Df sharingd[96306:97c211] [com.apple.ShareSheet:ShareSheet] ExtensionsCache: 3 new extensions from NSExtension for cache key = [com.apple.avfoundation.urlasset|com.apple.quicktime-movie/com.apple.services|com.apple.share-services|com.apple.ui-services]
2025-10-31 11:13:38.833 Df SpringBoard[96282:977b1f] [com.apple.SpringBoard:IconImageCache] starting main thread processing work for request 1281E808-B125-46CE-9051-BF261B41E385
2025-10-31 11:13:38.836 Df callservicesd[96343:97bbe2] [com.apple.launchservices:appinstallation] LaunchServices observer: Will install (
    "<LSApplicationProxy: 0x1049395c0> com.example.tryingPatrolMarathonIos.RunnerUITests.xctrunner file:///Users/osekine/Library/Developer/CoreSimulator/Devices/BCE1DF2D-4C6B-468E-9AC6-0F143386FCDE/data/Containers/Bundle/Application/CCE4D77A-4365-417A-AD87-28141FFD1BD5/xctestRunner.app/ <com.example.tryingPatrolMarathonIos.RunnerUITests.xctrunner <installed >:0>"
)
2025-10-31 11:13:38.836 Df clipserviced[96470:9795e3] [com.apple.launchservices:appinstallation] LaunchServices observer: Will install (
    "<LSApplicationProxy: 0x600003720000> com.example.tryingPatrolMarathonIos.RunnerUITests.xctrunner file:///Users/osekine/Library/Developer/CoreSimulator/Devices/BCE1DF2D-4C6B-468E-9AC6-0F143386FCDE/data/Containers/Bundle/Application/CCE4D77A-4365-417A-AD87-28141FFD1BD5/xctestRunner.app/ <com.example.tryingPatrolMarathonIos.RunnerUITests.xctrunner <installed >:0>"
)
2025-10-31 11:13:38.834 Df SpringBoard[96282:97bbd6] [com.apple.UserNotificationsUI:Extensions] Loaded extension com.apple.MobileSMS.MessagesPluginNotificationExtension for categories [ com.apple.messages.notification.customplugin.category ] with attributes: {
    NSExtensionPointName = "com.apple.usernotifications.content-extension";
    NSExtensionPointVersion = "1.0";
    NSExtensionVersion = "1.0";
    UNNotificationExtensionCategory = "com.apple.messages.notification.customplugin.category";
    UNNotificationExtensionInitialContentSizeRatio = 0;
}
2025-10-31 11:13:38.836 Df deviceaccessd[96485:97bbd0] [com.apple.launchservices:appinstallation] LaunchServices observer: Will install (
    "<LSApplicationProxy: 0x6000037186c0> com.example.tryingPatrolMarathonIos.RunnerUITests.xctrunner file:///Users/osekine/Library/Developer/CoreSimulator/Devices/BCE1DF2D-4C6B-468E-9AC6-0F143386FCDE/data/Containers/Bundle/Application/CCE4D77A-4365-417A-AD87-28141FFD1BD5/xctestRunner.app/ <com.example.tryingPatrolMarathonIos.RunnerUITests.xctrunner <installed >:0>"
)
2025-10-31 11:13:38.836 Df locationd[96308:97b369] [com.apple.launchservices:appinstallation] LaunchServices observer: Will install (
    "<LSApplicationProxy: 0x600003710600> com.example.tryingPatrolMarathonIos.RunnerUITests.xctrunner file:///Users/osekine/Library/Developer/CoreSimulator/Devices/BCE1DF2D-4C6B-468E-9AC6-0F143386FCDE/data/Containers/Bundle/Application/CCE4D77A-4365-417A-AD87-28141FFD1BD5/xctestRunner.app/ <com.example.tryingPatrolMarathonIos.RunnerUITests.xctrunner <installed >:0>"
)
2025-10-31 11:13:38.837 Df healthd[96294:97bbfe] [com.apple.launchservices:appinstallation] LaunchServices observer: Will install (
    "<LSApplicationProxy: 0x6000037140c0> com.example.tryingPatrolMarathonIos.RunnerUITests.xctrunner file:///Users/osekine/Library/Developer/CoreSimulator/Devices/BCE1DF2D-4C6B-468E-9AC6-0F143386FCDE/data/Containers/Bundle/Application/CCE4D77A-4365-417A-AD87-28141FFD1BD5/xctestRunner.app/ <com.example.tryingPatrolMarathonIos.RunnerUITests.xctrunner <installed >:0>"
)
2025-10-31 11:13:38.837 Df gamed[96351:97bbcb] [com.apple.launchservices:appinstallation] LaunchServices observer: Will install (
    "<LSApplicationProxy: 0x600003704480> com.example.tryingPatrolMarathonIos.RunnerUITests.xctrunner file:///Users/osekine/Library/Developer/CoreSimulator/Devices/BCE1DF2D-4C6B-468E-9AC6-0F143386FCDE/data/Containers/Bundle/Application/CCE4D77A-4365-417A-AD87-28141FFD1BD5/xctestRunner.app/ <com.example.tryingPatrolMarathonIos.RunnerUITests.xctrunner <installed >:0>"
)
2025-10-31 11:13:38.835 Df SpringBoard[96282:97bbd6] [com.apple.UserNotificationsUI:Extensions] Loaded extension com.apple.shortcuts.AutomationNotificationContent for categories [ triggerPromptCategory, triggerNotifyBackgroundCategory, triggersEnabledCategory ] with attributes: {
    NSExtensionPointName = "com.apple.usernotifications.content-extension";
    NSExtensionPointVersion = "1.0";
    NSExtensionVersion = "7.0";
    UNNotificationExtensionCategory =     (
        triggerPromptCategory,
        triggerNotifyBackgroundCategory,
        triggersEnabledCategory
    );
    UNNotificationExtensionDefaultContentHidden = 1;
    UNNotificationExtensionInitialContentSizeRatio = "0.5";
}
2025-10-31 11:13:38.837 Df PosterBoard[96346:97aebf] [com.apple.PosterFoundation:Extensions] (0x600002919dc0) Examining extension identity Extension identity [4939F8E8-E3B8-4A37-96ED-F10E652B73FA]: com.apple.ClockPoster.ClockPosterExtension extension point: com.apple.posterkit.provider platform: 7
2025-10-31 11:13:38.837 Df privacyaccountingd[96438:97b0ae] [com.apple.launchservices:appinstallation] LaunchServices observer: Will install (
    "<LSApplicationProxy: 0x600003708000> com.example.tryingPatrolMarathonIos.RunnerUITests.xctrunner file:///Users/osekine/Library/Developer/CoreSimulator/Devices/BCE1DF2D-4C6B-468E-9AC6-0F143386FCDE/data/Containers/Bundle/Application/CCE4D77A-4365-417A-AD87-28141FFD1BD5/xctestRunner.app/ <com.example.tryingPatrolMarathonIos.RunnerUITests.xctrunner <installed >:0>"
)
2025-10-31 11:13:38.837 Df financed[96388:97a238] [com.apple.launchservices:appinstallation] LaunchServices observer: Will install (
    "<LSApplicationProxy: 0x600003709980> com.example.tryingPatrolMarathonIos.RunnerUITests.xctrunner file:///Users/osekine/Library/Developer/CoreSimulator/Devices/BCE1DF2D-4C6B-468E-9AC6-0F143386FCDE/data/Containers/Bundle/Application/CCE4D77A-4365-417A-AD87-28141FFD1BD5/xctestRunner.app/ <com.example.tryingPatrolMarathonIos.RunnerUITests.xctrunner <installed >:0>"
)
2025-10-31 11:13:38.837 Df donotdisturbd[96331:97a271] [com.apple.launchservices:appinstallation] LaunchServices observer: Will install (
    "<LSApplicationProxy: 0x6000037183c0> com.example.tryingPatrolMarathonIos.RunnerUITests.xctrunner file:///Users/osekine/Library/Developer/CoreSimulator/Devices/BCE1DF2D-4C6B-468E-9AC6-0F143386FCDE/data/Containers/Bundle/Application/CCE4D77A-4365-417A-AD87-28141FFD1BD5/xctestRunner.app/ <com.example.tryingPatrolMarathonIos.RunnerUITests.xctrunner <installed >:0>"
)
2025-10-31 11:13:38.837 Df PosterBoard[96346:97aebf] [com.apple.PosterFoundation:Extensions] (0x600002919dc0) Extension identity Extension identity [4939F8E8-E3B8-4A37-96ED-F10E652B73FA]: com.apple.ClockPoster.ClockPosterExtension extension point: com.apple.posterkit.provider platform: 7 already tracked
2025-10-31 11:13:38.838 Df nanotimekitcompaniond[96484:97b0b0] [com.apple.launchservices:appinstallation] LaunchServices observer: Will install (
    "<LSApplicationProxy: 0x600003720000> com.example.tryingPatrolMarathonIos.RunnerUITests.xctrunner file:///Users/osekine/Library/Developer/CoreSimulator/Devices/BCE1DF2D-4C6B-468E-9AC6-0F143386FCDE/data/Containers/Bundle/Application/CCE4D77A-4365-417A-AD87-28141FFD1BD5/xctestRunner.app/ <com.example.tryingPatrolMarathonIos.RunnerUITests.xctrunner <installed >:0>"
)
2025-10-31 11:13:38.838 Df mobiletimerd[96299:97bb87] [com.apple.launchservices:appinstallation] LaunchServices observer: Will install (
    "<LSApplicationProxy: 0x600003710240> com.example.tryingPatrolMarathonIos.RunnerUITests.xctrunner file:///Users/osekine/Library/Developer/CoreSimulator/Devices/BCE1DF2D-4C6B-468E-9AC6-0F143386FCDE/data/Containers/Bundle/Application/CCE4D77A-4365-417A-AD87-28141FFD1BD5/xctestRunner.app/ <com.example.tryingPatrolMarathonIos.RunnerUITests.xctrunner <installed >:0>"
)
2025-10-31 11:13:38.837 Df PosterBoard[96346:97aebf] [com.apple.PosterFoundation:Extensions] (0x600002919dc0) Examining extension identity Extension identity [33B2750C-9100-4E2F-8361-0A2DC3BF7175]: com.apple.WallpaperKit.CollectionsPoster extension point: com.apple.posterkit.provider platform: 7
2025-10-31 11:13:38.838 Df activitysharingd[96533:97bbcd] [com.apple.launchservices:appinstallation] LaunchServices observer: Will install (
    "<LSApplicationProxy: 0x600003710180> com.example.tryingPatrolMarathonIos.RunnerUITests.xctrunner file:///Users/osekine/Library/Developer/CoreSimulator/Devices/BCE1DF2D-4C6B-468E-9AC6-0F143386FCDE/data/Containers/Bundle/Application/CCE4D77A-4365-417A-AD87-28141FFD1BD5/xctestRunner.app/ <com.example.tryingPatrolMarathonIos.RunnerUITests.xctrunner <installed >:0>"
)
2025-10-31 11:13:38.836 Df SpringBoard[96282:97bbd6] [com.apple.UserNotificationsUI:Extensions] Loaded extension com.apple.coreaudio.haenotifications.HAENotificationContentExtension for categories [ hae.loud.ios, hae.weekly.ios ] with attributes: {
    NSExtensionPointName = "com.apple.usernotifications.content-extension";
    NSExtensionPointVersion = "1.0";
    NSExtensionVersion = "1.0";
    UNNotificationExtensionCategory =     (
        "hae.loud.ios",
        "hae.weekly.ios"
    );
    UNNotificationExtensionCustomSectionIdentifier = "com.apple.coreaudio.adam.hae";
    UNNotificationExtensionDefaultContentHidden = 1;
    UNNotificationExtensionInitialContentSizeRatio = "0.1";
    "UNNotificationExtensionUserInteractionEnabled " = 1;
}
2025-10-31 11:13:38.838 Df pkd[96350:97bca4] [com.apple.PlugInKit:discovery] [d DB6B79E4-4DC2-4916-9224-B248DE00114F] Final plugin count: 5
2025-10-31 11:13:38.838 Df installcoordinationd[96396:97bb92] [com.apple.xpc:connection] [0x105504280] activating connection: mach=true listener=false peer=false name=com.apple.mobile.installd
2025-10-31 11:13:38.837 Df PosterBoard[96346:97aebf] [com.apple.PosterFoundation:Extensions] (0x600002919dc0) Extension identity Extension identity [33B2750C-9100-4E2F-8361-0A2DC3BF7175]: com.apple.WallpaperKit.CollectionsPoster extension point: com.apple.posterkit.provider platform: 7 already tracked
2025-10-31 11:13:38.838 Df activityawardsd[96477:97bbca] [com.apple.launchservices:appinstallation] LaunchServices observer: Will install (
    "<LSApplicationProxy: 0x6000037089c0> com.example.tryingPatrolMarathonIos.RunnerUITests.xctrunner file:///Users/osekine/Library/Developer/CoreSimulator/Devices/BCE1DF2D-4C6B-468E-9AC6-0F143386FCDE/data/Containers/Bundle/Application/CCE4D77A-4365-417A-AD87-28141FFD1BD5/xctestRunner.app/ <com.example.tryingPatrolMarathonIos.RunnerUITests.xctrunner <installed >:0>"
)
2025-10-31 11:13:38.838 Df UserEventAgent[96280:977b24] (com.apple.cfnotification) Fired subscription for notification: com.apple.LaunchServices.applicationRegistered
2025-10-31 11:13:38.838 Df sharingd[96306:97bb98] [com.apple.PlugInKit:discovery] [d DB6B79E4-4DC2-4916-9224-B248DE00114F] <PKHost:0x600001707bc0> Completed discovery. Final # of matches: 5
2025-10-31 11:13:38.837 Df PosterBoard[96346:97aebf] [com.apple.PosterFoundation:Extensions] (0x600002919dc0) Examining extension identity Extension identity [4C503D51-35DD-4012-98E5-4CF7837ED7BF]: com.apple.UnityPoster.UnityPosterExtension extension point: com.apple.posterkit.provider platform: 7
2025-10-31 11:13:38.838 Df siriactionsd[96341:97af0a] [com.apple.shortcuts:XPCEvent] Dispatching XPC event: <distributed notification: com.apple.LaunchServices.applicationRegistered, userInfo: [AnyHashable("isPlaceholder"): 1, AnyHashable("bundleIDs"): <__NSSingleObjectArrayI 0x600000028350>(
com.example.tryingPatrolMarathonIos.RunnerUITests.xctrunner
)
]>
2025-10-31 11:13:38.839 Df sleepd[96310:97bbce] [com.apple.launchservices:appinstallation] LaunchServices observer: Will install (
    "<LSApplicationProxy: 0x600003718780> com.example.tryingPatrolMarathonIos.RunnerUITests.xctrunner file:///Users/osekine/Library/Developer/CoreSimulator/Devices/BCE1DF2D-4C6B-468E-9AC6-0F143386FCDE/data/Containers/Bundle/Application/CCE4D77A-4365-417A-AD87-28141FFD1BD5/xctestRunner.app/ <com.example.tryingPatrolMarathonIos.RunnerUITests.xctrunner <installed >:0>"
)
2025-10-31 11:13:38.836 Df SpringBoard[96282:97bbd6] [com.apple.UserNotificationsUI:Extensions] Loaded extension com.apple.MobileSMS.MessagesNotificationExtension for categories [ MessageExtension, MessageExtension-AudioRaise, MessageExtension-Madrid, MessageExtension-MadridGroup, MessageExtension-SMS, MessageExtension-RCS, MessageExtension-MadridBusiness, MessageExtension-NoRelay ] with attributes: {
    NSExtensionPointName = "com.apple.usernotifications.content-extension";
    NSExtensionPointVersion = "1.0";
    NSExtensionVersion = "14.0";
    SFBUISNotificationExtensionDefaultScrollViewNotProvided = 1;
    UNNotificationExtensionCategory =     (
        MessageExtension,
        "MessageExtension-AudioRaise",
        "MessageExtension-Madrid",
        "MessageExtension-MadridGroup",
        "MessageExtension-SMS",
        "MessageExtension-RCS",
        "MessageExtension-MadridBusiness",
        "MessageExtension-NoRelay"
    );
    UNNotificationExtensionDefaultContentHidden = 1;
    UNNotificationExtensionInitialContentSizeRatio = "0.7";
    UNNotificationExtensionOverridesDefaultTitle = 1;
    UNNotificationExtensionUserInter
2025-10-31 11:13:38.838 Df sharingd[96306:97c211] [com.apple.PlugInKit:discovery] <PKDiscoveryDriver:0x600002624360> delivering update to host (5 plugins)
2025-10-31 11:13:38.837 Df PosterBoard[96346:97aebf] [com.apple.PosterFoundation:Extensions] (0x600002919dc0) Extension identity Extension identity [4C503D51-35DD-4012-98E5-4CF7837ED7BF]: com.apple.UnityPoster.UnityPosterExtension extension point: com.apple.posterkit.provider platform: 7 already tracked
2025-10-31 11:13:38.839 Df UserEventAgent[96280:977b24] (com.apple.cfnotification) Fired subscription for notification: com.apple.LaunchServices.applicationRegistered
2025-10-31 11:13:38.839 Df installd[96463:97ae14] [com.apple.xpc:connection] [0x102b04570] activating connection: mach=false listener=false peer=true name=com.apple.mobile.installd.peer[96396].0x102b04570
2025-10-31 11:13:38.839 Df KonaSynthesizer[96553:97bca7] [com.apple.PlugInKit:lifecycle] [u 46736412-C8C3-4296-95D8-BD8C0A240F55] [com.apple.ax.KonaTTSSupport.KonaSynthesizer(1.0)] Set sole personality.
2025-10-31 11:13:38.840 Df sleepd[96310:977b34] [com.apple.Sleep:daemon] [HDSPNotificationListener] received notification Application Installed, taking assertion
2025-10-31 11:13:38.837 Df PosterBoard[96346:97aebf] [com.apple.PosterFoundation:Extensions] (0x600002919dc0) Examining extension identity Extension identity [EB3D10D3-E990-48E2-BE99-95F5C147D33F]: com.apple.NanoUniverse.AegirProxyApp.AegirPoster extension point: com.apple.posterkit.provider platform: 7
2025-10-31 11:13:38.839 Df UserEventAgent[96280:977b24] (com.apple.cfnotification) Fired subscription for notification: com.apple.LaunchServices.applicationRegistered
2025-10-31 11:13:38.839 Df installd[96463:97ae14] (MobileSystemServices) 0x16da5b000 -[MIClientConnection _doInstallationForURL:identity:domain:options:operationType:completion:]: Install of "/Users/osekine/Library/Developer/CoreSimulator/Devices/BCE1DF2D-4C6B-468E-9AC6-0F143386FCDE/data/Containers/Shared/SystemGroup/systemgroup.com.apple.installcoordinationd/Library/InstallCoordination/PromiseStaging/A5DD5D02-9F31-4292-AC50-14D7F1F8C1CD/xctestRunner.app" type Developer (LSInstallType = 0, Domain: MIInstallationDomainDefault) requested by installcoordinationd (pid 96396 (501/20))
2025-10-31 11:13:38.840 Df siriactionsd[96341:97af0a] [com.apple.shortcuts:XPCEvent] Dispatching XPC event: <distributed notification: com.apple.LaunchServices.applicationRegistered, userInfo: [AnyHashable("bundleIDs"): <__NSSingleObjectArrayI 0x600000028890>(
com.example.tryingPatrolMarathonIos.RunnerUITests.xctrunner
)
, AnyHashable("isPlaceholder"): 1]>
2025-10-31 11:13:38.840 Df sleepd[96310:977b34] [com.apple.Sleep:daemon] [HDSPAssertionManager] Taking assertion with identifier Application Installed
2025-10-31 11:13:38.837 Df PosterBoard[96346:97aebf] [com.apple.PosterFoundation:Extensions] (0x600002919dc0) Extension identity Extension identity [EB3D10D3-E990-48E2-BE99-95F5C147D33F]: com.apple.NanoUniverse.AegirProxyApp.AegirPoster extension point: com.apple.posterkit.provider platform: 7 already tracked
2025-10-31 11:13:38.839 Df UserEventAgent[96280:977b24] (com.apple.cfnotification) Fired subscription for notification: com.apple.LaunchServices.applicationRegistered
2025-10-31 11:13:38.837 Df SpringBoard[96282:97bbd6] [com.apple.UserNotificationsUI:Extensions] Loaded extension com.apple.reminderkit.NotificationContentExtension for categories [ com.apple.remindd.reminderAlarm.thisAfternoon.weekend, com.apple.remindd.reminderAlarm.nextMorning.weekend, com.apple.remindd.reminderAlarm.tonight.weekend, com.apple.remindd.reminderAlarm.tonight, com.apple.remindd.reminderAlarm.thisAfternoon, com.apple.remindd.reminderAlarm.nextMorning ] with attributes: {
    NSExtensionPointName = "com.apple.usernotifications.content-extension";
    NSExtensionPointVersion = "1.0";
    NSExtensionVersion = "1.0";
    UNNotificationExtensionCategory =     (
        "com.apple.remindd.reminderAlarm.thisAfternoon.weekend",
        "com.apple.remindd.reminderAlarm.nextMorning.weekend",
        "com.apple.remindd.reminderAlarm.tonight.weekend",
        "com.apple.remindd.reminderAlarm.tonight",
        "com.apple.remindd.reminderAlarm.thisAfternoon",
        "com.apple.remindd.reminderAlarm.nextMorning"
    );
    UNNotificationExtensionCustomSectionIdentifier = "com.apple.reminders";
    UNNotificationExtensionDefaultConten
2025-10-31 11:13:38.840 Df sleepd[96310:977b34] [com.apple.Sleep:daemon] [HDSPAssertionManager] Releasing assertion with identifier Application Installed
2025-10-31 11:13:38.837 Df PosterBoard[96346:97aebf] [com.apple.PosterFoundation:Extensions] (0x600002919dc0) Examining extension identity Extension identity [EB49DB0D-1E3A-41DF-8CDD-F7E01D1A5977]: com.apple.PridePoster.PridePosterExtension extension point: com.apple.posterkit.provider platform: 7
2025-10-31 11:13:38.839 Df UserEventAgent[96280:977b24] (com.apple.cfnotification) Fired subscription for notification: com.apple.LaunchServices.applicationRegistered
2025-10-31 11:13:38.838 Df PosterBoard[96346:97aebf] [com.apple.PosterFoundation:Extensions] (0x600002919dc0) Extension identity Extension identity [EB49DB0D-1E3A-41DF-8CDD-F7E01D1A5977]: com.apple.PridePoster.PridePosterExtension extension point: com.apple.posterkit.provider platform: 7 already tracked
2025-10-31 11:13:38.839 Df UserEventAgent[96280:977b24] (com.apple.cfnotification) Fired subscription for notification: com.apple.LaunchServices.applicationRegistered
2025-10-31 11:13:38.838 E  SpringBoard[96282:97bbd6] [com.apple.UserNotificationsUI:Extensions] Invalid value for UNNotificationExtensionCategory in Info.plist
2025-10-31 11:13:38.841 Df healthd[96294:97808a] [com.apple.HealthKit:default] Received distnoted notification "com.apple.LaunchServices.applicationRegistered"
2025-10-31 11:13:38.838 Df PosterBoard[96346:97aebf] [com.apple.PosterFoundation:Extensions] (0x600002919dc0) Examining extension identity Extension identity [16714BA1-C02A-48B0-9DF8-BC4166505643]: com.apple.MercuryPoster extension point: com.apple.posterkit.provider platform: 7
2025-10-31 11:13:38.839 Df UserEventAgent[96280:977b24] (com.apple.cfnotification) Fired subscription for notification: com.apple.LaunchServices.applicationRegistered
2025-10-31 11:13:38.838 Df SpringBoard[96282:97bbd6] [com.apple.UserNotificationsUI:Extensions] Loaded extension com.apple.UserNotificationsUIKit.DefaultUIExtension for categories [  ] with attributes: {
    NSExtensionPointName = "com.apple.usernotifications.content-extension";
    NSExtensionPointVersion = "1.0";
    NSExtensionVersion = "1.0";
    UNNotificationExtensionInitialContentSizeRatio = 0;
    UNNotificationExtensionUserInteractionEnabled = 1;
}
2025-10-31 11:13:38.839 Df PosterBoard[96346:97aebf] [com.apple.PosterFoundation:Extensions] (0x600002919dc0) Extension identity Extension identity [16714BA1-C02A-48B0-9DF8-BC4166505643]: com.apple.MercuryPoster extension point: com.apple.posterkit.provider platform: 7 already tracked
2025-10-31 11:13:38.840 Df UserEventAgent[96280:977b24] (com.apple.cfnotification) Fired subscription for notification: com.apple.LaunchServices.applicationRegistered
2025-10-31 11:13:38.839 E  SpringBoard[96282:97bbd6] [com.apple.UserNotificationsUI:Extensions] Invalid value for UNNotificationExtensionCategory in Info.plist
2025-10-31 11:13:38.839 Df PosterBoard[96346:97aebf] [com.apple.PosterFoundation:Extensions] (0x600002919dc0) Examining extension identity Extension identity [388E4099-FEA4-4744-BD3A-C9FD8D2FFE5A]: com.apple.WatchFacesWallpaperSupport.RhizomePoster extension point: com.apple.posterkit.provider platform: 7
2025-10-31 11:13:38.840 Df UserEventAgent[96280:977b24] (com.apple.cfnotification) Fired subscription for notification: com.apple.LaunchServices.applicationRegistered
2025-10-31 11:13:38.840 Df chronod[96336:977c3e] [com.apple.chrono:wake] Wake event received [distnoted]: application-installed
2025-10-31 11:13:38.840 Df PosterBoard[96346:97aebf] [com.apple.PosterFoundation:Extensions] (0x600002919dc0) Extension identity Extension identity [388E4099-FEA4-4744-BD3A-C9FD8D2FFE5A]: com.apple.WatchFacesWallpaperSupport.RhizomePoster extension point: com.apple.posterkit.provider platform: 7 already tracked
2025-10-31 11:13:38.840 Df UserEventAgent[96280:977b24] (com.apple.cfnotification) Fired subscription for notification: com.apple.LaunchServices.applicationRegistered
2025-10-31 11:13:38.840 E  SpringBoard[96282:97bbd6] [com.apple.UserNotificationsUI:Extensions] Invalid value for UNNotificationExtensionCustomSectionIdentifier in Info.plist
2025-10-31 11:13:38.840 Df PosterBoard[96346:97aebf] [com.apple.PosterFoundation:Extensions] (0x600002919dc0) Examining extension identity Extension identity [2FFB4AC3-0B85-4268-A74D-C944E9128C7F]: com.apple.WatchFacesWallpaperSupport.ExtragalacticPoster extension point: com.apple.posterkit.provider platform: 7
2025-10-31 11:13:38.840 Df UserEventAgent[96280:977b24] (com.apple.cfnotification) Fired subscription for notification: com.apple.LaunchServices.applicationRegistered
2025-10-31 11:13:38.840 Df SpringBoard[96282:97bbd6] [com.apple.UserNotificationsUI:Extensions] Loaded extension com.apple.accessibility.RTTUI.RTTNotifications for categories [ com.apple.RTTNotifications.message ] with attributes: {
    NSExtensionPointName = "com.apple.usernotifications.content-extension";
    NSExtensionPointVersion = "1.0";
    NSExtensionVersion = 1;
    UNNotificationExtensionCategory =     (
        "com.apple.RTTNotifications.message"
    );
    UNNotificationExtensionCustomSectionIdentifier = "com.apple.RTTNotifications";
    UNNotificationExtensionDefaultContentHidden = 1;
    UNNotificationExtensionInitialContentSizeRatio = 1;
    UNNotificationExtensionOverridesDefaultTitle = 1;
    UNNotificationExtensionUserInteractionEnabled = 1;
}
2025-10-31 11:13:38.841 Df PosterBoard[96346:97aebf] [com.apple.PosterFoundation:Extensions] (0x600002919dc0) Extension identity Extension identity [2FFB4AC3-0B85-4268-A74D-C944E9128C7F]: com.apple.WatchFacesWallpaperSupport.ExtragalacticPoster extension point: com.apple.posterkit.provider platform: 7 already tracked
2025-10-31 11:13:38.841 Df UserEventAgent[96280:977b24] (com.apple.cfnotification) Fired subscription for notification: com.apple.LaunchServices.applicationRegistered
2025-10-31 11:13:38.841 Df PosterBoard[96346:97aebf] [com.apple.PosterFoundation:Extensions] (0x600002919dc0) Role Predicate rejected extension identity Extension identity [73EAEC2B-5306-40C3-94B7-02DDC14E60DB]: com.apple.ContactsUI.MonogramPosterExtension extension point: com.apple.posterkit.provider platform: 7
2025-10-31 11:13:38.841 Df UserEventAgent[96280:977b24] (com.apple.cfnotification) Fired subscription for notification: com.apple.LaunchServices.applicationRegistered
2025-10-31 11:13:38.841 Df SpringBoard[96282:97bbd6] [com.apple.UserNotificationsUI:Extensions] Loaded extension com.apple.ScreenTimeUI.ScreenTimeNotificationContentExtension for categories [ com.apple.screentime.weekly-usage-report ] with attributes: {
    NSExtensionPointName = "com.apple.usernotifications.content-extension";
    NSExtensionPointVersion = "1.0";
    NSExtensionVersion = "3.0";
    UNNotificationExtensionCategory = "com.apple.screentime.weekly-usage-report";
    UNNotificationExtensionCustomSectionIdentifier = "com.apple.ScreenTimeNotifications";
    UNNotificationExtensionDefaultContentHidden = 1;
    UNNotificationExtensionInitialContentSizeRatio = 1;
}
2025-10-31 11:13:38.841 Df sharingd[96306:97c211] [com.apple.extensionkit:NSExtension] discovered extensions: attributes {
    NSExtensionActivationRule =     {
        extensionItems =         (
                        {
                attachments =                 (
                                        {
                        registeredTypeIdentifiers =                         (
                            "public.image"
                        );
                    }
                );
            }
        );
    };
    NSExtensionPointName =     (
        "com.apple.share-services",
        "com.apple.ui-services",
        "com.apple.services"
    );
}, extensionSet {(
    <EXConcreteExtension: 0x600003704fc0> {id = com.apple.shortcuts.Run-Workflow},
    <EXConcreteExtension: 0x600003704600> {id = com.apple.reminders.sharingextension},
    <EXConcreteExtension: 0x600003704d80> {id = com.apple.DocumentManagerUICore.SaveToFiles},
    <EXConcreteExtension: 0x6000037086c0> {id = com.apple.NanoTimeKit.CreateWatchFace},
    <EXConcreteExtension: 0x600003718480> {id = com.apple.mobileslideshow.StreamShareService}
)}
2025-10-31 11:13:38.841 Df PosterBoard[96346:97aebf] [com.apple.PosterFoundation:Extensions] (0x600002919dc0) Examining extension identity Extension identity [E0F2D8C3-2C29-4B52-8D93-D9F4BAE98DB0]: com.apple.PhotosUIPrivate.PhotosPosterProvider extension point: com.apple.posterkit.provider platform: 7
2025-10-31 11:13:38.844 Df pkd[96350:97bca4] [com.apple.PlugInKit:discovery] [d D7C9E13F-E317-471F-B06D-15444CF0E390] Final plugin count: 2
2025-10-31 11:13:38.841 Df UserEventAgent[96280:977b24] (com.apple.cfnotification) Fired subscription for notification: com.apple.LaunchServices.applicationRegistered
2025-10-31 11:13:38.842 Df sharingd[96306:97c211] [com.apple.ShareSheet:ShareSheet] ExtensionsCache: 5 new extensions from NSExtension for cache key = [public.image/com.apple.services|com.apple.share-services|com.apple.ui-services]
2025-10-31 11:13:38.842 Df PosterBoard[96346:97aebf] [com.apple.PosterFoundation:Extensions] (0x600002919dc0) Extension identity Extension identity [E0F2D8C3-2C29-4B52-8D93-D9F4BAE98DB0]: com.apple.PhotosUIPrivate.PhotosPosterProvider extension point: com.apple.posterkit.provider platform: 7 already tracked
2025-10-31 11:13:38.842 Df UserEventAgent[96280:977b24] (com.apple.cfnotification) Fired subscription for notification: com.apple.LaunchServices.applicationRegistered
2025-10-31 11:13:38.842 Df SpringBoard[96282:97bbd6] [com.apple.UserNotificationsUI:Extensions] Loaded extension com.apple.Passbook.NotificationContentExtension for categories [ PKPaymentTransactionNotificationCategory, PKTransitPaymentTransactionNotificationCategory, PDUserNotificationTypePassTransitRelevancy ] with attributes: {
    NSExtensionPointName = "com.apple.usernotifications.content-extension";
    NSExtensionPointVersion = "1.0";
    NSExtensionVersion = "1.0";
    UNNotificationExtensionCategory =     (
        PKPaymentTransactionNotificationCategory,
        PKTransitPaymentTransactionNotificationCategory,
        PDUserNotificationTypePassTransitRelevancy
    );
    UNNotificationExtensionDefaultContentHidden = 1;
    UNNotificationExtensionInitialContentSizeRatio = "0.5";
}
2025-10-31 11:13:38.844 Df sharingd[96306:97bb98] [com.apple.PlugInKit:discovery] [d D7C9E13F-E317-471F-B06D-15444CF0E390] <PKHost:0x600001707bc0> Completed discovery. Final # of matches: 2
2025-10-31 11:13:38.842 Df PosterBoard[96346:97aebf] [com.apple.PosterFoundation:Extensions] (0x600002919dc0) Examining extension identity Extension identity [28C6CF9A-C7A0-4D71-9CE7-CE0AE1DE1FE9]: com.apple.GradientPoster.GradientPosterExtension extension point: com.apple.posterkit.provider platform: 7
2025-10-31 11:13:38.842 Df UserEventAgent[96280:977b24] (com.apple.cfnotification) Fired subscription for notification: com.apple.LaunchServices.applicationRegistered
2025-10-31 11:13:38.845 Df liveactivitiesd[96327:977ba4] [com.apple.activitykit:wake] Wake event received [distnoted]: application-installed
2025-10-31 11:13:38.844 Df sharingd[96306:97c211] [com.apple.PlugInKit:discovery] <PKDiscoveryDriver:0x6000026112c0> delivering update to host (2 plugins)
2025-10-31 11:13:38.842 Df PosterBoard[96346:97aebf] [com.apple.PosterFoundation:Extensions] (0x600002919dc0) Extension identity Extension identity [28C6CF9A-C7A0-4D71-9CE7-CE0AE1DE1FE9]: com.apple.GradientPoster.GradientPosterExtension extension point: com.apple.posterkit.provider platform: 7 already tracked
2025-10-31 11:13:38.842 Df UserEventAgent[96280:977b24] (com.apple.cfnotification) Fired subscription for notification: com.apple.LaunchServices.applicationRegistered
2025-10-31 11:13:38.843 Df PosterBoard[96346:97aebf] [com.apple.PosterFoundation:Extensions] (0x600002919dc0) Examining extension identity Extension identity [B2A8F2E9-BAB3-46FD-8496-374967EC1072]: com.apple.PhotosUIPrivate.PhotosAmbientPosterProvider extension point: com.apple.posterkit.provider platform: 7
2025-10-31 11:13:38.843 Df UserEventAgent[96280:977b24] (com.apple.cfnotification) Fired subscription for notification: com.apple.LaunchServices.applicationRegistered
2025-10-31 11:13:38.843 Df SpringBoard[96282:97bbd6] [com.apple.UserNotificationsUI:Extensions] Loaded extension com.apple.AppleMediaServicesUI.AMSEngagementNotificationsExtension for categories [ ams-notifications-extension ] with attributes: {
    NSExtensionPointName = "com.apple.usernotifications.content-extension";
    NSExtensionPointVersion = "1.0";
    NSExtensionVersion = "1.0";
    UNNotificationExtensionCategory =     (
        "ams-notifications-extension"
    );
    UNNotificationExtensionCustomSectionIdentifier = "com.apple.AppleMediaServicesUI.engagement.notifications";
    UNNotificationExtensionDefaultContentHidden = 1;
    UNNotificationExtensionInitialContentSizeRatio = "0.1";
    UNNotificationExtensionUserInteractionEnabled = 1;
}
2025-10-31 11:13:38.843 Df PosterBoard[96346:97aebf] [com.apple.PosterFoundation:Extensions] (0x600002919dc0) Extension identity Extension identity [B2A8F2E9-BAB3-46FD-8496-374967EC1072]: com.apple.PhotosUIPrivate.PhotosAmbientPosterProvider extension point: com.apple.posterkit.provider platform: 7 already tracked
2025-10-31 11:13:38.843 Df UserEventAgent[96280:977b24] (com.apple.cfnotification) Fired subscription for notification: com.apple.LaunchServices.applicationRegistered
2025-10-31 11:13:38.843 Df PosterBoard[96346:97aebf] [com.apple.PosterFoundation:Extensions] (0x600002919dc0) Role Predicate rejected extension identity Extension identity [3543F247-5FEA-4EE3-BFA5-9AC18FCC9A42]: com.apple.AvatarUI.AvatarPosterExtension extension point: com.apple.posterkit.provider platform: 7
2025-10-31 11:13:38.843 Df UserEventAgent[96280:977b24] (com.apple.cfnotification) Fired subscription for notification: com.apple.LaunchServices.applicationRegistered
2025-10-31 11:13:38.843 Df SpringBoard[96282:97bbd6] [com.apple.UserNotificationsUI:Extensions] Loaded extension com.apple.mobileslideshow.photosnotifications-updates for categories [ updates, updatesLiked, updatesCommented, invitations, invitationsWithJunkReport, expiringCMMs, readyToViewInvitationCMM, sharedLibrarySuggestions, sharedLibraryParticipantAssetTrashNotification ] with attributes: {
    NSExtensionPointName = "com.apple.usernotifications.content-extension";
    NSExtensionPointVersion = "1.0";
    NSExtensionVersion = "1.0";
    UNNotificationExtensionCategory =     (
        updates,
        updatesLiked,
        updatesCommented,
        invitations,
        invitationsWithJunkReport,
        expiringCMMs,
        readyToViewInvitationCMM,
        sharedLibrarySuggestions,
        sharedLibraryParticipantAssetTrashNotification
    );
    UNNotificationExtensionInitialContentSizeRatio = "0.02";
}
2025-10-31 11:13:38.843 Df chronod[96336:97bb96] [com.apple.extensionkit:NSExtension] discovered extensions: attributes {
    NSExtensionPointName =     (
        "com.apple.widgetkit-extension"
    );
}, extensionSet {(
    <EXConcreteExtension: 0x600003714780> {id = com.apple.settingsandcoreapps.SoundAndHapticsControls},
    <EXConcreteExtension: 0x600003714600> {id = com.apple.Passbook.PassbookWidgets},
    <EXConcreteExtension: 0x600003714540> {id = com.apple.Health.HealthMentalHealthWidgetExtension},
    <EXConcreteExtension: 0x6000037543c0> {id = com.apple.GeneralSettingsIntents},
    <EXConcreteExtension: 0x60000371b300> {id = com.apple.TVRemoteUIService.TVRemoteWidget},
    <EXConcreteExtension: 0x600003714900> {id = com.apple.news.widget},
    <EXConcreteExtension: 0x60000374d380> {id = com.apple.PassbookStub.PassbookWidgets},
    <EXConcreteExtension: 0x6000037246c0> {id = com.apple.Maps.GeneralMapsWidget},
    <EXConcreteExtension: 0x600003754480> {id = com.apple.siri.TypeToSiriWidget},
    <EXConcreteExtension: 0x60000371a040> {id = com.apple.Batteries.BatteriesAvocadoWidgetExtension},
    <EXConcreteExtension: 0x
2025-10-31 11:13:38.844 Df PosterBoard[96346:97aebf] [com.apple.PosterFoundation:Extensions] (0x600002919dc0) Examining extension identity Extension identity [161D7E60-D2B2-4DB5-8ACF-A7D388EDCA03]: com.apple.PaperBoard.LegacyPoster extension point: com.apple.posterkit.provider platform: 7
2025-10-31 11:13:38.844 Df UserEventAgent[96280:977b24] (com.apple.cfnotification) Fired subscription for notification: com.apple.LaunchServices.applicationRegistered
2025-10-31 11:13:38.844 Df chronod[96336:97bb96] [com.apple.chrono:extensions] Received new extension list.
2025-10-31 11:13:38.844 Df PosterBoard[96346:97aebf] [com.apple.PosterFoundation:Extensions] (0x600002919dc0) Extension identity Extension identity [161D7E60-D2B2-4DB5-8ACF-A7D388EDCA03]: com.apple.PaperBoard.LegacyPoster extension point: com.apple.posterkit.provider platform: 7 already tracked
2025-10-31 11:13:38.844 Df UserEventAgent[96280:977b24] (com.apple.cfnotification) Fired subscription for notification: com.apple.LaunchServices.applicationRegistered
2025-10-31 11:13:38.844 Df chronod[96336:97bb96] [com.apple.chrono:extensions] No direct container found for extension: com.apple.settingsandcoreapps.SoundAndHapticsControls - looking for effective container bundle identifier.
2025-10-31 11:13:38.844 Df sharingd[96306:97c211] [com.apple.extensionkit:NSExtension] discovered extensions: attributes {
    NSExtensionActivationRule =     {
        extensionItems =         (
                        {
                attachments =                 (
                                        {
                        registeredTypeIdentifiers =                         (
                            "public.plain-text"
                        );
                    },
                                        {
                        registeredTypeIdentifiers =                         (
                            "com.apple.mapkit.map-item"
                        );
                    },
                                        {
                        registeredTypeIdentifiers =                         (
                            "public.url"
                        );
                    }
                );
            }
        );
    };
    NSExtensionPointName =     (
        "com.apple.share-services",
        "com.apple.ui-services",
        "com.apple.services"
    );
}, extensionSet {(
    <EXConcr
2025-10-31 11:13:38.844 Df PosterBoard[96346:97aebf] [com.apple.PosterFoundation:Extensions] (0x600002919dc0) Examining extension identity Extension identity [3DE57BD7-991C-4350-A648-F5CAE1B9D942]: com.apple.WatchFacesWallpaperSupport.KaleidoscopePoster extension point: com.apple.posterkit.provider platform: 7
2025-10-31 11:13:38.845 Df UserEventAgent[96280:977b24] (com.apple.cfnotification) Fired subscription for notification: com.apple.LaunchServices.applicationRegistered
2025-10-31 11:13:38.845 Df SpringBoard[96282:97bbd6] [com.apple.UserNotificationsUI:Extensions] Loaded extension com.apple.EmergencyAlerts.EmergencyAlertsUIExtension for categories [ alert-configurable-detailed, alert-detailed, alert-configurable-spinner, alert-spinner ] with attributes: {
    NSExtensionPointName = "com.apple.usernotifications.content-extension";
    NSExtensionPointVersion = "1.0";
    NSExtensionVersion = "1.0";
    UNNotificationExtensionCategory =     (
        "alert-configurable-detailed",
        "alert-detailed",
        "alert-configurable-spinner",
        "alert-spinner"
    );
    UNNotificationExtensionCustomSectionIdentifier = "com.apple.cmas";
    UNNotificationExtensionDefaultContentHidden = 1;
    UNNotificationExtensionInitialContentSizeRatio = "0.5";
    UNNotificationExtensionUserInteractionEnabled = 1;
}
2025-10-31 11:13:38.845 Df sharingd[96306:97c211] [com.apple.ShareSheet:ShareSheet] ExtensionsCache: 2 new extensions from NSExtension for cache key = [com.apple.mapkit.map-item|public.plain-text|public.url/com.apple.services|com.apple.share-services|com.apple.ui-services]
2025-10-31 11:13:38.845 Df PosterBoard[96346:97aebf] [com.apple.PosterFoundation:Extensions] (0x600002919dc0) Extension identity Extension identity [3DE57BD7-991C-4350-A648-F5CAE1B9D942]: com.apple.WatchFacesWallpaperSupport.KaleidoscopePoster extension point: com.apple.posterkit.provider platform: 7 already tracked
2025-10-31 11:13:38.845 Df UserEventAgent[96280:977b24] (com.apple.cfnotification) Fired subscription for notification: com.apple.LaunchServices.applicationRegistered
2025-10-31 11:13:38.845 Df chronod[96336:97bb96] [com.apple.chrono:extensions] Found effective container bundle identifier: com.apple.Preferences
2025-10-31 11:13:38.845 Df PosterBoard[96346:97aebf] [com.apple.PosterFoundation:Extensions] (0x600002919dc0) Examining extension identity Extension identity [B823CA59-1A8A-43E2-9427-1E4EE7BD235D]: com.apple.WatchFacesWallpaperSupport.Unity2025Poster extension point: com.apple.posterkit.provider platform: 7
2025-10-31 11:13:38.845 Df UserEventAgent[96280:977b24] (com.apple.cfnotification) Fired subscription for notification: com.apple.LaunchServices.applicationRegistered
2025-10-31 11:13:38.845 Df SpringBoard[96282:97bbd6] [com.apple.UserNotificationsUI:Extensions] Loaded extension com.apple.news.articlenotificationextension for categories [ extension-article ] with attributes: {
    NSExtensionPointName = "com.apple.usernotifications.content-extension";
    NSExtensionPointVersion = "1.0";
    NSExtensionVersion = "4.0";
    UNNotificationExtensionCategory =     (
        "extension-article"
    );
    UNNotificationExtensionDefaultContentHidden = 1;
    UNNotificationExtensionInitialContentSizeRatio = "1.32";
}
2025-10-31 11:13:38.847 Df chronod[96336:97bb96] [com.apple.chrono:extensions] No direct container found for extension: com.apple.GeneralSettingsIntents - looking for effective container bundle identifier.
2025-10-31 11:13:38.846 Df PosterBoard[96346:97aebf] [com.apple.PosterFoundation:Extensions] (0x600002919dc0) Extension identity Extension identity [B823CA59-1A8A-43E2-9427-1E4EE7BD235D]: com.apple.WatchFacesWallpaperSupport.Unity2025Poster extension point: com.apple.posterkit.provider platform: 7 already tracked
2025-10-31 11:13:38.846 Df UserEventAgent[96280:977b24] (com.apple.cfnotification) Fired subscription for notification: com.apple.LaunchServices.applicationRegistered
2025-10-31 11:13:38.848 Df installcoordinationd[96396:97989f] [com.apple.installcoordination:daemon] -[IXSClientConnection _client_coordinatorWithUUID:didUpdateProgress:forPhase:overallProgress:]: Client SpringBoard (pid 96282) was not interested in coordinator UUID 1488EA9F-B7A8-4618-AB93-649707592AE5
2025-10-31 11:13:38.846 Df PosterBoard[96346:97aebf] [com.apple.PosterFoundation:Extensions] (0x600002919dc0) Examining extension identity Extension identity [2E0570BB-6225-419F-804F-D4BC22480999]: com.apple.EmojiPoster.EmojiPosterExtension extension point: com.apple.posterkit.provider platform: 7
2025-10-31 11:13:38.848 Df installcoordinationd[96396:97989f] [com.apple.installcoordination:daemon] -[IXSClientConnection _client_coordinatorWithUUID:didUpdateProgress:forPhase:overallProgress:]: Client appstored (pid 96374) was not interested in coordinator UUID 1488EA9F-B7A8-4618-AB93-649707592AE5
2025-10-31 11:13:38.847 Df chronod[96336:97bb96] [com.apple.chrono:extensions] Found effective container bundle identifier: com.apple.Preferences
2025-10-31 11:13:38.846 Df PosterBoard[96346:97aebf] [com.apple.PosterFoundation:Extensions] (0x600002919dc0) Extension identity Extension identity [2E0570BB-6225-419F-804F-D4BC22480999]: com.apple.EmojiPoster.EmojiPosterExtension extension point: com.apple.posterkit.provider platform: 7 already tracked
2025-10-31 11:13:38.846 Df SpringBoard[96282:97bbd6] [com.apple.UserNotificationsUI:Extensions] Loaded extension com.apple.CalendarNotification.CalendarContentExtension for categories [ com.apple.calendar.notifications.TriggeredEvent, com.apple.calendar.notifications.TriggeredEvent.Snooze, com.apple.calendar.notifications.TriggeredEvent.Directions, com.apple.calendar.notifications.TriggeredEvent.ConferenceCall, com.apple.calendar.notifications.TriggeredEvent.MailOrganizer, com.apple.calendar.notifications.TriggeredEvent.Directions.Snooze, com.apple.calendar.notifications.TriggeredEvent.ConferenceCall.Snooze, com.apple.calendar.notifications.TriggeredEvent.MailOrganizer.Snooze, com.apple.calendar.notifications.TriggeredEvent.Directions.ConferenceCall, com.apple.calendar.notifications.TriggeredEvent.Directions.MailOrganizer, com.apple.calendar.notifications.TriggeredEvent.ConferenceCall.MailOrganizer, com.apple.calendar.notifications.TriggeredEvent.Directions.ConferenceCall.Snooze, com.apple.calendar.notifications.TriggeredEvent.Directions.ConferenceCall.MailOrganizer, com.apple.calendar.notifications.TriggeredEvent.Directi<…> ] with attributes: <decode: missing data>
2025-10-31 11:13:38.849 Df CoreSimulatorBridge[96313:97c1f2] [com.apple.installcoordination:framework] -[IXAppInstallCoordinator _clientDelegate_didUpdateProgress:forPhase:overallProgress:]: <IXUpdatingAppInstallCoordinator<0x600001712a00> identity:[com.example.tryingPatrolMarathonIos.RunnerUITests.xctrunner/Invalid] uuid:1488EA9F-B7A8-4618-AB93-649707592AE5 creator:InstallCoordination Simple SPI>: Got did update progress delegate with percentComplete 5.000000 phase IXCoordinatorProgressPhaseInstalling overallProgress 62.000000
2025-10-31 11:13:38.848 Df installcoordinationd[96396:97989f] [com.apple.installcoordination:daemon] -[IXSClientConnection _client_coordinatorWithUUID:didUpdateProgress:forPhase:overallProgress:]: Dispatching _client_coordinatorWithUUID:uuid didUpdateProgress:percentComplete forPhase:phase overallProgress:overallProgress to <IXSClientConnection<0x6000026152c0> client:CoreSimulatorBridge (pid 96313) uuid:7CCCBE15-6580-4902-84DF-135C62CF0422>
2025-10-31 11:13:38.848 Df runningboardd[96287:97bbc3] [com.apple.runningboard:ttl] Invalidating assertion 96287-96346-596 (target:[osservice<com.apple.PosterBoard>:96346]) from originator [osservice<com.apple.PosterBoard>:96346]
2025-10-31 11:13:38.847 Df PosterBoard[96346:97aebf] [com.apple.PosterFoundation:Extensions] (0x600002919dc0) Examining extension identity Extension identity [2F0455EA-7D64-4B10-B625-9E0A96BD35B4]: com.apple.ambient.AmbientUI.InfographPoster extension point: com.apple.posterkit.provider platform: 7
2025-10-31 11:13:38.849 Df CoreSimulatorBridge[96313:97c1f2] [com.apple.installcoordination:framework] -[IXAppInstallCoordinator _clientDelegate_didUpdateProgress:forPhase:overallProgress:]: <IXUpdatingAppInstallCoordinator<0x600001712a00> identity:[com.example.tryingPatrolMarathonIos.RunnerUITests.xctrunner/Invalid] uuid:1488EA9F-B7A8-4618-AB93-649707592AE5 creator:InstallCoordination Simple SPI>: Got did update progress delegate with percentComplete 15.000000 phase IXCoordinatorProgressPhaseInstalling overallProgress 66.000000
2025-10-31 11:13:38.848 Df installcoordinationd[96396:97989f] [com.apple.installcoordination:daemon] -[IXSClientConnection _client_coordinatorWithUUID:didUpdateProgress:forPhase:overallProgress:]: Client SpringBoard (pid 96282) was not interested in coordinator UUID 1488EA9F-B7A8-4618-AB93-649707592AE5
2025-10-31 11:13:38.847 Df PosterBoard[96346:97aebf] [com.apple.PosterFoundation:Extensions] (0x600002919dc0) Extension identity Extension identity [2F0455EA-7D64-4B10-B625-9E0A96BD35B4]: com.apple.ambient.AmbientUI.InfographPoster extension point: com.apple.posterkit.provider platform: 7 already tracked
2025-10-31 11:13:38.847 Df SpringBoard[96282:97bbd6] [com.apple.UserNotificationsUI:Extensions] Loaded extension com.apple.BarcodeSupport.BarcodeNotificationExtension for categories [ barcodeNotificationCategory ] with attributes: {
    NSExtensionPointName = "com.apple.usernotifications.content-extension";
    NSExtensionPointVersion = "1.0";
    NSExtensionVersion = 1001;
    UNNotificationExtensionCategory = barcodeNotificationCategory;
    UNNotificationExtensionCustomSectionIdentifier =     (
        "com.apple.barcodesupport.qrcode",
        "com.apple.barcodesupport.nfc"
    );
    UNNotificationExtensionDefaultContentHidden = 1;
    UNNotificationExtensionInitialContentSizeRatio = 1;
}
2025-10-31 11:13:38.849 Df CoreSimulatorBridge[96313:97c1f2] [com.apple.installcoordination:framework] -[IXAppInstallCoordinator _clientDelegate_didUpdateProgress:forPhase:overallProgress:]_block_invoke: <IXUpdatingAppInstallCoordinator<0x600001712a00> identity:[com.example.tryingPatrolMarathonIos.RunnerUITests.xctrunner/Invalid] uuid:1488EA9F-B7A8-4618-AB93-649707592AE5 creator:InstallCoordination Simple SPI>: Calling selector coordinator:didUpdateProgress:forPhase:overallProgress: on observer <_IXSimpleInstallerDelegate 0x0x600000c2d0e0>
2025-10-31 11:13:38.848 Df installcoordinationd[96396:97989f] [com.apple.installcoordination:daemon] -[IXSClientConnection _client_coordinatorWithUUID:didUpdateProgress:forPhase:overallProgress:]: Client appstored (pid 96374) was not interested in coordinator UUID 1488EA9F-B7A8-4618-AB93-649707592AE5
2025-10-31 11:13:38.847 Df PosterBoard[96346:97aebf] [com.apple.PosterFoundation:Extensions] (0x600002919dc0) Extension update received; no updates found.
2025-10-31 11:13:38.850 Df chronod[96336:97bb96] [com.apple.chrono:extensions] No direct container found for extension: com.apple.BluetoothSettingsApp.BluetoothSettingsAppIntentsWidget - looking for effective container bundle identifier.
2025-10-31 11:13:38.849 Df CoreSimulatorBridge[96313:97c1f2] [com.apple.installcoordination:framework] -[IXAppInstallCoordinator _clientDelegate_didUpdateProgress:forPhase:overallProgress:]_block_invoke: <IXUpdatingAppInstallCoordinator<0x600001712a00> identity:[com.example.tryingPatrolMarathonIos.RunnerUITests.xctrunner/Invalid] uuid:1488EA9F-B7A8-4618-AB93-649707592AE5 creator:InstallCoordination Simple SPI>: Calling selector coordinator:didUpdateProgress:forPhase:overallProgress: on observer <_IXSimpleInstallerDelegate 0x0x600000c2d0e0>
